<?xml version="1.0"?>
<link_info>
   <banner>TMS320C2000 Linker PC v16.6.0.STS</banner>
   <copyright>Copyright (c) 1996-2015 Texas Instruments Incorporated</copyright>
   <link_time>0x59515eea</link_time>
   <link_errors>0x0</link_errors>
   <output_file>PingPong.out</output_file>
   <entry_point>
      <name>_c_int00</name>
      <address>0xa925</address>
   </entry_point>
   <input_file_list>
      <input_file id="fl-2">
         <path>.\</path>
         <kind>object</kind>
         <file>SoundIn_SoundOut.obj</file>
         <name>SoundIn_SoundOut.obj</name>
      </input_file>
      <input_file id="fl-3">
         <path>.\</path>
         <kind>object</kind>
         <file>Sram.obj</file>
         <name>Sram.obj</name>
      </input_file>
      <input_file id="fl-4">
         <path>.\</path>
         <kind>object</kind>
         <file>analogToDigitalConverter.obj</file>
         <name>analogToDigitalConverter.obj</name>
      </input_file>
      <input_file id="fl-5">
         <path>.\</path>
         <kind>object</kind>
         <file>audioCntrl.obj</file>
         <name>audioCntrl.obj</name>
      </input_file>
      <input_file id="fl-6">
         <path>.\</path>
         <kind>object</kind>
         <file>digitalToAnalogConverter.obj</file>
         <name>digitalToAnalogConverter.obj</name>
      </input_file>
      <input_file id="fl-7">
         <path>.\</path>
         <kind>object</kind>
         <file>timer.obj</file>
         <name>timer.obj</name>
      </input_file>
      <input_file id="fl-8">
         <path>.\</path>
         <kind>object</kind>
         <file>timer2.obj</file>
         <name>timer2.obj</name>
      </input_file>
      <input_file id="fl-9">
         <path>.\C28x_FPU_LIB\</path>
         <kind>object</kind>
         <file>CFFT_f32.obj</file>
         <name>CFFT_f32.obj</name>
      </input_file>
      <input_file id="fl-a">
         <path>.\C28x_FPU_LIB\</path>
         <kind>object</kind>
         <file>CFFT_f32_mag.obj</file>
         <name>CFFT_f32_mag.obj</name>
      </input_file>
      <input_file id="fl-b">
         <path>.\C28x_FPU_LIB\</path>
         <kind>object</kind>
         <file>CFFT_f32_phase.obj</file>
         <name>CFFT_f32_phase.obj</name>
      </input_file>
      <input_file id="fl-c">
         <path>.\C28x_FPU_LIB\</path>
         <kind>object</kind>
         <file>CFFT_f32_sincostable.obj</file>
         <name>CFFT_f32_sincostable.obj</name>
      </input_file>
      <input_file id="fl-d">
         <path>.\C28x_FPU_LIB\</path>
         <kind>object</kind>
         <file>CFFT_f32s_mag.obj</file>
         <name>CFFT_f32s_mag.obj</name>
      </input_file>
      <input_file id="fl-e">
         <path>.\C28x_FPU_LIB\</path>
         <kind>object</kind>
         <file>CFFT_f32u.obj</file>
         <name>CFFT_f32u.obj</name>
      </input_file>
      <input_file id="fl-f">
         <path>.\C28x_FPU_LIB\</path>
         <kind>object</kind>
         <file>FIR_f32.obj</file>
         <name>FIR_f32.obj</name>
      </input_file>
      <input_file id="fl-10">
         <path>.\C28x_FPU_LIB\</path>
         <kind>object</kind>
         <file>ICFFT_f32.obj</file>
         <name>ICFFT_f32.obj</name>
      </input_file>
      <input_file id="fl-11">
         <path>.\C28x_FPU_LIB\</path>
         <kind>object</kind>
         <file>RFFT_adc_f32.obj</file>
         <name>RFFT_adc_f32.obj</name>
      </input_file>
      <input_file id="fl-12">
         <path>.\C28x_FPU_LIB\</path>
         <kind>object</kind>
         <file>RFFT_adc_f32u.obj</file>
         <name>RFFT_adc_f32u.obj</name>
      </input_file>
      <input_file id="fl-13">
         <path>.\C28x_FPU_LIB\</path>
         <kind>object</kind>
         <file>RFFT_f32.obj</file>
         <name>RFFT_f32.obj</name>
      </input_file>
      <input_file id="fl-14">
         <path>.\C28x_FPU_LIB\</path>
         <kind>object</kind>
         <file>RFFT_f32_mag.obj</file>
         <name>RFFT_f32_mag.obj</name>
      </input_file>
      <input_file id="fl-15">
         <path>.\C28x_FPU_LIB\</path>
         <kind>object</kind>
         <file>RFFT_f32_phase.obj</file>
         <name>RFFT_f32_phase.obj</name>
      </input_file>
      <input_file id="fl-16">
         <path>.\C28x_FPU_LIB\</path>
         <kind>object</kind>
         <file>RFFT_f32_sincostable.obj</file>
         <name>RFFT_f32_sincostable.obj</name>
      </input_file>
      <input_file id="fl-17">
         <path>.\C28x_FPU_LIB\</path>
         <kind>object</kind>
         <file>RFFT_f32s_mag.obj</file>
         <name>RFFT_f32s_mag.obj</name>
      </input_file>
      <input_file id="fl-18">
         <path>.\C28x_FPU_LIB\</path>
         <kind>object</kind>
         <file>RFFT_f32u.obj</file>
         <name>RFFT_f32u.obj</name>
      </input_file>
      <input_file id="fl-19">
         <path>.\C28x_FPU_LIB\</path>
         <kind>object</kind>
         <file>abs_SP_CV.obj</file>
         <name>abs_SP_CV.obj</name>
      </input_file>
      <input_file id="fl-1a">
         <path>.\C28x_FPU_LIB\</path>
         <kind>object</kind>
         <file>abs_SP_CV_2.obj</file>
         <name>abs_SP_CV_2.obj</name>
      </input_file>
      <input_file id="fl-1b">
         <path>.\C28x_FPU_LIB\</path>
         <kind>object</kind>
         <file>abs_SP_CV_TMU0.obj</file>
         <name>abs_SP_CV_TMU0.obj</name>
      </input_file>
      <input_file id="fl-1c">
         <path>.\C28x_FPU_LIB\</path>
         <kind>object</kind>
         <file>add_SP_CSxCV.obj</file>
         <name>add_SP_CSxCV.obj</name>
      </input_file>
      <input_file id="fl-1d">
         <path>.\C28x_FPU_LIB\</path>
         <kind>object</kind>
         <file>add_SP_CVxCV.obj</file>
         <name>add_SP_CVxCV.obj</name>
      </input_file>
      <input_file id="fl-1e">
         <path>.\C28x_FPU_LIB\</path>
         <kind>object</kind>
         <file>iabs_SP_CV.obj</file>
         <name>iabs_SP_CV.obj</name>
      </input_file>
      <input_file id="fl-1f">
         <path>.\C28x_FPU_LIB\</path>
         <kind>object</kind>
         <file>iabs_SP_CV_2.obj</file>
         <name>iabs_SP_CV_2.obj</name>
      </input_file>
      <input_file id="fl-20">
         <path>.\C28x_FPU_LIB\</path>
         <kind>object</kind>
         <file>iabs_SP_CV_TMU0.obj</file>
         <name>iabs_SP_CV_TMU0.obj</name>
      </input_file>
      <input_file id="fl-21">
         <path>.\C28x_FPU_LIB\</path>
         <kind>object</kind>
         <file>maxidx_SP_RV_2.obj</file>
         <name>maxidx_SP_RV_2.obj</name>
      </input_file>
      <input_file id="fl-22">
         <path>.\C28x_FPU_LIB\</path>
         <kind>object</kind>
         <file>mean_SP_CV_2.obj</file>
         <name>mean_SP_CV_2.obj</name>
      </input_file>
      <input_file id="fl-23">
         <path>.\C28x_FPU_LIB\</path>
         <kind>object</kind>
         <file>median_SP_RV.obj</file>
         <name>median_SP_RV.obj</name>
      </input_file>
      <input_file id="fl-24">
         <path>.\C28x_FPU_LIB\</path>
         <kind>object</kind>
         <file>median_noreorder_SP_RV.obj</file>
         <name>median_noreorder_SP_RV.obj</name>
      </input_file>
      <input_file id="fl-25">
         <path>.\C28x_FPU_LIB\</path>
         <kind>object</kind>
         <file>memcpy_fast.obj</file>
         <name>memcpy_fast.obj</name>
      </input_file>
      <input_file id="fl-26">
         <path>.\C28x_FPU_LIB\</path>
         <kind>object</kind>
         <file>memset_fast.obj</file>
         <name>memset_fast.obj</name>
      </input_file>
      <input_file id="fl-27">
         <path>.\C28x_FPU_LIB\</path>
         <kind>object</kind>
         <file>mpy_SP_CSxCS.obj</file>
         <name>mpy_SP_CSxCS.obj</name>
      </input_file>
      <input_file id="fl-28">
         <path>.\C28x_FPU_LIB\</path>
         <kind>object</kind>
         <file>mpy_SP_CVxCV.obj</file>
         <name>mpy_SP_CVxCV.obj</name>
      </input_file>
      <input_file id="fl-29">
         <path>.\C28x_FPU_LIB\</path>
         <kind>object</kind>
         <file>mpy_SP_CVxCVC.obj</file>
         <name>mpy_SP_CVxCVC.obj</name>
      </input_file>
      <input_file id="fl-2a">
         <path>.\C28x_FPU_LIB\</path>
         <kind>object</kind>
         <file>mpy_SP_RSxRV_2.obj</file>
         <name>mpy_SP_RSxRV_2.obj</name>
      </input_file>
      <input_file id="fl-2b">
         <path>.\C28x_FPU_LIB\</path>
         <kind>object</kind>
         <file>mpy_SP_RSxRVxRV_2.obj</file>
         <name>mpy_SP_RSxRVxRV_2.obj</name>
      </input_file>
      <input_file id="fl-2c">
         <path>.\C28x_FPU_LIB\</path>
         <kind>object</kind>
         <file>mpy_SP_RVxCV.obj</file>
         <name>mpy_SP_RVxCV.obj</name>
      </input_file>
      <input_file id="fl-2d">
         <path>.\C28x_FPU_LIB\</path>
         <kind>object</kind>
         <file>mpy_SP_RVxRV_2.obj</file>
         <name>mpy_SP_RVxRV_2.obj</name>
      </input_file>
      <input_file id="fl-2e">
         <path>.\C28x_FPU_LIB\</path>
         <kind>object</kind>
         <file>qsort_SP_RV.obj</file>
         <name>qsort_SP_RV.obj</name>
      </input_file>
      <input_file id="fl-2f">
         <path>.\C28x_FPU_LIB\</path>
         <kind>object</kind>
         <file>rnd_SP_RS.obj</file>
         <name>rnd_SP_RS.obj</name>
      </input_file>
      <input_file id="fl-30">
         <path>.\C28x_FPU_LIB\</path>
         <kind>object</kind>
         <file>sub_SP_CSxCV.obj</file>
         <name>sub_SP_CSxCV.obj</name>
      </input_file>
      <input_file id="fl-31">
         <path>.\C28x_FPU_LIB\</path>
         <kind>object</kind>
         <file>sub_SP_CVxCV.obj</file>
         <name>sub_SP_CVxCV.obj</name>
      </input_file>
      <input_file id="fl-32">
         <path>.\Headers\</path>
         <kind>object</kind>
         <file>DSP2833x_GlobalVariableDefs.obj</file>
         <name>DSP2833x_GlobalVariableDefs.obj</name>
      </input_file>
      <input_file id="fl-33">
         <path>.\Sources\</path>
         <kind>object</kind>
         <file>DSP2833x_ADC_cal.obj</file>
         <name>DSP2833x_ADC_cal.obj</name>
      </input_file>
      <input_file id="fl-34">
         <path>.\Sources\</path>
         <kind>object</kind>
         <file>DSP2833x_Adc.obj</file>
         <name>DSP2833x_Adc.obj</name>
      </input_file>
      <input_file id="fl-35">
         <path>.\Sources\</path>
         <kind>object</kind>
         <file>DSP2833x_CpuTimers.obj</file>
         <name>DSP2833x_CpuTimers.obj</name>
      </input_file>
      <input_file id="fl-36">
         <path>.\Sources\</path>
         <kind>object</kind>
         <file>DSP2833x_DMA.obj</file>
         <name>DSP2833x_DMA.obj</name>
      </input_file>
      <input_file id="fl-37">
         <path>.\Sources\</path>
         <kind>object</kind>
         <file>DSP2833x_DefaultIsr.obj</file>
         <name>DSP2833x_DefaultIsr.obj</name>
      </input_file>
      <input_file id="fl-38">
         <path>.\Sources\</path>
         <kind>object</kind>
         <file>DSP2833x_Gpio.obj</file>
         <name>DSP2833x_Gpio.obj</name>
      </input_file>
      <input_file id="fl-39">
         <path>.\Sources\</path>
         <kind>object</kind>
         <file>DSP2833x_Mcbsp.obj</file>
         <name>DSP2833x_Mcbsp.obj</name>
      </input_file>
      <input_file id="fl-3a">
         <path>.\Sources\</path>
         <kind>object</kind>
         <file>DSP2833x_PieCtrl.obj</file>
         <name>DSP2833x_PieCtrl.obj</name>
      </input_file>
      <input_file id="fl-3b">
         <path>.\Sources\</path>
         <kind>object</kind>
         <file>DSP2833x_PieVect.obj</file>
         <name>DSP2833x_PieVect.obj</name>
      </input_file>
      <input_file id="fl-3c">
         <path>.\Sources\</path>
         <kind>object</kind>
         <file>DSP2833x_Spi.obj</file>
         <name>DSP2833x_Spi.obj</name>
      </input_file>
      <input_file id="fl-3d">
         <path>.\Sources\</path>
         <kind>object</kind>
         <file>DSP2833x_SysCtrl.obj</file>
         <name>DSP2833x_SysCtrl.obj</name>
      </input_file>
      <input_file id="fl-3e">
         <path>.\Sources\</path>
         <kind>object</kind>
         <file>DSP2833x_Xintf.obj</file>
         <name>DSP2833x_Xintf.obj</name>
      </input_file>
      <input_file id="fl-3f">
         <path>.\Sources\</path>
         <kind>object</kind>
         <file>DSP2833x_usDelay.obj</file>
         <name>DSP2833x_usDelay.obj</name>
      </input_file>
      <input_file id="fl-40">
         <path>.\Sources\</path>
         <kind>object</kind>
         <file>OneToOneI2CDriver.obj</file>
         <name>OneToOneI2CDriver.obj</name>
      </input_file>
      <input_file id="fl-53">
         <path>C:\ti\ccsv6\tools\compiler\ti-cgt-c2000_16.6.0.STS\lib\</path>
         <kind>archive</kind>
         <file>rts2800_fpu32.lib</file>
         <name>boot.obj</name>
      </input_file>
      <input_file id="fl-54">
         <path>C:\ti\ccsv6\tools\compiler\ti-cgt-c2000_16.6.0.STS\lib\</path>
         <kind>archive</kind>
         <file>rts2800_fpu32.lib</file>
         <name>cpy_tbl.obj</name>
      </input_file>
      <input_file id="fl-55">
         <path>C:\ti\ccsv6\tools\compiler\ti-cgt-c2000_16.6.0.STS\lib\</path>
         <kind>archive</kind>
         <file>rts2800_fpu32.lib</file>
         <name>cpy_utils.obj</name>
      </input_file>
      <input_file id="fl-56">
         <path>C:\ti\ccsv6\tools\compiler\ti-cgt-c2000_16.6.0.STS\lib\</path>
         <kind>archive</kind>
         <file>rts2800_fpu32.lib</file>
         <name>e_atan2f.obj</name>
      </input_file>
      <input_file id="fl-57">
         <path>C:\ti\ccsv6\tools\compiler\ti-cgt-c2000_16.6.0.STS\lib\</path>
         <kind>archive</kind>
         <file>rts2800_fpu32.lib</file>
         <name>e_sqrtf.obj</name>
      </input_file>
      <input_file id="fl-58">
         <path>C:\ti\ccsv6\tools\compiler\ti-cgt-c2000_16.6.0.STS\lib\</path>
         <kind>archive</kind>
         <file>rts2800_fpu32.lib</file>
         <name>errno.obj</name>
      </input_file>
      <input_file id="fl-59">
         <path>C:\ti\ccsv6\tools\compiler\ti-cgt-c2000_16.6.0.STS\lib\</path>
         <kind>archive</kind>
         <file>rts2800_fpu32.lib</file>
         <name>exit.obj</name>
      </input_file>
      <input_file id="fl-5a">
         <path>C:\ti\ccsv6\tools\compiler\ti-cgt-c2000_16.6.0.STS\lib\</path>
         <kind>archive</kind>
         <file>rts2800_fpu32.lib</file>
         <name>fs_div.obj</name>
      </input_file>
      <input_file id="fl-5b">
         <path>C:\ti\ccsv6\tools\compiler\ti-cgt-c2000_16.6.0.STS\lib\</path>
         <kind>archive</kind>
         <file>rts2800_fpu32.lib</file>
         <name>pre_init.obj</name>
      </input_file>
      <input_file id="fl-5c">
         <path>C:\ti\ccsv6\tools\compiler\ti-cgt-c2000_16.6.0.STS\lib\</path>
         <kind>archive</kind>
         <file>rts2800_fpu32.lib</file>
         <name>s_atanf.obj</name>
      </input_file>
      <input_file id="fl-5d">
         <path>C:\ti\ccsv6\tools\compiler\ti-cgt-c2000_16.6.0.STS\lib\</path>
         <kind>archive</kind>
         <file>rts2800_fpu32.lib</file>
         <name>s_cosf.obj</name>
      </input_file>
      <input_file id="fl-5e">
         <path>C:\ti\ccsv6\tools\compiler\ti-cgt-c2000_16.6.0.STS\lib\</path>
         <kind>archive</kind>
         <file>rts2800_fpu32.lib</file>
         <name>s_sinf.obj</name>
      </input_file>
      <input_file id="fl-5f">
         <path>C:\ti\ccsv6\tools\compiler\ti-cgt-c2000_16.6.0.STS\lib\</path>
         <kind>archive</kind>
         <file>rts2800_fpu32.lib</file>
         <name>startup.obj</name>
      </input_file>
      <input_file id="fl-60">
         <path>C:\ti\ccsv6\tools\compiler\ti-cgt-c2000_16.6.0.STS\lib\</path>
         <kind>archive</kind>
         <file>rts2800_fpu32.lib</file>
         <name>_lock.obj</name>
      </input_file>
      <input_file id="fl-61">
         <path>C:\ti\ccsv6\tools\compiler\ti-cgt-c2000_16.6.0.STS\lib\</path>
         <kind>archive</kind>
         <file>rts2800_fpu32.lib</file>
         <name>args_main.obj</name>
      </input_file>
   </input_file_list>
   <object_component_list>
      <object_component id="oc-1be">
         <name>ramfuncs</name>
         <load_address>0x88c5</load_address>
         <run_address>0x88c5</run_address>
         <size>0x4</size>
         <input_file_ref idref="fl-3f"/>
      </object_component>
      <object_component id="oc-227">
         <name>.text</name>
         <load_address>0x9000</load_address>
         <run_address>0x9000</run_address>
         <size>0x3e9</size>
         <input_file_ref idref="fl-36"/>
      </object_component>
      <object_component id="oc-196">
         <name>.text:retain</name>
         <load_address>0x93e9</load_address>
         <run_address>0x93e9</run_address>
         <size>0x328</size>
         <input_file_ref idref="fl-37"/>
      </object_component>
      <object_component id="oc-21a">
         <name>.text</name>
         <load_address>0x9711</load_address>
         <run_address>0x9711</run_address>
         <size>0x1</size>
         <input_file_ref idref="fl-5f"/>
      </object_component>
      <object_component id="oc-96">
         <name>.text</name>
         <load_address>0x9712</load_address>
         <run_address>0x9712</run_address>
         <size>0x211</size>
         <input_file_ref idref="fl-e"/>
      </object_component>
      <object_component id="oc-7c">
         <name>.text</name>
         <load_address>0x9924</load_address>
         <run_address>0x9924</run_address>
         <size>0x1ef</size>
         <input_file_ref idref="fl-9"/>
      </object_component>
      <object_component id="oc-a1">
         <name>.text</name>
         <load_address>0x9b14</load_address>
         <run_address>0x9b14</run_address>
         <size>0x179</size>
         <input_file_ref idref="fl-10"/>
      </object_component>
      <object_component id="oc-220">
         <name>.text</name>
         <load_address>0x9c8d</load_address>
         <run_address>0x9c8d</run_address>
         <size>0x15a</size>
         <input_file_ref idref="fl-2"/>
      </object_component>
      <object_component id="oc-a7">
         <name>.text</name>
         <load_address>0x9de8</load_address>
         <run_address>0x9de8</run_address>
         <size>0x138</size>
         <input_file_ref idref="fl-11"/>
      </object_component>
      <object_component id="oc-b1">
         <name>.text</name>
         <load_address>0x9f20</load_address>
         <run_address>0x9f20</run_address>
         <size>0x11d</size>
         <input_file_ref idref="fl-13"/>
      </object_component>
      <object_component id="oc-229">
         <name>.text</name>
         <load_address>0xa03d</load_address>
         <run_address>0xa03d</run_address>
         <size>0xf8</size>
         <input_file_ref idref="fl-3d"/>
      </object_component>
      <object_component id="oc-21f">
         <name>.text</name>
         <load_address>0xa135</load_address>
         <run_address>0xa135</run_address>
         <size>0xd4</size>
         <input_file_ref idref="fl-56"/>
      </object_component>
      <object_component id="oc-223">
         <name>.text</name>
         <load_address>0xa209</load_address>
         <run_address>0xa209</run_address>
         <size>0xc9</size>
         <input_file_ref idref="fl-5c"/>
      </object_component>
      <object_component id="oc-f2">
         <name>.text</name>
         <load_address>0xa2d2</load_address>
         <run_address>0xa2d2</run_address>
         <size>0xb6</size>
         <input_file_ref idref="fl-20"/>
      </object_component>
      <object_component id="oc-ac">
         <name>.text</name>
         <load_address>0xa388</load_address>
         <run_address>0xa388</run_address>
         <size>0x9e</size>
         <input_file_ref idref="fl-12"/>
      </object_component>
      <object_component id="oc-d9">
         <name>.text</name>
         <load_address>0xa426</load_address>
         <run_address>0xa426</run_address>
         <size>0x93</size>
         <input_file_ref idref="fl-1b"/>
      </object_component>
      <object_component id="oc-77">
         <name>.text:retain</name>
         <load_address>0xa4b9</load_address>
         <run_address>0xa4b9</run_address>
         <size>0x89</size>
         <input_file_ref idref="fl-8"/>
      </object_component>
      <object_component id="oc-1ef">
         <name>.text</name>
         <load_address>0xa542</load_address>
         <run_address>0xa542</run_address>
         <size>0x88</size>
         <input_file_ref idref="fl-5a"/>
      </object_component>
      <object_component id="oc-ca">
         <name>.text</name>
         <load_address>0xa5ca</load_address>
         <run_address>0xa5ca</run_address>
         <size>0x85</size>
         <input_file_ref idref="fl-18"/>
      </object_component>
      <object_component id="oc-224">
         <name>.text</name>
         <load_address>0xa64f</load_address>
         <run_address>0xa64f</run_address>
         <size>0x79</size>
         <input_file_ref idref="fl-4"/>
      </object_component>
      <object_component id="oc-51">
         <name>.text:retain</name>
         <load_address>0xa6c8</load_address>
         <run_address>0xa6c8</run_address>
         <size>0x78</size>
         <input_file_ref idref="fl-2"/>
      </object_component>
      <object_component id="oc-226">
         <name>.text</name>
         <load_address>0xa740</load_address>
         <run_address>0xa740</run_address>
         <size>0x73</size>
         <input_file_ref idref="fl-35"/>
      </object_component>
      <object_component id="oc-22c">
         <name>.text</name>
         <load_address>0xa7b3</load_address>
         <run_address>0xa7b3</run_address>
         <size>0x61</size>
         <input_file_ref idref="fl-5d"/>
      </object_component>
      <object_component id="oc-225">
         <name>.text</name>
         <load_address>0xa814</load_address>
         <run_address>0xa814</run_address>
         <size>0x5d</size>
         <input_file_ref idref="fl-6"/>
      </object_component>
      <object_component id="oc-d4">
         <name>.text</name>
         <load_address>0xa872</load_address>
         <run_address>0xa872</run_address>
         <size>0x5b</size>
         <input_file_ref idref="fl-1a"/>
      </object_component>
      <object_component id="oc-21d">
         <name>.text</name>
         <load_address>0xa8cd</load_address>
         <run_address>0xa8cd</run_address>
         <size>0x58</size>
         <input_file_ref idref="fl-5e"/>
      </object_component>
      <object_component id="oc-4d">
         <name>.text</name>
         <load_address>0xa925</load_address>
         <run_address>0xa925</run_address>
         <size>0x56</size>
         <input_file_ref idref="fl-53"/>
      </object_component>
      <object_component id="oc-c5">
         <name>.text</name>
         <load_address>0xa97b</load_address>
         <run_address>0xa97b</run_address>
         <size>0x55</size>
         <input_file_ref idref="fl-17"/>
      </object_component>
      <object_component id="oc-ed">
         <name>.text</name>
         <load_address>0xa9d0</load_address>
         <run_address>0xa9d0</run_address>
         <size>0x51</size>
         <input_file_ref idref="fl-1f"/>
      </object_component>
      <object_component id="oc-bb">
         <name>.text</name>
         <load_address>0xaa21</load_address>
         <run_address>0xaa21</run_address>
         <size>0x49</size>
         <input_file_ref idref="fl-15"/>
      </object_component>
      <object_component id="oc-219">
         <name>.text</name>
         <load_address>0xaa6a</load_address>
         <run_address>0xaa6a</run_address>
         <size>0x46</size>
         <input_file_ref idref="fl-54"/>
      </object_component>
      <object_component id="oc-b6">
         <name>.text</name>
         <load_address>0xaab0</load_address>
         <run_address>0xaab0</run_address>
         <size>0x44</size>
         <input_file_ref idref="fl-14"/>
      </object_component>
      <object_component id="oc-91">
         <name>.text</name>
         <load_address>0xaaf4</load_address>
         <run_address>0xaaf4</run_address>
         <size>0x41</size>
         <input_file_ref idref="fl-d"/>
      </object_component>
      <object_component id="oc-fc">
         <name>.text</name>
         <load_address>0xab36</load_address>
         <run_address>0xab36</run_address>
         <size>0x38</size>
         <input_file_ref idref="fl-22"/>
      </object_component>
      <object_component id="oc-9c">
         <name>.text</name>
         <load_address>0xab6e</load_address>
         <run_address>0xab6e</run_address>
         <size>0x37</size>
         <input_file_ref idref="fl-f"/>
      </object_component>
      <object_component id="oc-22a">
         <name>.text</name>
         <load_address>0xaba5</load_address>
         <run_address>0xaba5</run_address>
         <size>0x36</size>
         <input_file_ref idref="fl-7"/>
      </object_component>
      <object_component id="oc-cf">
         <name>.text</name>
         <load_address>0xabdc</load_address>
         <run_address>0xabdc</run_address>
         <size>0x31</size>
         <input_file_ref idref="fl-19"/>
      </object_component>
      <object_component id="oc-82">
         <name>.text</name>
         <load_address>0xac0d</load_address>
         <run_address>0xac0d</run_address>
         <size>0x30</size>
         <input_file_ref idref="fl-a"/>
      </object_component>
      <object_component id="oc-e8">
         <name>.text</name>
         <load_address>0xac3e</load_address>
         <run_address>0xac3e</run_address>
         <size>0x2c</size>
         <input_file_ref idref="fl-1e"/>
      </object_component>
      <object_component id="oc-129">
         <name>.text</name>
         <load_address>0xac6a</load_address>
         <run_address>0xac6a</run_address>
         <size>0x2c</size>
         <input_file_ref idref="fl-2b"/>
      </object_component>
      <object_component id="oc-87">
         <name>.text</name>
         <load_address>0xac96</load_address>
         <run_address>0xac96</run_address>
         <size>0x2b</size>
         <input_file_ref idref="fl-b"/>
      </object_component>
      <object_component id="oc-21c">
         <name>.text</name>
         <load_address>0xacc1</load_address>
         <run_address>0xacc1</run_address>
         <size>0x29</size>
         <input_file_ref idref="fl-59"/>
      </object_component>
      <object_component id="oc-21e">
         <name>.text</name>
         <load_address>0xacea</load_address>
         <run_address>0xacea</run_address>
         <size>0x25</size>
         <input_file_ref idref="fl-57"/>
      </object_component>
      <object_component id="oc-133">
         <name>.text</name>
         <load_address>0xad10</load_address>
         <run_address>0xad10</run_address>
         <size>0x21</size>
         <input_file_ref idref="fl-2d"/>
      </object_component>
      <object_component id="oc-228">
         <name>.text</name>
         <load_address>0xad31</load_address>
         <run_address>0xad31</run_address>
         <size>0x20</size>
         <input_file_ref idref="fl-3b"/>
      </object_component>
      <object_component id="oc-e3">
         <name>.text</name>
         <load_address>0xad52</load_address>
         <run_address>0xad52</run_address>
         <size>0x1f</size>
         <input_file_ref idref="fl-1d"/>
      </object_component>
      <object_component id="oc-11f">
         <name>.text</name>
         <load_address>0xad72</load_address>
         <run_address>0xad72</run_address>
         <size>0x1f</size>
         <input_file_ref idref="fl-29"/>
      </object_component>
      <object_component id="oc-147">
         <name>.text</name>
         <load_address>0xad92</load_address>
         <run_address>0xad92</run_address>
         <size>0x1f</size>
         <input_file_ref idref="fl-31"/>
      </object_component>
      <object_component id="oc-de">
         <name>.text</name>
         <load_address>0xadb2</load_address>
         <run_address>0xadb2</run_address>
         <size>0x1e</size>
         <input_file_ref idref="fl-1c"/>
      </object_component>
      <object_component id="oc-142">
         <name>.text</name>
         <load_address>0xadd0</load_address>
         <run_address>0xadd0</run_address>
         <size>0x1e</size>
         <input_file_ref idref="fl-30"/>
      </object_component>
      <object_component id="oc-11a">
         <name>.text</name>
         <load_address>0xadee</load_address>
         <run_address>0xadee</run_address>
         <size>0x1d</size>
         <input_file_ref idref="fl-28"/>
      </object_component>
      <object_component id="oc-f7">
         <name>.text</name>
         <load_address>0xae0c</load_address>
         <run_address>0xae0c</run_address>
         <size>0x1c</size>
         <input_file_ref idref="fl-21"/>
      </object_component>
      <object_component id="oc-6f">
         <name>.text:retain</name>
         <load_address>0xae28</load_address>
         <run_address>0xae28</run_address>
         <size>0x1c</size>
         <input_file_ref idref="fl-7"/>
      </object_component>
      <object_component id="oc-12e">
         <name>.text</name>
         <load_address>0xae44</load_address>
         <run_address>0xae44</run_address>
         <size>0x1b</size>
         <input_file_ref idref="fl-2c"/>
      </object_component>
      <object_component id="oc-1d4">
         <name>.text</name>
         <load_address>0xae5f</load_address>
         <run_address>0xae5f</run_address>
         <size>0x1a</size>
         <input_file_ref idref="fl-55"/>
      </object_component>
      <object_component id="oc-21b">
         <name>.text</name>
         <load_address>0xae79</load_address>
         <run_address>0xae79</run_address>
         <size>0x19</size>
         <input_file_ref idref="fl-61"/>
      </object_component>
      <object_component id="oc-124">
         <name>.text</name>
         <load_address>0xae92</load_address>
         <run_address>0xae92</run_address>
         <size>0x18</size>
         <input_file_ref idref="fl-2a"/>
      </object_component>
      <object_component id="oc-115">
         <name>.text</name>
         <load_address>0xaeaa</load_address>
         <run_address>0xaeaa</run_address>
         <size>0x17</size>
         <input_file_ref idref="fl-27"/>
      </object_component>
      <object_component id="oc-13d">
         <name>.text</name>
         <load_address>0xaec1</load_address>
         <run_address>0xaec1</run_address>
         <size>0x16</size>
         <input_file_ref idref="fl-2f"/>
      </object_component>
      <object_component id="oc-22d">
         <name>.text</name>
         <load_address>0xaed7</load_address>
         <run_address>0xaed7</run_address>
         <size>0x9</size>
         <input_file_ref idref="fl-60"/>
      </object_component>
      <object_component id="oc-22b">
         <name>.text</name>
         <load_address>0xaee0</load_address>
         <run_address>0xaee0</run_address>
         <size>0x8</size>
         <input_file_ref idref="fl-5"/>
      </object_component>
      <object_component id="oc-10b">
         <name>.text</name>
         <load_address>0xaee8</load_address>
         <run_address>0xaee8</run_address>
         <size>0x7</size>
         <input_file_ref idref="fl-25"/>
      </object_component>
      <object_component id="oc-110">
         <name>.text</name>
         <load_address>0xaeef</load_address>
         <run_address>0xaeef</run_address>
         <size>0x6</size>
         <input_file_ref idref="fl-26"/>
      </object_component>
      <object_component id="oc-218">
         <name>.text</name>
         <load_address>0xaef5</load_address>
         <run_address>0xaef5</run_address>
         <size>0x2</size>
         <input_file_ref idref="fl-5b"/>
      </object_component>
      <object_component id="oc-4f">
         <name>.cinit</name>
         <load_address>0x8000</load_address>
         <run_address>0x8000</run_address>
         <size>0x867</size>
         <input_file_ref idref="fl-2"/>
      </object_component>
      <object_component id="oc-6d">
         <name>.cinit</name>
         <load_address>0x8867</load_address>
         <run_address>0x8867</run_address>
         <size>0x26</size>
         <input_file_ref idref="fl-7"/>
      </object_component>
      <object_component id="oc-75">
         <name>.cinit</name>
         <load_address>0x888d</load_address>
         <run_address>0x888d</run_address>
         <size>0x12</size>
         <input_file_ref idref="fl-8"/>
      </object_component>
      <object_component id="oc-1e9">
         <name>.cinit</name>
         <load_address>0x889f</load_address>
         <run_address>0x889f</run_address>
         <size>0xe</size>
         <input_file_ref idref="fl-59"/>
      </object_component>
      <object_component id="oc-61">
         <name>.cinit</name>
         <load_address>0x88ad</load_address>
         <run_address>0x88ad</run_address>
         <size>0x8</size>
         <input_file_ref idref="fl-5"/>
      </object_component>
      <object_component id="oc-222">
         <name>.cinit:__lock</name>
         <load_address>0x88b5</load_address>
         <run_address>0x88b5</run_address>
         <size>0x5</size>
         <input_file_ref idref="fl-60"/>
      </object_component>
      <object_component id="oc-22e">
         <name>.cinit:__unlock</name>
         <load_address>0x88ba</load_address>
         <run_address>0x88ba</run_address>
         <size>0x5</size>
         <input_file_ref idref="fl-60"/>
      </object_component>
      <object_component id="oc-1e5">
         <name>.cinit</name>
         <load_address>0x88bf</load_address>
         <run_address>0x88bf</run_address>
         <size>0x4</size>
         <input_file_ref idref="fl-58"/>
      </object_component>
      <object_component id="oc-1c9">
         <name>.stack</name>
         <uninitialized>true</uninitialized>
         <run_address>0x400</run_address>
         <size>0x0</size>
         <input_file_ref idref="fl-53"/>
      </object_component>
      <object_component id="oc-28b">
         <name>.stack</name>
         <uninitialized>true</uninitialized>
         <run_address>0x400</run_address>
         <size>0x0</size>
      </object_component>
      <object_component id="oc-50">
         <name>.ebss</name>
         <uninitialized>true</uninitialized>
         <run_address>0xb000</run_address>
         <size>0xf40</size>
         <input_file_ref idref="fl-2"/>
      </object_component>
      <object_component id="oc-62">
         <name>.ebss</name>
         <uninitialized>true</uninitialized>
         <run_address>0xbfb2</run_address>
         <size>0x2</size>
         <input_file_ref idref="fl-5"/>
      </object_component>
      <object_component id="oc-6e">
         <name>.ebss</name>
         <uninitialized>true</uninitialized>
         <run_address>0xbf94</run_address>
         <size>0xe</size>
         <input_file_ref idref="fl-7"/>
      </object_component>
      <object_component id="oc-76">
         <name>.ebss</name>
         <uninitialized>true</uninitialized>
         <run_address>0xbfa8</run_address>
         <size>0x6</size>
         <input_file_ref idref="fl-8"/>
      </object_component>
      <object_component id="oc-7d">
         <name>.ebss</name>
         <uninitialized>true</uninitialized>
         <run_address>0xbf58</run_address>
         <size>0x14</size>
         <input_file_ref idref="fl-9"/>
      </object_component>
      <object_component id="oc-97">
         <name>.ebss</name>
         <uninitialized>true</uninitialized>
         <run_address>0xbf6c</run_address>
         <size>0x14</size>
         <input_file_ref idref="fl-e"/>
      </object_component>
      <object_component id="oc-a2">
         <name>.ebss</name>
         <uninitialized>true</uninitialized>
         <run_address>0xbf80</run_address>
         <size>0x14</size>
         <input_file_ref idref="fl-10"/>
      </object_component>
      <object_component id="oc-18b">
         <name>.ebss</name>
         <uninitialized>true</uninitialized>
         <run_address>0xbf40</run_address>
         <size>0x18</size>
         <input_file_ref idref="fl-35"/>
      </object_component>
      <object_component id="oc-1e6">
         <name>.ebss</name>
         <uninitialized>true</uninitialized>
         <run_address>0xbfb4</run_address>
         <size>0x1</size>
         <input_file_ref idref="fl-58"/>
      </object_component>
      <object_component id="oc-1ea">
         <name>.ebss</name>
         <uninitialized>true</uninitialized>
         <run_address>0xbfa2</run_address>
         <size>0x6</size>
         <input_file_ref idref="fl-59"/>
      </object_component>
      <object_component id="oc-233">
         <name>.ebss:__unlock</name>
         <uninitialized>true</uninitialized>
         <run_address>0xbfb0</run_address>
         <size>0x2</size>
         <input_file_ref idref="fl-60"/>
      </object_component>
      <object_component id="oc-221">
         <name>.ebss:__lock</name>
         <uninitialized>true</uninitialized>
         <run_address>0xbfae</run_address>
         <size>0x2</size>
         <input_file_ref idref="fl-60"/>
      </object_component>
      <object_component id="oc-232">
         <name>.econst:_PieVectTableInit</name>
         <load_address>0xd000</load_address>
         <run_address>0xd000</run_address>
         <size>0x100</size>
         <input_file_ref idref="fl-3b"/>
      </object_component>
      <object_component id="oc-1da">
         <name>.econst</name>
         <load_address>0xd100</load_address>
         <run_address>0xd100</run_address>
         <size>0xc</size>
         <input_file_ref idref="fl-56"/>
      </object_component>
      <object_component id="oc-231">
         <name>.econst:_aT</name>
         <load_address>0xd10c</load_address>
         <run_address>0xd10c</run_address>
         <size>0xa</size>
         <input_file_ref idref="fl-5c"/>
      </object_component>
      <object_component id="oc-22f">
         <name>.econst:_atanhi</name>
         <load_address>0xd116</load_address>
         <run_address>0xd116</run_address>
         <size>0x8</size>
         <input_file_ref idref="fl-5c"/>
      </object_component>
      <object_component id="oc-230">
         <name>.econst:_atanlo</name>
         <load_address>0xd11e</load_address>
         <run_address>0xd11e</run_address>
         <size>0x8</size>
         <input_file_ref idref="fl-5c"/>
      </object_component>
      <object_component id="oc-1fa">
         <name>.econst</name>
         <load_address>0xd126</load_address>
         <run_address>0xd126</run_address>
         <size>0x4</size>
         <input_file_ref idref="fl-5c"/>
      </object_component>
      <object_component id="oc-1c4">
         <name>.econst</name>
         <load_address>0xd12a</load_address>
         <run_address>0xd12a</run_address>
         <size>0x1</size>
         <input_file_ref idref="fl-40"/>
      </object_component>
      <object_component id="oc-1ca">
         <name>.reset</name>
         <load_address>0x3fffc0</load_address>
         <run_address>0x3fffc0</run_address>
         <size>0x2</size>
         <input_file_ref idref="fl-53"/>
      </object_component>
      <object_component id="oc-180">
         <name>.adc_cal</name>
         <load_address>0x380080</load_address>
         <run_address>0x380080</run_address>
         <size>0x7</size>
         <input_file_ref idref="fl-33"/>
      </object_component>
      <object_component id="oc-17e">
         <name>PieVectTableFile</name>
         <uninitialized>true</uninitialized>
         <run_address>0xd00</run_address>
         <size>0x100</size>
         <input_file_ref idref="fl-32"/>
      </object_component>
      <object_component id="oc-17a">
         <name>DevEmuRegsFile</name>
         <uninitialized>true</uninitialized>
         <run_address>0x880</run_address>
         <size>0xd0</size>
         <input_file_ref idref="fl-32"/>
      </object_component>
      <object_component id="oc-150">
         <name>FlashRegsFile</name>
         <uninitialized>true</uninitialized>
         <run_address>0xa80</run_address>
         <size>0x8</size>
         <input_file_ref idref="fl-32"/>
      </object_component>
      <object_component id="oc-158">
         <name>CsmRegsFile</name>
         <uninitialized>true</uninitialized>
         <run_address>0xae0</run_address>
         <size>0x10</size>
         <input_file_ref idref="fl-32"/>
      </object_component>
      <object_component id="oc-159">
         <name>AdcMirrorFile</name>
         <uninitialized>true</uninitialized>
         <run_address>0xb00</run_address>
         <size>0x10</size>
         <input_file_ref idref="fl-32"/>
      </object_component>
      <object_component id="oc-15d">
         <name>XintfRegsFile</name>
         <uninitialized>true</uninitialized>
         <run_address>0xb20</run_address>
         <size>0x1e</size>
         <input_file_ref idref="fl-32"/>
      </object_component>
      <object_component id="oc-151">
         <name>CpuTimer0RegsFile</name>
         <uninitialized>true</uninitialized>
         <run_address>0xc00</run_address>
         <size>0x8</size>
         <input_file_ref idref="fl-32"/>
      </object_component>
      <object_component id="oc-152">
         <name>CpuTimer1RegsFile</name>
         <uninitialized>true</uninitialized>
         <run_address>0xc08</run_address>
         <size>0x8</size>
         <input_file_ref idref="fl-32"/>
      </object_component>
      <object_component id="oc-14e">
         <name>CpuTimer2RegsFile</name>
         <uninitialized>true</uninitialized>
         <run_address>0xc10</run_address>
         <size>0x8</size>
         <input_file_ref idref="fl-32"/>
      </object_component>
      <object_component id="oc-15b">
         <name>PieCtrlRegsFile</name>
         <uninitialized>true</uninitialized>
         <run_address>0xce0</run_address>
         <size>0x1a</size>
         <input_file_ref idref="fl-32"/>
      </object_component>
      <object_component id="oc-17b">
         <name>DmaRegsFile</name>
         <uninitialized>true</uninitialized>
         <run_address>0x1000</run_address>
         <size>0xe0</size>
         <input_file_ref idref="fl-32"/>
      </object_component>
      <object_component id="oc-16e">
         <name>McbspaRegsFile</name>
         <uninitialized>true</uninitialized>
         <run_address>0x5000</run_address>
         <size>0x25</size>
         <input_file_ref idref="fl-32"/>
      </object_component>
      <object_component id="oc-16d">
         <name>McbspbRegsFile</name>
         <uninitialized>true</uninitialized>
         <run_address>0x5040</run_address>
         <size>0x25</size>
         <input_file_ref idref="fl-32"/>
      </object_component>
      <object_component id="oc-170">
         <name>ECanaRegsFile</name>
         <uninitialized>true</uninitialized>
         <run_address>0x6000</run_address>
         <size>0x34</size>
         <input_file_ref idref="fl-32"/>
      </object_component>
      <object_component id="oc-174">
         <name>ECanaLAMRegsFile</name>
         <uninitialized>true</uninitialized>
         <run_address>0x6040</run_address>
         <size>0x40</size>
         <input_file_ref idref="fl-32"/>
      </object_component>
      <object_component id="oc-17d">
         <name>ECanaMboxesFile</name>
         <uninitialized>true</uninitialized>
         <run_address>0x6100</run_address>
         <size>0x100</size>
         <input_file_ref idref="fl-32"/>
      </object_component>
      <object_component id="oc-175">
         <name>ECanaMOTSRegsFile</name>
         <uninitialized>true</uninitialized>
         <run_address>0x6080</run_address>
         <size>0x40</size>
         <input_file_ref idref="fl-32"/>
      </object_component>
      <object_component id="oc-172">
         <name>ECanaMOTORegsFile</name>
         <uninitialized>true</uninitialized>
         <run_address>0x60c0</run_address>
         <size>0x40</size>
         <input_file_ref idref="fl-32"/>
      </object_component>
      <object_component id="oc-171">
         <name>ECanbRegsFile</name>
         <uninitialized>true</uninitialized>
         <run_address>0x6200</run_address>
         <size>0x34</size>
         <input_file_ref idref="fl-32"/>
      </object_component>
      <object_component id="oc-179">
         <name>ECanbLAMRegsFile</name>
         <uninitialized>true</uninitialized>
         <run_address>0x6240</run_address>
         <size>0x40</size>
         <input_file_ref idref="fl-32"/>
      </object_component>
      <object_component id="oc-17c">
         <name>ECanbMboxesFile</name>
         <uninitialized>true</uninitialized>
         <run_address>0x6300</run_address>
         <size>0x100</size>
         <input_file_ref idref="fl-32"/>
      </object_component>
      <object_component id="oc-173">
         <name>ECanbMOTSRegsFile</name>
         <uninitialized>true</uninitialized>
         <run_address>0x6280</run_address>
         <size>0x40</size>
         <input_file_ref idref="fl-32"/>
      </object_component>
      <object_component id="oc-176">
         <name>ECanbMOTORegsFile</name>
         <uninitialized>true</uninitialized>
         <run_address>0x62c0</run_address>
         <size>0x40</size>
         <input_file_ref idref="fl-32"/>
      </object_component>
      <object_component id="oc-16b">
         <name>EPwm1RegsFile</name>
         <uninitialized>true</uninitialized>
         <run_address>0x6800</run_address>
         <size>0x22</size>
         <input_file_ref idref="fl-32"/>
      </object_component>
      <object_component id="oc-166">
         <name>EPwm2RegsFile</name>
         <uninitialized>true</uninitialized>
         <run_address>0x6840</run_address>
         <size>0x22</size>
         <input_file_ref idref="fl-32"/>
      </object_component>
      <object_component id="oc-167">
         <name>EPwm3RegsFile</name>
         <uninitialized>true</uninitialized>
         <run_address>0x6880</run_address>
         <size>0x22</size>
         <input_file_ref idref="fl-32"/>
      </object_component>
      <object_component id="oc-16c">
         <name>EPwm4RegsFile</name>
         <uninitialized>true</uninitialized>
         <run_address>0x68c0</run_address>
         <size>0x22</size>
         <input_file_ref idref="fl-32"/>
      </object_component>
      <object_component id="oc-169">
         <name>EPwm5RegsFile</name>
         <uninitialized>true</uninitialized>
         <run_address>0x6900</run_address>
         <size>0x22</size>
         <input_file_ref idref="fl-32"/>
      </object_component>
      <object_component id="oc-16a">
         <name>EPwm6RegsFile</name>
         <uninitialized>true</uninitialized>
         <run_address>0x6940</run_address>
         <size>0x22</size>
         <input_file_ref idref="fl-32"/>
      </object_component>
      <object_component id="oc-160">
         <name>ECap1RegsFile</name>
         <uninitialized>true</uninitialized>
         <run_address>0x6a00</run_address>
         <size>0x20</size>
         <input_file_ref idref="fl-32"/>
      </object_component>
      <object_component id="oc-161">
         <name>ECap2RegsFile</name>
         <uninitialized>true</uninitialized>
         <run_address>0x6a20</run_address>
         <size>0x20</size>
         <input_file_ref idref="fl-32"/>
      </object_component>
      <object_component id="oc-15e">
         <name>ECap3RegsFile</name>
         <uninitialized>true</uninitialized>
         <run_address>0x6a40</run_address>
         <size>0x20</size>
         <input_file_ref idref="fl-32"/>
      </object_component>
      <object_component id="oc-15f">
         <name>ECap4RegsFile</name>
         <uninitialized>true</uninitialized>
         <run_address>0x6a60</run_address>
         <size>0x20</size>
         <input_file_ref idref="fl-32"/>
      </object_component>
      <object_component id="oc-164">
         <name>ECap5RegsFile</name>
         <uninitialized>true</uninitialized>
         <run_address>0x6a80</run_address>
         <size>0x20</size>
         <input_file_ref idref="fl-32"/>
      </object_component>
      <object_component id="oc-165">
         <name>ECap6RegsFile</name>
         <uninitialized>true</uninitialized>
         <run_address>0x6aa0</run_address>
         <size>0x20</size>
         <input_file_ref idref="fl-32"/>
      </object_component>
      <object_component id="oc-177">
         <name>EQep1RegsFile</name>
         <uninitialized>true</uninitialized>
         <run_address>0x6b00</run_address>
         <size>0x40</size>
         <input_file_ref idref="fl-32"/>
      </object_component>
      <object_component id="oc-178">
         <name>EQep2RegsFile</name>
         <uninitialized>true</uninitialized>
         <run_address>0x6b40</run_address>
         <size>0x40</size>
         <input_file_ref idref="fl-32"/>
      </object_component>
      <object_component id="oc-16f">
         <name>GpioCtrlRegsFile</name>
         <uninitialized>true</uninitialized>
         <run_address>0x6f80</run_address>
         <size>0x2e</size>
         <input_file_ref idref="fl-32"/>
      </object_component>
      <object_component id="oc-162">
         <name>GpioDataRegsFile</name>
         <uninitialized>true</uninitialized>
         <run_address>0x6fc0</run_address>
         <size>0x20</size>
         <input_file_ref idref="fl-32"/>
      </object_component>
      <object_component id="oc-153">
         <name>GpioIntRegsFile</name>
         <uninitialized>true</uninitialized>
         <run_address>0x6fe0</run_address>
         <size>0xa</size>
         <input_file_ref idref="fl-32"/>
      </object_component>
      <object_component id="oc-163">
         <name>SysCtrlRegsFile</name>
         <uninitialized>true</uninitialized>
         <run_address>0x7010</run_address>
         <size>0x20</size>
         <input_file_ref idref="fl-32"/>
      </object_component>
      <object_component id="oc-154">
         <name>SpiaRegsFile</name>
         <uninitialized>true</uninitialized>
         <run_address>0x7040</run_address>
         <size>0x10</size>
         <input_file_ref idref="fl-32"/>
      </object_component>
      <object_component id="oc-157">
         <name>SciaRegsFile</name>
         <uninitialized>true</uninitialized>
         <run_address>0x7050</run_address>
         <size>0x10</size>
         <input_file_ref idref="fl-32"/>
      </object_component>
      <object_component id="oc-15a">
         <name>XIntruptRegsFile</name>
         <uninitialized>true</uninitialized>
         <run_address>0x7070</run_address>
         <size>0x10</size>
         <input_file_ref idref="fl-32"/>
      </object_component>
      <object_component id="oc-15c">
         <name>AdcRegsFile</name>
         <uninitialized>true</uninitialized>
         <run_address>0x7100</run_address>
         <size>0x1e</size>
         <input_file_ref idref="fl-32"/>
      </object_component>
      <object_component id="oc-155">
         <name>ScibRegsFile</name>
         <uninitialized>true</uninitialized>
         <run_address>0x7750</run_address>
         <size>0x10</size>
         <input_file_ref idref="fl-32"/>
      </object_component>
      <object_component id="oc-156">
         <name>ScicRegsFile</name>
         <uninitialized>true</uninitialized>
         <run_address>0x7770</run_address>
         <size>0x10</size>
         <input_file_ref idref="fl-32"/>
      </object_component>
      <object_component id="oc-168">
         <name>I2caRegsFile</name>
         <uninitialized>true</uninitialized>
         <run_address>0x7900</run_address>
         <size>0x22</size>
         <input_file_ref idref="fl-32"/>
      </object_component>
      <object_component id="oc-14f">
         <name>CsmPwlFile</name>
         <uninitialized>true</uninitialized>
         <run_address>0x33fff8</run_address>
         <size>0x8</size>
         <input_file_ref idref="fl-32"/>
      </object_component>
      <object_component id="oc-14d">
         <name>PartIdRegsFile</name>
         <uninitialized>true</uninitialized>
         <run_address>0x380090</run_address>
         <size>0x1</size>
         <input_file_ref idref="fl-32"/>
      </object_component>
      <object_component id="oc-4e">
         <name>.debug_info</name>
         <load_address>0x0</load_address>
         <run_address>0x0</run_address>
         <size>0x727f</size>
         <input_file_ref idref="fl-2"/>
      </object_component>
      <object_component id="oc-56">
         <name>.debug_info</name>
         <load_address>0x727f</load_address>
         <run_address>0x727f</run_address>
         <size>0x2cf8</size>
         <input_file_ref idref="fl-3"/>
      </object_component>
      <object_component id="oc-5b">
         <name>.debug_info</name>
         <load_address>0x9f77</load_address>
         <run_address>0x9f77</run_address>
         <size>0x573d</size>
         <input_file_ref idref="fl-4"/>
      </object_component>
      <object_component id="oc-60">
         <name>.debug_info</name>
         <load_address>0xf6b4</load_address>
         <run_address>0xf6b4</run_address>
         <size>0x1c31</size>
         <input_file_ref idref="fl-5"/>
      </object_component>
      <object_component id="oc-67">
         <name>.debug_info</name>
         <load_address>0x112e5</load_address>
         <run_address>0x112e5</run_address>
         <size>0x570b</size>
         <input_file_ref idref="fl-6"/>
      </object_component>
      <object_component id="oc-6c">
         <name>.debug_info</name>
         <load_address>0x169f0</load_address>
         <run_address>0x169f0</run_address>
         <size>0x202e</size>
         <input_file_ref idref="fl-7"/>
      </object_component>
      <object_component id="oc-74">
         <name>.debug_info</name>
         <load_address>0x18a1e</load_address>
         <run_address>0x18a1e</run_address>
         <size>0x1e6d</size>
         <input_file_ref idref="fl-8"/>
      </object_component>
      <object_component id="oc-7e">
         <name>.debug_info</name>
         <load_address>0x1a88b</load_address>
         <run_address>0x1a88b</run_address>
         <size>0x36d</size>
         <input_file_ref idref="fl-9"/>
      </object_component>
      <object_component id="oc-83">
         <name>.debug_info</name>
         <load_address>0x1abf8</load_address>
         <run_address>0x1abf8</run_address>
         <size>0x176</size>
         <input_file_ref idref="fl-a"/>
      </object_component>
      <object_component id="oc-88">
         <name>.debug_info</name>
         <load_address>0x1ad6e</load_address>
         <run_address>0x1ad6e</run_address>
         <size>0x17b</size>
         <input_file_ref idref="fl-b"/>
      </object_component>
      <object_component id="oc-8c">
         <name>.debug_info</name>
         <load_address>0x1aee9</load_address>
         <run_address>0x1aee9</run_address>
         <size>0x4cc</size>
         <input_file_ref idref="fl-c"/>
      </object_component>
      <object_component id="oc-92">
         <name>.debug_info</name>
         <load_address>0x1b3b5</load_address>
         <run_address>0x1b3b5</run_address>
         <size>0x178</size>
         <input_file_ref idref="fl-d"/>
      </object_component>
      <object_component id="oc-98">
         <name>.debug_info</name>
         <load_address>0x1b52d</load_address>
         <run_address>0x1b52d</run_address>
         <size>0x373</size>
         <input_file_ref idref="fl-e"/>
      </object_component>
      <object_component id="oc-9d">
         <name>.debug_info</name>
         <load_address>0x1b8a0</load_address>
         <run_address>0x1b8a0</run_address>
         <size>0x165</size>
         <input_file_ref idref="fl-f"/>
      </object_component>
      <object_component id="oc-a3">
         <name>.debug_info</name>
         <load_address>0x1ba05</load_address>
         <run_address>0x1ba05</run_address>
         <size>0x29b</size>
         <input_file_ref idref="fl-10"/>
      </object_component>
      <object_component id="oc-a8">
         <name>.debug_info</name>
         <load_address>0x1bca0</load_address>
         <run_address>0x1bca0</run_address>
         <size>0x29c</size>
         <input_file_ref idref="fl-11"/>
      </object_component>
      <object_component id="oc-ad">
         <name>.debug_info</name>
         <load_address>0x1bf3c</load_address>
         <run_address>0x1bf3c</run_address>
         <size>0x230</size>
         <input_file_ref idref="fl-12"/>
      </object_component>
      <object_component id="oc-b2">
         <name>.debug_info</name>
         <load_address>0x1c16c</load_address>
         <run_address>0x1c16c</run_address>
         <size>0x284</size>
         <input_file_ref idref="fl-13"/>
      </object_component>
      <object_component id="oc-b7">
         <name>.debug_info</name>
         <load_address>0x1c3f0</load_address>
         <run_address>0x1c3f0</run_address>
         <size>0x175</size>
         <input_file_ref idref="fl-14"/>
      </object_component>
      <object_component id="oc-bc">
         <name>.debug_info</name>
         <load_address>0x1c565</load_address>
         <run_address>0x1c565</run_address>
         <size>0x187</size>
         <input_file_ref idref="fl-15"/>
      </object_component>
      <object_component id="oc-c0">
         <name>.debug_info</name>
         <load_address>0x1c6ec</load_address>
         <run_address>0x1c6ec</run_address>
         <size>0x4cc</size>
         <input_file_ref idref="fl-16"/>
      </object_component>
      <object_component id="oc-c6">
         <name>.debug_info</name>
         <load_address>0x1cbb8</load_address>
         <run_address>0x1cbb8</run_address>
         <size>0x177</size>
         <input_file_ref idref="fl-17"/>
      </object_component>
      <object_component id="oc-cb">
         <name>.debug_info</name>
         <load_address>0x1cd2f</load_address>
         <run_address>0x1cd2f</run_address>
         <size>0x21c</size>
         <input_file_ref idref="fl-18"/>
      </object_component>
      <object_component id="oc-d0">
         <name>.debug_info</name>
         <load_address>0x1cf4b</load_address>
         <run_address>0x1cf4b</run_address>
         <size>0x162</size>
         <input_file_ref idref="fl-19"/>
      </object_component>
      <object_component id="oc-d5">
         <name>.debug_info</name>
         <load_address>0x1d0ad</load_address>
         <run_address>0x1d0ad</run_address>
         <size>0x167</size>
         <input_file_ref idref="fl-1a"/>
      </object_component>
      <object_component id="oc-da">
         <name>.debug_info</name>
         <load_address>0x1d214</load_address>
         <run_address>0x1d214</run_address>
         <size>0x179</size>
         <input_file_ref idref="fl-1b"/>
      </object_component>
      <object_component id="oc-df">
         <name>.debug_info</name>
         <load_address>0x1d38d</load_address>
         <run_address>0x1d38d</run_address>
         <size>0x168</size>
         <input_file_ref idref="fl-1c"/>
      </object_component>
      <object_component id="oc-e4">
         <name>.debug_info</name>
         <load_address>0x1d4f5</load_address>
         <run_address>0x1d4f5</run_address>
         <size>0x168</size>
         <input_file_ref idref="fl-1d"/>
      </object_component>
      <object_component id="oc-e9">
         <name>.debug_info</name>
         <load_address>0x1d65d</load_address>
         <run_address>0x1d65d</run_address>
         <size>0x164</size>
         <input_file_ref idref="fl-1e"/>
      </object_component>
      <object_component id="oc-ee">
         <name>.debug_info</name>
         <load_address>0x1d7c1</load_address>
         <run_address>0x1d7c1</run_address>
         <size>0x169</size>
         <input_file_ref idref="fl-1f"/>
      </object_component>
      <object_component id="oc-f3">
         <name>.debug_info</name>
         <load_address>0x1d92a</load_address>
         <run_address>0x1d92a</run_address>
         <size>0x17b</size>
         <input_file_ref idref="fl-20"/>
      </object_component>
      <object_component id="oc-f8">
         <name>.debug_info</name>
         <load_address>0x1daa5</load_address>
         <run_address>0x1daa5</run_address>
         <size>0x16c</size>
         <input_file_ref idref="fl-21"/>
      </object_component>
      <object_component id="oc-fd">
         <name>.debug_info</name>
         <load_address>0x1dc11</load_address>
         <run_address>0x1dc11</run_address>
         <size>0x169</size>
         <input_file_ref idref="fl-22"/>
      </object_component>
      <object_component id="oc-101">
         <name>.debug_info</name>
         <load_address>0x1dd7a</load_address>
         <run_address>0x1dd7a</run_address>
         <size>0x3b5</size>
         <input_file_ref idref="fl-23"/>
      </object_component>
      <object_component id="oc-106">
         <name>.debug_info</name>
         <load_address>0x1e12f</load_address>
         <run_address>0x1e12f</run_address>
         <size>0x455</size>
         <input_file_ref idref="fl-24"/>
      </object_component>
      <object_component id="oc-10c">
         <name>.debug_info</name>
         <load_address>0x1e584</load_address>
         <run_address>0x1e584</run_address>
         <size>0x166</size>
         <input_file_ref idref="fl-25"/>
      </object_component>
      <object_component id="oc-111">
         <name>.debug_info</name>
         <load_address>0x1e6ea</load_address>
         <run_address>0x1e6ea</run_address>
         <size>0x166</size>
         <input_file_ref idref="fl-26"/>
      </object_component>
      <object_component id="oc-116">
         <name>.debug_info</name>
         <load_address>0x1e850</load_address>
         <run_address>0x1e850</run_address>
         <size>0x168</size>
         <input_file_ref idref="fl-27"/>
      </object_component>
      <object_component id="oc-11b">
         <name>.debug_info</name>
         <load_address>0x1e9b8</load_address>
         <run_address>0x1e9b8</run_address>
         <size>0x168</size>
         <input_file_ref idref="fl-28"/>
      </object_component>
      <object_component id="oc-120">
         <name>.debug_info</name>
         <load_address>0x1eb20</load_address>
         <run_address>0x1eb20</run_address>
         <size>0x16a</size>
         <input_file_ref idref="fl-29"/>
      </object_component>
      <object_component id="oc-125">
         <name>.debug_info</name>
         <load_address>0x1ec8a</load_address>
         <run_address>0x1ec8a</run_address>
         <size>0x16c</size>
         <input_file_ref idref="fl-2a"/>
      </object_component>
      <object_component id="oc-12a">
         <name>.debug_info</name>
         <load_address>0x1edf6</load_address>
         <run_address>0x1edf6</run_address>
         <size>0x172</size>
         <input_file_ref idref="fl-2b"/>
      </object_component>
      <object_component id="oc-12f">
         <name>.debug_info</name>
         <load_address>0x1ef68</load_address>
         <run_address>0x1ef68</run_address>
         <size>0x168</size>
         <input_file_ref idref="fl-2c"/>
      </object_component>
      <object_component id="oc-134">
         <name>.debug_info</name>
         <load_address>0x1f0d0</load_address>
         <run_address>0x1f0d0</run_address>
         <size>0x16c</size>
         <input_file_ref idref="fl-2d"/>
      </object_component>
      <object_component id="oc-138">
         <name>.debug_info</name>
         <load_address>0x1f23c</load_address>
         <run_address>0x1f23c</run_address>
         <size>0x3c0</size>
         <input_file_ref idref="fl-2e"/>
      </object_component>
      <object_component id="oc-13e">
         <name>.debug_info</name>
         <load_address>0x1f5fc</load_address>
         <run_address>0x1f5fc</run_address>
         <size>0x168</size>
         <input_file_ref idref="fl-2f"/>
      </object_component>
      <object_component id="oc-143">
         <name>.debug_info</name>
         <load_address>0x1f764</load_address>
         <run_address>0x1f764</run_address>
         <size>0x168</size>
         <input_file_ref idref="fl-30"/>
      </object_component>
      <object_component id="oc-148">
         <name>.debug_info</name>
         <load_address>0x1f8cc</load_address>
         <run_address>0x1f8cc</run_address>
         <size>0x168</size>
         <input_file_ref idref="fl-31"/>
      </object_component>
      <object_component id="oc-14c">
         <name>.debug_info</name>
         <load_address>0x1fa34</load_address>
         <run_address>0x1fa34</run_address>
         <size>0x1342e</size>
         <input_file_ref idref="fl-32"/>
      </object_component>
      <object_component id="oc-181">
         <name>.debug_info</name>
         <load_address>0x32e62</load_address>
         <run_address>0x32e62</run_address>
         <size>0x106</size>
         <input_file_ref idref="fl-33"/>
      </object_component>
      <object_component id="oc-185">
         <name>.debug_info</name>
         <load_address>0x32f68</load_address>
         <run_address>0x32f68</run_address>
         <size>0x1eb1</size>
         <input_file_ref idref="fl-34"/>
      </object_component>
      <object_component id="oc-18a">
         <name>.debug_info</name>
         <load_address>0x34e19</load_address>
         <run_address>0x34e19</run_address>
         <size>0x9d3</size>
         <input_file_ref idref="fl-35"/>
      </object_component>
      <object_component id="oc-190">
         <name>.debug_info</name>
         <load_address>0x357ec</load_address>
         <run_address>0x357ec</run_address>
         <size>0x3e00</size>
         <input_file_ref idref="fl-36"/>
      </object_component>
      <object_component id="oc-195">
         <name>.debug_info</name>
         <load_address>0x395ec</load_address>
         <run_address>0x395ec</run_address>
         <size>0x2fba</size>
         <input_file_ref idref="fl-37"/>
      </object_component>
      <object_component id="oc-19b">
         <name>.debug_info</name>
         <load_address>0x3c5a6</load_address>
         <run_address>0x3c5a6</run_address>
         <size>0x1bb7</size>
         <input_file_ref idref="fl-38"/>
      </object_component>
      <object_component id="oc-1a0">
         <name>.debug_info</name>
         <load_address>0x3e15d</load_address>
         <run_address>0x3e15d</run_address>
         <size>0x49d6</size>
         <input_file_ref idref="fl-39"/>
      </object_component>
      <object_component id="oc-1a5">
         <name>.debug_info</name>
         <load_address>0x42b33</load_address>
         <run_address>0x42b33</run_address>
         <size>0xa93</size>
         <input_file_ref idref="fl-3a"/>
      </object_component>
      <object_component id="oc-1aa">
         <name>.debug_info</name>
         <load_address>0x435c6</load_address>
         <run_address>0x435c6</run_address>
         <size>0x22f7</size>
         <input_file_ref idref="fl-3b"/>
      </object_component>
      <object_component id="oc-1af">
         <name>.debug_info</name>
         <load_address>0x458bd</load_address>
         <run_address>0x458bd</run_address>
         <size>0x1bb6</size>
         <input_file_ref idref="fl-3c"/>
      </object_component>
      <object_component id="oc-1b4">
         <name>.debug_info</name>
         <load_address>0x47473</load_address>
         <run_address>0x47473</run_address>
         <size>0x20d4</size>
         <input_file_ref idref="fl-3d"/>
      </object_component>
      <object_component id="oc-1b9">
         <name>.debug_info</name>
         <load_address>0x49547</load_address>
         <run_address>0x49547</run_address>
         <size>0x216e</size>
         <input_file_ref idref="fl-3e"/>
      </object_component>
      <object_component id="oc-1bf">
         <name>.debug_info</name>
         <load_address>0x4b6b5</load_address>
         <run_address>0x4b6b5</run_address>
         <size>0x106</size>
         <input_file_ref idref="fl-3f"/>
      </object_component>
      <object_component id="oc-1c3">
         <name>.debug_info</name>
         <load_address>0x4b7bb</load_address>
         <run_address>0x4b7bb</run_address>
         <size>0x313b</size>
         <input_file_ref idref="fl-40"/>
      </object_component>
      <object_component id="oc-1cb">
         <name>.debug_info</name>
         <load_address>0x4e8f6</load_address>
         <run_address>0x4e8f6</run_address>
         <size>0x16b</size>
         <input_file_ref idref="fl-53"/>
      </object_component>
      <object_component id="oc-1cf">
         <name>.debug_info</name>
         <load_address>0x4ea61</load_address>
         <run_address>0x4ea61</run_address>
         <size>0x627</size>
         <input_file_ref idref="fl-54"/>
      </object_component>
      <object_component id="oc-1d5">
         <name>.debug_info</name>
         <load_address>0x4f088</load_address>
         <run_address>0x4f088</run_address>
         <size>0x112</size>
         <input_file_ref idref="fl-55"/>
      </object_component>
      <object_component id="oc-1d9">
         <name>.debug_info</name>
         <load_address>0x4f19a</load_address>
         <run_address>0x4f19a</run_address>
         <size>0x590</size>
         <input_file_ref idref="fl-56"/>
      </object_component>
      <object_component id="oc-1df">
         <name>.debug_info</name>
         <load_address>0x4f72a</load_address>
         <run_address>0x4f72a</run_address>
         <size>0x43a</size>
         <input_file_ref idref="fl-57"/>
      </object_component>
      <object_component id="oc-1e4">
         <name>.debug_info</name>
         <load_address>0x4fb64</load_address>
         <run_address>0x4fb64</run_address>
         <size>0x1bb</size>
         <input_file_ref idref="fl-58"/>
      </object_component>
      <object_component id="oc-1e8">
         <name>.debug_info</name>
         <load_address>0x4fd1f</load_address>
         <run_address>0x4fd1f</run_address>
         <size>0x5ab</size>
         <input_file_ref idref="fl-59"/>
      </object_component>
      <object_component id="oc-1f0">
         <name>.debug_info</name>
         <load_address>0x502ca</load_address>
         <run_address>0x502ca</run_address>
         <size>0x10c</size>
         <input_file_ref idref="fl-5a"/>
      </object_component>
      <object_component id="oc-1f4">
         <name>.debug_info</name>
         <load_address>0x503d6</load_address>
         <run_address>0x503d6</run_address>
         <size>0x3e2</size>
         <input_file_ref idref="fl-5b"/>
      </object_component>
      <object_component id="oc-1f9">
         <name>.debug_info</name>
         <load_address>0x507b8</load_address>
         <run_address>0x507b8</run_address>
         <size>0x568</size>
         <input_file_ref idref="fl-5c"/>
      </object_component>
      <object_component id="oc-1ff">
         <name>.debug_info</name>
         <load_address>0x50d20</load_address>
         <run_address>0x50d20</run_address>
         <size>0x422</size>
         <input_file_ref idref="fl-5d"/>
      </object_component>
      <object_component id="oc-204">
         <name>.debug_info</name>
         <load_address>0x51142</load_address>
         <run_address>0x51142</run_address>
         <size>0x434</size>
         <input_file_ref idref="fl-5e"/>
      </object_component>
      <object_component id="oc-209">
         <name>.debug_info</name>
         <load_address>0x51576</load_address>
         <run_address>0x51576</run_address>
         <size>0x3df</size>
         <input_file_ref idref="fl-5f"/>
      </object_component>
      <object_component id="oc-20e">
         <name>.debug_info</name>
         <load_address>0x51955</load_address>
         <run_address>0x51955</run_address>
         <size>0x501</size>
         <input_file_ref idref="fl-60"/>
      </object_component>
      <object_component id="oc-213">
         <name>.debug_info</name>
         <load_address>0x51e56</load_address>
         <run_address>0x51e56</run_address>
         <size>0x4ce</size>
         <input_file_ref idref="fl-61"/>
      </object_component>
      <object_component id="oc-28c">
         <name>.debug_info</name>
         <load_address>0x52324</load_address>
         <run_address>0x52324</run_address>
         <size>0xaf</size>
      </object_component>
      <object_component id="oc-52">
         <name>.debug_frame</name>
         <load_address>0x0</load_address>
         <run_address>0x0</run_address>
         <size>0x16b</size>
         <input_file_ref idref="fl-2"/>
      </object_component>
      <object_component id="oc-57">
         <name>.debug_frame</name>
         <load_address>0x16b</load_address>
         <run_address>0x16b</run_address>
         <size>0x2e</size>
         <input_file_ref idref="fl-3"/>
      </object_component>
      <object_component id="oc-5c">
         <name>.debug_frame</name>
         <load_address>0x199</load_address>
         <run_address>0x199</run_address>
         <size>0x5f</size>
         <input_file_ref idref="fl-4"/>
      </object_component>
      <object_component id="oc-63">
         <name>.debug_frame</name>
         <load_address>0x1f8</load_address>
         <run_address>0x1f8</run_address>
         <size>0x43</size>
         <input_file_ref idref="fl-5"/>
      </object_component>
      <object_component id="oc-68">
         <name>.debug_frame</name>
         <load_address>0x23b</load_address>
         <run_address>0x23b</run_address>
         <size>0x5f</size>
         <input_file_ref idref="fl-6"/>
      </object_component>
      <object_component id="oc-70">
         <name>.debug_frame</name>
         <load_address>0x29a</load_address>
         <run_address>0x29a</run_address>
         <size>0x9e</size>
         <input_file_ref idref="fl-7"/>
      </object_component>
      <object_component id="oc-78">
         <name>.debug_frame</name>
         <load_address>0x338</load_address>
         <run_address>0x338</run_address>
         <size>0x9d</size>
         <input_file_ref idref="fl-8"/>
      </object_component>
      <object_component id="oc-8d">
         <name>.debug_frame</name>
         <load_address>0x3d5</load_address>
         <run_address>0x3d5</run_address>
         <size>0x2e</size>
         <input_file_ref idref="fl-c"/>
      </object_component>
      <object_component id="oc-c1">
         <name>.debug_frame</name>
         <load_address>0x403</load_address>
         <run_address>0x403</run_address>
         <size>0x2e</size>
         <input_file_ref idref="fl-16"/>
      </object_component>
      <object_component id="oc-102">
         <name>.debug_frame</name>
         <load_address>0x431</load_address>
         <run_address>0x431</run_address>
         <size>0x2e</size>
         <input_file_ref idref="fl-23"/>
      </object_component>
      <object_component id="oc-107">
         <name>.debug_frame</name>
         <load_address>0x45f</load_address>
         <run_address>0x45f</run_address>
         <size>0x2e</size>
         <input_file_ref idref="fl-24"/>
      </object_component>
      <object_component id="oc-139">
         <name>.debug_frame</name>
         <load_address>0x48d</load_address>
         <run_address>0x48d</run_address>
         <size>0x2e</size>
         <input_file_ref idref="fl-2e"/>
      </object_component>
      <object_component id="oc-186">
         <name>.debug_frame</name>
         <load_address>0x4bb</load_address>
         <run_address>0x4bb</run_address>
         <size>0x2e</size>
         <input_file_ref idref="fl-34"/>
      </object_component>
      <object_component id="oc-18c">
         <name>.debug_frame</name>
         <load_address>0x4e9</load_address>
         <run_address>0x4e9</run_address>
         <size>0x5e</size>
         <input_file_ref idref="fl-35"/>
      </object_component>
      <object_component id="oc-191">
         <name>.debug_frame</name>
         <load_address>0x547</load_address>
         <run_address>0x547</run_address>
         <size>0x3f1</size>
         <input_file_ref idref="fl-36"/>
      </object_component>
      <object_component id="oc-197">
         <name>.debug_frame</name>
         <load_address>0x938</load_address>
         <run_address>0x938</run_address>
         <size>0xb9f</size>
         <input_file_ref idref="fl-37"/>
      </object_component>
      <object_component id="oc-19c">
         <name>.debug_frame</name>
         <load_address>0x14d7</load_address>
         <run_address>0x14d7</run_address>
         <size>0x2e</size>
         <input_file_ref idref="fl-38"/>
      </object_component>
      <object_component id="oc-1a1">
         <name>.debug_frame</name>
         <load_address>0x1505</load_address>
         <run_address>0x1505</run_address>
         <size>0x2e</size>
         <input_file_ref idref="fl-39"/>
      </object_component>
      <object_component id="oc-1a6">
         <name>.debug_frame</name>
         <load_address>0x1533</load_address>
         <run_address>0x1533</run_address>
         <size>0x2e</size>
         <input_file_ref idref="fl-3a"/>
      </object_component>
      <object_component id="oc-1ab">
         <name>.debug_frame</name>
         <load_address>0x1561</load_address>
         <run_address>0x1561</run_address>
         <size>0x49</size>
         <input_file_ref idref="fl-3b"/>
      </object_component>
      <object_component id="oc-1b0">
         <name>.debug_frame</name>
         <load_address>0x15aa</load_address>
         <run_address>0x15aa</run_address>
         <size>0x2e</size>
         <input_file_ref idref="fl-3c"/>
      </object_component>
      <object_component id="oc-1b5">
         <name>.debug_frame</name>
         <load_address>0x15d8</load_address>
         <run_address>0x15d8</run_address>
         <size>0xba</size>
         <input_file_ref idref="fl-3d"/>
      </object_component>
      <object_component id="oc-1ba">
         <name>.debug_frame</name>
         <load_address>0x1692</load_address>
         <run_address>0x1692</run_address>
         <size>0x2e</size>
         <input_file_ref idref="fl-3e"/>
      </object_component>
      <object_component id="oc-1c5">
         <name>.debug_frame</name>
         <load_address>0x16c0</load_address>
         <run_address>0x16c0</run_address>
         <size>0x2e</size>
         <input_file_ref idref="fl-40"/>
      </object_component>
      <object_component id="oc-1d0">
         <name>.debug_frame</name>
         <load_address>0x16ee</load_address>
         <run_address>0x16ee</run_address>
         <size>0x5c</size>
         <input_file_ref idref="fl-54"/>
      </object_component>
      <object_component id="oc-1db">
         <name>.debug_frame</name>
         <load_address>0x174a</load_address>
         <run_address>0x174a</run_address>
         <size>0x4a</size>
         <input_file_ref idref="fl-56"/>
      </object_component>
      <object_component id="oc-1e0">
         <name>.debug_frame</name>
         <load_address>0x1794</load_address>
         <run_address>0x1794</run_address>
         <size>0x49</size>
         <input_file_ref idref="fl-57"/>
      </object_component>
      <object_component id="oc-1eb">
         <name>.debug_frame</name>
         <load_address>0x17dd</load_address>
         <run_address>0x17dd</run_address>
         <size>0x61</size>
         <input_file_ref idref="fl-59"/>
      </object_component>
      <object_component id="oc-1f5">
         <name>.debug_frame</name>
         <load_address>0x183e</load_address>
         <run_address>0x183e</run_address>
         <size>0x43</size>
         <input_file_ref idref="fl-5b"/>
      </object_component>
      <object_component id="oc-1fb">
         <name>.debug_frame</name>
[...]
      </symbol>
      <symbol id="sm-54c">
         <name>_DMACH3AddrConfig</name>
         <value>0x9155</value>
         <object_component_ref idref="oc-227"/>
      </symbol>
      <symbol id="sm-54d">
         <name>_DMACH4AddrConfig</name>
         <value>0x91fa</value>
         <object_component_ref idref="oc-227"/>
      </symbol>
      <symbol id="sm-54e">
         <name>_DMACH5AddrConfig</name>
         <value>0x929f</value>
         <object_component_ref idref="oc-227"/>
      </symbol>
      <symbol id="sm-54f">
         <name>_DMACH6AddrConfig</name>
         <value>0x9344</value>
         <object_component_ref idref="oc-227"/>
      </symbol>
      <symbol id="sm-550">
         <name>_DMACH6BurstConfig</name>
         <value>0x9354</value>
         <object_component_ref idref="oc-227"/>
      </symbol>
      <symbol id="sm-551">
         <name>_DMACH3BurstConfig</name>
         <value>0x9165</value>
         <object_component_ref idref="oc-227"/>
      </symbol>
      <symbol id="sm-5ac">
         <name>_ILLEGAL_ISR</name>
         <value>0x9437</value>
         <object_component_ref idref="oc-196"/>
      </symbol>
      <symbol id="sm-5ad">
         <name>_EPWM6_INT_ISR</name>
         <value>0x956d</value>
         <object_component_ref idref="oc-196"/>
      </symbol>
      <symbol id="sm-5ae">
         <name>_DATALOG_ISR</name>
         <value>0x940f</value>
         <object_component_ref idref="oc-196"/>
      </symbol>
      <symbol id="sm-5af">
         <name>_SPITXINTA_ISR</name>
         <value>0x95d1</value>
         <object_component_ref idref="oc-196"/>
      </symbol>
      <symbol id="sm-5b0">
         <name>_SPIRXINTA_ISR</name>
         <value>0x95c7</value>
         <object_component_ref idref="oc-196"/>
      </symbol>
      <symbol id="sm-5b1">
         <name>_DINTCH3_ISR</name>
         <value>0x9617</value>
         <object_component_ref idref="oc-196"/>
      </symbol>
      <symbol id="sm-5b2">
         <name>_XINT4_ISR</name>
         <value>0x96c1</value>
         <object_component_ref idref="oc-196"/>
      </symbol>
      <symbol id="sm-5b3">
         <name>_SEQ1INT_ISR</name>
         <value>0x94b9</value>
         <object_component_ref idref="oc-196"/>
      </symbol>
      <symbol id="sm-5b4">
         <name>_ECAP3_INT_ISR</name>
         <value>0x958b</value>
         <object_component_ref idref="oc-196"/>
      </symbol>
      <symbol id="sm-5b5">
         <name>_INT13_ISR</name>
         <value>0x93e9</value>
         <object_component_ref idref="oc-196"/>
      </symbol>
      <symbol id="sm-5b6">
         <name>_MXINTA_ISR</name>
         <value>0x95f9</value>
         <object_component_ref idref="oc-196"/>
      </symbol>
      <symbol id="sm-5b7">
         <name>_EPWM4_INT_ISR</name>
         <value>0x9559</value>
         <object_component_ref idref="oc-196"/>
      </symbol>
      <symbol id="sm-5b8">
         <name>_USER5_ISR</name>
         <value>0x9469</value>
         <object_component_ref idref="oc-196"/>
      </symbol>
      <symbol id="sm-5b9">
         <name>_XINT7_ISR</name>
         <value>0x96df</value>
         <object_component_ref idref="oc-196"/>
      </symbol>
      <symbol id="sm-5ba">
         <name>_EPWM5_TZINT_ISR</name>
         <value>0x9527</value>
         <object_component_ref idref="oc-196"/>
      </symbol>
      <symbol id="sm-5bb">
         <name>_EPWM4_TZINT_ISR</name>
         <value>0x951d</value>
         <object_component_ref idref="oc-196"/>
      </symbol>
      <symbol id="sm-5bc">
         <name>_ECAN0INTA_ISR</name>
         <value>0x968f</value>
         <object_component_ref idref="oc-196"/>
      </symbol>
      <symbol id="sm-5bd">
         <name>_EPWM6_TZINT_ISR</name>
         <value>0x9531</value>
         <object_component_ref idref="oc-196"/>
      </symbol>
      <symbol id="sm-5be">
         <name>_EMUINT_ISR</name>
         <value>0x9423</value>
         <object_component_ref idref="oc-196"/>
      </symbol>
      <symbol id="sm-5bf">
         <name>_ECAP1_INT_ISR</name>
         <value>0x9577</value>
         <object_component_ref idref="oc-196"/>
      </symbol>
      <symbol id="sm-5c0">
         <name>_EPWM1_TZINT_ISR</name>
         <value>0x94ff</value>
         <object_component_ref idref="oc-196"/>
      </symbol>
      <symbol id="sm-5c1">
         <name>_EQEP2_INT_ISR</name>
         <value>0x95bd</value>
         <object_component_ref idref="oc-196"/>
      </symbol>
      <symbol id="sm-5c2">
         <name>_USER11_ISR</name>
         <value>0x94a5</value>
         <object_component_ref idref="oc-196"/>
      </symbol>
      <symbol id="sm-5c3">
         <name>_EPWM3_TZINT_ISR</name>
         <value>0x9513</value>
         <object_component_ref idref="oc-196"/>
      </symbol>
      <symbol id="sm-5c4">
         <name>_USER4_ISR</name>
         <value>0x945f</value>
         <object_component_ref idref="oc-196"/>
      </symbol>
      <symbol id="sm-5c5">
         <name>_EPWM2_TZINT_ISR</name>
         <value>0x9509</value>
         <object_component_ref idref="oc-196"/>
      </symbol>
      <symbol id="sm-5c6">
         <name>_XINT6_ISR</name>
         <value>0x96d5</value>
         <object_component_ref idref="oc-196"/>
      </symbol>
      <symbol id="sm-5c7">
         <name>_EPWM2_INT_ISR</name>
         <value>0x9545</value>
         <object_component_ref idref="oc-196"/>
      </symbol>
      <symbol id="sm-5c8">
         <name>_ECAN0INTB_ISR</name>
         <value>0x96a3</value>
         <object_component_ref idref="oc-196"/>
      </symbol>
      <symbol id="sm-5c9">
         <name>_TINT0_ISR</name>
         <value>0x94eb</value>
         <object_component_ref idref="oc-196"/>
      </symbol>
      <symbol id="sm-5ca">
         <name>_WAKEINT_ISR</name>
         <value>0x94f5</value>
         <object_component_ref idref="oc-196"/>
      </symbol>
      <symbol id="sm-5cb">
         <name>_DINTCH4_ISR</name>
         <value>0x9621</value>
         <object_component_ref idref="oc-196"/>
      </symbol>
      <symbol id="sm-5cc">
         <name>_USER10_ISR</name>
         <value>0x949b</value>
         <object_component_ref idref="oc-196"/>
      </symbol>
      <symbol id="sm-5cd">
         <name>_USER7_ISR</name>
         <value>0x947d</value>
         <object_component_ref idref="oc-196"/>
      </symbol>
      <symbol id="sm-5ce">
         <name>_XINT1_ISR</name>
         <value>0x94cd</value>
         <object_component_ref idref="oc-196"/>
      </symbol>
      <symbol id="sm-5cf">
         <name>_ECAP6_INT_ISR</name>
         <value>0x95a9</value>
         <object_component_ref idref="oc-196"/>
      </symbol>
      <symbol id="sm-5d0">
         <name>_INT14_ISR</name>
         <value>0x9405</value>
         <object_component_ref idref="oc-196"/>
      </symbol>
      <symbol id="sm-5d1">
         <name>_MXINTB_ISR</name>
         <value>0x95e5</value>
         <object_component_ref idref="oc-196"/>
      </symbol>
      <symbol id="sm-5d2">
         <name>_DINTCH5_ISR</name>
         <value>0x962b</value>
         <object_component_ref idref="oc-196"/>
      </symbol>
      <symbol id="sm-5d3">
         <name>_USER6_ISR</name>
         <value>0x9473</value>
         <object_component_ref idref="oc-196"/>
      </symbol>
      <symbol id="sm-5d4">
         <name>_ECAP4_INT_ISR</name>
         <value>0x9595</value>
         <object_component_ref idref="oc-196"/>
      </symbol>
      <symbol id="sm-5d5">
         <name>_MRINTA_ISR</name>
         <value>0x95ef</value>
         <object_component_ref idref="oc-196"/>
      </symbol>
      <symbol id="sm-5d6">
         <name>_DINTCH6_ISR</name>
         <value>0x9635</value>
         <object_component_ref idref="oc-196"/>
      </symbol>
      <symbol id="sm-5d7">
         <name>_USER12_ISR</name>
         <value>0x94af</value>
         <object_component_ref idref="oc-196"/>
      </symbol>
      <symbol id="sm-5d8">
         <name>_ADCINT_ISR</name>
         <value>0x94e1</value>
         <object_component_ref idref="oc-196"/>
      </symbol>
      <symbol id="sm-5d9">
         <name>_USER1_ISR</name>
         <value>0x9441</value>
         <object_component_ref idref="oc-196"/>
      </symbol>
      <symbol id="sm-5da">
         <name>_XINT3_ISR</name>
         <value>0x96b7</value>
         <object_component_ref idref="oc-196"/>
      </symbol>
      <symbol id="sm-5db">
         <name>_EPWM5_INT_ISR</name>
         <value>0x9563</value>
         <object_component_ref idref="oc-196"/>
      </symbol>
      <symbol id="sm-5dc">
         <name>_NMI_ISR</name>
         <value>0x942d</value>
         <object_component_ref idref="oc-196"/>
      </symbol>
      <symbol id="sm-5dd">
         <name>_SCITXINTB_ISR</name>
         <value>0x9685</value>
         <object_component_ref idref="oc-196"/>
      </symbol>
      <symbol id="sm-5de">
         <name>_SCIRXINTB_ISR</name>
         <value>0x967b</value>
         <object_component_ref idref="oc-196"/>
      </symbol>
      <symbol id="sm-5df">
         <name>_ECAN1INTA_ISR</name>
         <value>0x9699</value>
         <object_component_ref idref="oc-196"/>
      </symbol>
      <symbol id="sm-5e0">
         <name>_ECAP2_INT_ISR</name>
         <value>0x9581</value>
         <object_component_ref idref="oc-196"/>
      </symbol>
      <symbol id="sm-5e1">
         <name>_PIE_RESERVED</name>
         <value>0x96fd</value>
         <object_component_ref idref="oc-196"/>
      </symbol>
      <symbol id="sm-5e2">
         <name>_I2CINT1A_ISR</name>
         <value>0x963f</value>
         <object_component_ref idref="oc-196"/>
      </symbol>
      <symbol id="sm-5e3">
         <name>_XINT2_ISR</name>
         <value>0x94d7</value>
         <object_component_ref idref="oc-196"/>
      </symbol>
      <symbol id="sm-5e4">
         <name>_I2CINT2A_ISR</name>
         <value>0x9649</value>
         <object_component_ref idref="oc-196"/>
      </symbol>
      <symbol id="sm-5e5">
         <name>_SCITXINTC_ISR</name>
         <value>0x965d</value>
         <object_component_ref idref="oc-196"/>
      </symbol>
      <symbol id="sm-5e6">
         <name>_SCIRXINTC_ISR</name>
         <value>0x9653</value>
         <object_component_ref idref="oc-196"/>
      </symbol>
      <symbol id="sm-5e7">
         <name>_RTOSINT_ISR</name>
         <value>0x9419</value>
         <object_component_ref idref="oc-196"/>
      </symbol>
      <symbol id="sm-5e8">
         <name>_EPWM3_INT_ISR</name>
         <value>0x954f</value>
         <object_component_ref idref="oc-196"/>
      </symbol>
      <symbol id="sm-5e9">
         <name>_ECAN1INTB_ISR</name>
         <value>0x96ad</value>
         <object_component_ref idref="oc-196"/>
      </symbol>
      <symbol id="sm-5ea">
         <name>_USER9_ISR</name>
         <value>0x9491</value>
         <object_component_ref idref="oc-196"/>
      </symbol>
      <symbol id="sm-5eb">
         <name>_USER3_ISR</name>
         <value>0x9455</value>
         <object_component_ref idref="oc-196"/>
      </symbol>
      <symbol id="sm-5ec">
         <name>_EQEP1_INT_ISR</name>
         <value>0x95b3</value>
         <object_component_ref idref="oc-196"/>
      </symbol>
      <symbol id="sm-5ed">
         <name>_MRINTB_ISR</name>
         <value>0x95db</value>
         <object_component_ref idref="oc-196"/>
      </symbol>
      <symbol id="sm-5ee">
         <name>_DINTCH1_ISR</name>
         <value>0x9603</value>
         <object_component_ref idref="oc-196"/>
      </symbol>
      <symbol id="sm-5ef">
         <name>_USER8_ISR</name>
         <value>0x9487</value>
         <object_component_ref idref="oc-196"/>
      </symbol>
      <symbol id="sm-5f0">
         <name>_EPWM1_INT_ISR</name>
         <value>0x953b</value>
         <object_component_ref idref="oc-196"/>
      </symbol>
      <symbol id="sm-5f1">
         <name>_SEQ2INT_ISR</name>
         <value>0x94c3</value>
         <object_component_ref idref="oc-196"/>
      </symbol>
      <symbol id="sm-5f2">
         <name>_USER2_ISR</name>
         <value>0x944b</value>
         <object_component_ref idref="oc-196"/>
      </symbol>
      <symbol id="sm-5f3">
         <name>_LUF_ISR</name>
         <value>0x96f3</value>
         <object_component_ref idref="oc-196"/>
      </symbol>
      <symbol id="sm-5f4">
         <name>_LVF_ISR</name>
         <value>0x96e9</value>
         <object_component_ref idref="oc-196"/>
      </symbol>
      <symbol id="sm-5f5">
         <name>_SCITXINTA_ISR</name>
         <value>0x9671</value>
         <object_component_ref idref="oc-196"/>
      </symbol>
      <symbol id="sm-5f6">
         <name>_SCIRXINTA_ISR</name>
         <value>0x9667</value>
         <object_component_ref idref="oc-196"/>
      </symbol>
      <symbol id="sm-5f7">
         <name>_rsvd_ISR</name>
         <value>0x9707</value>
         <object_component_ref idref="oc-196"/>
      </symbol>
      <symbol id="sm-5f8">
         <name>_ECAP5_INT_ISR</name>
         <value>0x959f</value>
         <object_component_ref idref="oc-196"/>
      </symbol>
      <symbol id="sm-5f9">
         <name>_DINTCH2_ISR</name>
         <value>0x960d</value>
         <object_component_ref idref="oc-196"/>
      </symbol>
      <symbol id="sm-5fa">
         <name>_XINT5_ISR</name>
         <value>0x96cb</value>
         <object_component_ref idref="oc-196"/>
      </symbol>
      <symbol id="sm-629">
         <name>_PieVectTableInit</name>
         <value>0xd000</value>
         <object_component_ref idref="oc-232"/>
      </symbol>
      <symbol id="sm-62a">
         <name>_InitPieVectTable</name>
         <value>0xad31</value>
         <object_component_ref idref="oc-228"/>
      </symbol>
      <symbol id="sm-64a">
         <name>_InitPll</name>
         <value>0xa058</value>
         <object_component_ref idref="oc-229"/>
      </symbol>
      <symbol id="sm-64b">
         <name>_DisableDog</name>
         <value>0xa050</value>
         <object_component_ref idref="oc-229"/>
      </symbol>
      <symbol id="sm-64c">
         <name>_InitPeripheralClocks</name>
         <value>0xa0a9</value>
         <object_component_ref idref="oc-229"/>
      </symbol>
      <symbol id="sm-64d">
         <name>_CsmUnlock</name>
         <value>0xa104</value>
         <object_component_ref idref="oc-229"/>
      </symbol>
      <symbol id="sm-64e">
         <name>_ServiceDog</name>
         <value>0xa046</value>
         <object_component_ref idref="oc-229"/>
      </symbol>
      <symbol id="sm-64f">
         <name>_InitSysCtrl</name>
         <value>0xa03d</value>
         <object_component_ref idref="oc-229"/>
      </symbol>
      <symbol id="sm-665">
         <name>_DSP28x_usDelay</name>
         <value>0x88c5</value>
         <object_component_ref idref="oc-1be"/>
      </symbol>
      <symbol id="sm-68f">
         <name>_c_int00</name>
         <value>0xa925</value>
         <object_component_ref idref="oc-4d"/>
      </symbol>
      <symbol id="sm-690">
         <name>__stack</name>
         <value>0x400</value>
         <object_component_ref idref="oc-1c9"/>
      </symbol>
      <symbol id="sm-6a6">
         <name>_copy_in</name>
         <value>0xaa6a</value>
         <object_component_ref idref="oc-219"/>
      </symbol>
      <symbol id="sm-6b5">
         <name>_ppcopy</name>
         <value>0xae5f</value>
         <object_component_ref idref="oc-1d4"/>
      </symbol>
      <symbol id="sm-6b6">
         <name>_dpcopy</name>
         <value>0xae5f</value>
         <object_component_ref idref="oc-1d4"/>
      </symbol>
      <symbol id="sm-6b7">
         <name>_pdcopy</name>
         <value>0xae5f</value>
         <object_component_ref idref="oc-1d4"/>
      </symbol>
      <symbol id="sm-6b8">
         <name>_ddcopy</name>
         <value>0xae5f</value>
         <object_component_ref idref="oc-1d4"/>
      </symbol>
      <symbol id="sm-6e8">
         <name>_atan2f</name>
         <value>0xa135</value>
         <object_component_ref idref="oc-21f"/>
      </symbol>
      <symbol id="sm-6e9">
         <name>_atan2</name>
         <value>0xa135</value>
         <object_component_ref idref="oc-21f"/>
      </symbol>
      <symbol id="sm-6fa">
         <name>_sqrtf</name>
         <value>0xacea</value>
         <object_component_ref idref="oc-21e"/>
      </symbol>
      <symbol id="sm-6fb">
         <name>_sqrt</name>
         <value>0xacea</value>
         <object_component_ref idref="oc-21e"/>
      </symbol>
      <symbol id="sm-706">
         <name>_errno</name>
         <value>0xbfb4</value>
         <object_component_ref idref="oc-1e6"/>
      </symbol>
      <symbol id="sm-71b">
         <name>C$$EXIT</name>
         <value>0xacc1</value>
         <object_component_ref idref="oc-21c"/>
      </symbol>
      <symbol id="sm-71c">
         <name>_exit</name>
         <value>0xacc3</value>
         <object_component_ref idref="oc-21c"/>
      </symbol>
      <symbol id="sm-71d">
         <name>___TI_cleanup_ptr</name>
         <value>0xbfa4</value>
         <object_component_ref idref="oc-1ea"/>
      </symbol>
      <symbol id="sm-71e">
         <name>___TI_enable_exit_profile_output</name>
         <value>0xbfa2</value>
         <object_component_ref idref="oc-1ea"/>
      </symbol>
      <symbol id="sm-71f">
         <name>_abort</name>
         <value>0xacc1</value>
         <object_component_ref idref="oc-21c"/>
      </symbol>
      <symbol id="sm-720">
         <name>___TI_dtors_ptr</name>
         <value>0xbfa6</value>
         <object_component_ref idref="oc-1ea"/>
      </symbol>
      <symbol id="sm-731">
         <name>FS$$DIV</name>
         <value>0xa542</value>
         <object_component_ref idref="oc-1ef"/>
      </symbol>
      <symbol id="sm-73e">
         <name>__system_pre_init</name>
         <value>0xaef5</value>
         <object_component_ref idref="oc-218"/>
      </symbol>
      <symbol id="sm-764">
         <name>_atan</name>
         <value>0xa209</value>
         <object_component_ref idref="oc-223"/>
      </symbol>
      <symbol id="sm-765">
         <name>_atanf</name>
         <value>0xa209</value>
         <object_component_ref idref="oc-223"/>
      </symbol>
      <symbol id="sm-774">
         <name>_cos</name>
         <value>0xa7b3</value>
         <object_component_ref idref="oc-22c"/>
      </symbol>
      <symbol id="sm-775">
         <name>_cosf</name>
         <value>0xa7b3</value>
         <object_component_ref idref="oc-22c"/>
      </symbol>
      <symbol id="sm-783">
         <name>_sin</name>
         <value>0xa8cd</value>
         <object_component_ref idref="oc-21d"/>
      </symbol>
      <symbol id="sm-784">
         <name>_sinf</name>
         <value>0xa8cd</value>
         <object_component_ref idref="oc-21d"/>
      </symbol>
      <symbol id="sm-791">
         <name>__system_post_cinit</name>
         <value>0x9711</value>
         <object_component_ref idref="oc-21a"/>
      </symbol>
      <symbol id="sm-7a6">
         <name>__unlock</name>
         <value>0xbfb0</value>
         <object_component_ref idref="oc-233"/>
      </symbol>
      <symbol id="sm-7a7">
         <name>__lock</name>
         <value>0xbfae</value>
         <object_component_ref idref="oc-221"/>
      </symbol>
      <symbol id="sm-7a8">
         <name>__register_lock</name>
         <value>0xaedb</value>
         <object_component_ref idref="oc-22d"/>
      </symbol>
      <symbol id="sm-7a9">
         <name>__nop</name>
         <value>0xaedf</value>
         <object_component_ref idref="oc-22d"/>
      </symbol>
      <symbol id="sm-7aa">
         <name>__register_unlock</name>
         <value>0xaed7</value>
         <object_component_ref idref="oc-22d"/>
      </symbol>
      <symbol id="sm-7ba">
         <name>__args_main</name>
         <value>0xae79</value>
         <object_component_ref idref="oc-21b"/>
      </symbol>
   </symbol_table>
   <title>Link successful</title>
</link_info>
