<?xml version="1.0"?>
<link_info>
   <banner>TMS320C2000 Linker PC v16.6.0.STS</banner>
   <copyright>Copyright (c) 1996-2015 Texas Instruments Incorporated</copyright>
   <link_time>0x58da0892</link_time>
   <link_errors>0x9</link_errors>
   <output_file>Lab8_Fourier.out</output_file>
   <entry_point>
      <name>_c_int00</name>
      <address>0xa50b</address>
   </entry_point>
   <input_file_list>
      <input_file id="fl-2">
         <path>.\</path>
         <kind>object</kind>
         <file>Dma_int.obj</file>
         <name>Dma_int.obj</name>
      </input_file>
      <input_file id="fl-3">
         <path>.\</path>
         <kind>object</kind>
         <file>Lab9_fftProject.obj</file>
         <name>Lab9_fftProject.obj</name>
      </input_file>
      <input_file id="fl-4">
         <path>.\</path>
         <kind>object</kind>
         <file>Sram.obj</file>
         <name>Sram.obj</name>
      </input_file>
      <input_file id="fl-5">
         <path>.\</path>
         <kind>object</kind>
         <file>analogToDigitalConverter.obj</file>
         <name>analogToDigitalConverter.obj</name>
      </input_file>
      <input_file id="fl-6">
         <path>.\</path>
         <kind>object</kind>
         <file>audioCntrl.obj</file>
         <name>audioCntrl.obj</name>
      </input_file>
      <input_file id="fl-7">
         <path>.\</path>
         <kind>object</kind>
         <file>digitalToAnalogConverter.obj</file>
         <name>digitalToAnalogConverter.obj</name>
      </input_file>
      <input_file id="fl-8">
         <path>.\</path>
         <kind>object</kind>
         <file>main.obj</file>
         <name>main.obj</name>
      </input_file>
      <input_file id="fl-9">
         <path>.\</path>
         <kind>object</kind>
         <file>timer.obj</file>
         <name>timer.obj</name>
      </input_file>
      <input_file id="fl-a">
         <path>.\</path>
         <kind>object</kind>
         <file>timer2.obj</file>
         <name>timer2.obj</name>
      </input_file>
      <input_file id="fl-b">
         <path>.\C28x_FPU_LIB\</path>
         <kind>object</kind>
         <file>RFFT_adc_f32.obj</file>
         <name>RFFT_adc_f32.obj</name>
      </input_file>
      <input_file id="fl-c">
         <path>.\C28x_FPU_LIB\</path>
         <kind>object</kind>
         <file>RFFT_adc_f32u.obj</file>
         <name>RFFT_adc_f32u.obj</name>
      </input_file>
      <input_file id="fl-d">
         <path>.\C28x_FPU_LIB\</path>
         <kind>object</kind>
         <file>RFFT_f32.obj</file>
         <name>RFFT_f32.obj</name>
      </input_file>
      <input_file id="fl-e">
         <path>.\C28x_FPU_LIB\</path>
         <kind>object</kind>
         <file>RFFT_f32_mag.obj</file>
         <name>RFFT_f32_mag.obj</name>
      </input_file>
      <input_file id="fl-f">
         <path>.\C28x_FPU_LIB\</path>
         <kind>object</kind>
         <file>RFFT_f32_phase.obj</file>
         <name>RFFT_f32_phase.obj</name>
      </input_file>
      <input_file id="fl-10">
         <path>.\C28x_FPU_LIB\</path>
         <kind>object</kind>
         <file>RFFT_f32_sincostable.obj</file>
         <name>RFFT_f32_sincostable.obj</name>
      </input_file>
      <input_file id="fl-11">
         <path>.\C28x_FPU_LIB\</path>
         <kind>object</kind>
         <file>RFFT_f32s_mag.obj</file>
         <name>RFFT_f32s_mag.obj</name>
      </input_file>
      <input_file id="fl-12">
         <path>.\C28x_FPU_LIB\</path>
         <kind>object</kind>
         <file>RFFT_f32u.obj</file>
         <name>RFFT_f32u.obj</name>
      </input_file>
      <input_file id="fl-13">
         <path>.\Headers\</path>
         <kind>object</kind>
         <file>DSP2833x_GlobalVariableDefs.obj</file>
         <name>DSP2833x_GlobalVariableDefs.obj</name>
      </input_file>
      <input_file id="fl-14">
         <path>.\Source\</path>
         <kind>object</kind>
         <file>DSP2833x_ADC_cal.obj</file>
         <name>DSP2833x_ADC_cal.obj</name>
      </input_file>
      <input_file id="fl-15">
         <path>.\Source\</path>
         <kind>object</kind>
         <file>DSP2833x_Adc.obj</file>
         <name>DSP2833x_Adc.obj</name>
      </input_file>
      <input_file id="fl-16">
         <path>.\Source\</path>
         <kind>object</kind>
         <file>DSP2833x_CpuTimers.obj</file>
         <name>DSP2833x_CpuTimers.obj</name>
      </input_file>
      <input_file id="fl-17">
         <path>.\Source\</path>
         <kind>object</kind>
         <file>DSP2833x_DMA.obj</file>
         <name>DSP2833x_DMA.obj</name>
      </input_file>
      <input_file id="fl-18">
         <path>.\Source\</path>
         <kind>object</kind>
         <file>DSP2833x_DefaultIsr.obj</file>
         <name>DSP2833x_DefaultIsr.obj</name>
      </input_file>
      <input_file id="fl-19">
         <path>.\Source\</path>
         <kind>object</kind>
         <file>DSP2833x_Gpio.obj</file>
         <name>DSP2833x_Gpio.obj</name>
      </input_file>
      <input_file id="fl-1a">
         <path>.\Source\</path>
         <kind>object</kind>
         <file>DSP2833x_Mcbsp.obj</file>
         <name>DSP2833x_Mcbsp.obj</name>
      </input_file>
      <input_file id="fl-1b">
         <path>.\Source\</path>
         <kind>object</kind>
         <file>DSP2833x_PieCtrl.obj</file>
         <name>DSP2833x_PieCtrl.obj</name>
      </input_file>
      <input_file id="fl-1c">
         <path>.\Source\</path>
         <kind>object</kind>
         <file>DSP2833x_PieVect.obj</file>
         <name>DSP2833x_PieVect.obj</name>
      </input_file>
      <input_file id="fl-1d">
         <path>.\Source\</path>
         <kind>object</kind>
         <file>DSP2833x_Spi.obj</file>
         <name>DSP2833x_Spi.obj</name>
      </input_file>
      <input_file id="fl-1e">
         <path>.\Source\</path>
         <kind>object</kind>
         <file>DSP2833x_SysCtrl.obj</file>
         <name>DSP2833x_SysCtrl.obj</name>
      </input_file>
      <input_file id="fl-1f">
         <path>.\Source\</path>
         <kind>object</kind>
         <file>DSP2833x_Xintf.obj</file>
         <name>DSP2833x_Xintf.obj</name>
      </input_file>
      <input_file id="fl-20">
         <path>.\Source\</path>
         <kind>object</kind>
         <file>DSP2833x_usDelay.obj</file>
         <name>DSP2833x_usDelay.obj</name>
      </input_file>
      <input_file id="fl-21">
         <path>.\Source\</path>
         <kind>object</kind>
         <file>OneToOneI2CDriver.obj</file>
         <name>OneToOneI2CDriver.obj</name>
      </input_file>
      <input_file id="fl-34">
         <path>C:\ti\ccsv6\tools\compiler\ti-cgt-c2000_16.6.0.STS\lib\</path>
         <kind>archive</kind>
         <file>rts2800_fpu32.lib</file>
         <name>boot.obj</name>
      </input_file>
      <input_file id="fl-35">
         <path>C:\ti\ccsv6\tools\compiler\ti-cgt-c2000_16.6.0.STS\lib\</path>
         <kind>archive</kind>
         <file>rts2800_fpu32.lib</file>
         <name>cpy_tbl.obj</name>
      </input_file>
      <input_file id="fl-36">
         <path>C:\ti\ccsv6\tools\compiler\ti-cgt-c2000_16.6.0.STS\lib\</path>
         <kind>archive</kind>
         <file>rts2800_fpu32.lib</file>
         <name>cpy_utils.obj</name>
      </input_file>
      <input_file id="fl-37">
         <path>C:\ti\ccsv6\tools\compiler\ti-cgt-c2000_16.6.0.STS\lib\</path>
         <kind>archive</kind>
         <file>rts2800_fpu32.lib</file>
         <name>e_atan2f.obj</name>
      </input_file>
      <input_file id="fl-38">
         <path>C:\ti\ccsv6\tools\compiler\ti-cgt-c2000_16.6.0.STS\lib\</path>
         <kind>archive</kind>
         <file>rts2800_fpu32.lib</file>
         <name>e_log10f.obj</name>
      </input_file>
      <input_file id="fl-39">
         <path>C:\ti\ccsv6\tools\compiler\ti-cgt-c2000_16.6.0.STS\lib\</path>
         <kind>archive</kind>
         <file>rts2800_fpu32.lib</file>
         <name>e_sqrtf.obj</name>
      </input_file>
      <input_file id="fl-3a">
         <path>C:\ti\ccsv6\tools\compiler\ti-cgt-c2000_16.6.0.STS\lib\</path>
         <kind>archive</kind>
         <file>rts2800_fpu32.lib</file>
         <name>errno.obj</name>
      </input_file>
      <input_file id="fl-3b">
         <path>C:\ti\ccsv6\tools\compiler\ti-cgt-c2000_16.6.0.STS\lib\</path>
         <kind>archive</kind>
         <file>rts2800_fpu32.lib</file>
         <name>exit.obj</name>
      </input_file>
      <input_file id="fl-3c">
         <path>C:\ti\ccsv6\tools\compiler\ti-cgt-c2000_16.6.0.STS\lib\</path>
         <kind>archive</kind>
         <file>rts2800_fpu32.lib</file>
         <name>fd_mpy.obj</name>
      </input_file>
      <input_file id="fl-3d">
         <path>C:\ti\ccsv6\tools\compiler\ti-cgt-c2000_16.6.0.STS\lib\</path>
         <kind>archive</kind>
         <file>rts2800_fpu32.lib</file>
         <name>fd_tofs.obj</name>
      </input_file>
      <input_file id="fl-3e">
         <path>C:\ti\ccsv6\tools\compiler\ti-cgt-c2000_16.6.0.STS\lib\</path>
         <kind>archive</kind>
         <file>rts2800_fpu32.lib</file>
         <name>fs_div.obj</name>
      </input_file>
      <input_file id="fl-3f">
         <path>C:\ti\ccsv6\tools\compiler\ti-cgt-c2000_16.6.0.STS\lib\</path>
         <kind>archive</kind>
         <file>rts2800_fpu32.lib</file>
         <name>fs_tofd.obj</name>
      </input_file>
      <input_file id="fl-40">
         <path>C:\ti\ccsv6\tools\compiler\ti-cgt-c2000_16.6.0.STS\lib\</path>
         <kind>archive</kind>
         <file>rts2800_fpu32.lib</file>
         <name>pre_init.obj</name>
      </input_file>
      <input_file id="fl-41">
         <path>C:\ti\ccsv6\tools\compiler\ti-cgt-c2000_16.6.0.STS\lib\</path>
         <kind>archive</kind>
         <file>rts2800_fpu32.lib</file>
         <name>s_atanf.obj</name>
      </input_file>
      <input_file id="fl-42">
         <path>C:\ti\ccsv6\tools\compiler\ti-cgt-c2000_16.6.0.STS\lib\</path>
         <kind>archive</kind>
         <file>rts2800_fpu32.lib</file>
         <name>s_ceilf.obj</name>
      </input_file>
      <input_file id="fl-43">
         <path>C:\ti\ccsv6\tools\compiler\ti-cgt-c2000_16.6.0.STS\lib\</path>
         <kind>archive</kind>
         <file>rts2800_fpu32.lib</file>
         <name>s_cosf.obj</name>
      </input_file>
      <input_file id="fl-44">
         <path>C:\ti\ccsv6\tools\compiler\ti-cgt-c2000_16.6.0.STS\lib\</path>
         <kind>archive</kind>
         <file>rts2800_fpu32.lib</file>
         <name>s_sinf.obj</name>
      </input_file>
      <input_file id="fl-45">
         <path>C:\ti\ccsv6\tools\compiler\ti-cgt-c2000_16.6.0.STS\lib\</path>
         <kind>archive</kind>
         <file>rts2800_fpu32.lib</file>
         <name>sprintf.obj</name>
      </input_file>
      <input_file id="fl-46">
         <path>C:\ti\ccsv6\tools\compiler\ti-cgt-c2000_16.6.0.STS\lib\</path>
         <kind>archive</kind>
         <file>rts2800_fpu32.lib</file>
         <name>startup.obj</name>
      </input_file>
      <input_file id="fl-47">
         <path>C:\ti\ccsv6\tools\compiler\ti-cgt-c2000_16.6.0.STS\lib\</path>
         <kind>archive</kind>
         <file>rts2800_fpu32.lib</file>
         <name>_lock.obj</name>
      </input_file>
      <input_file id="fl-48">
         <path>C:\ti\ccsv6\tools\compiler\ti-cgt-c2000_16.6.0.STS\lib\</path>
         <kind>archive</kind>
         <file>rts2800_fpu32.lib</file>
         <name>_printfi.obj</name>
      </input_file>
      <input_file id="fl-49">
         <path>C:\ti\ccsv6\tools\compiler\ti-cgt-c2000_16.6.0.STS\lib\</path>
         <kind>archive</kind>
         <file>rts2800_fpu32.lib</file>
         <name>args_main.obj</name>
      </input_file>
      <input_file id="fl-4a">
         <path>C:\ti\ccsv6\tools\compiler\ti-cgt-c2000_16.6.0.STS\lib\</path>
         <kind>archive</kind>
         <file>rts2800_fpu32.lib</file>
         <name>atoi.obj</name>
      </input_file>
      <input_file id="fl-4b">
         <path>C:\ti\ccsv6\tools\compiler\ti-cgt-c2000_16.6.0.STS\lib\</path>
         <kind>archive</kind>
         <file>rts2800_fpu32.lib</file>
         <name>ctype.obj</name>
      </input_file>
      <input_file id="fl-4c">
         <path>C:\ti\ccsv6\tools\compiler\ti-cgt-c2000_16.6.0.STS\lib\</path>
         <kind>archive</kind>
         <file>rts2800_fpu32.lib</file>
         <name>fd_cmp.obj</name>
      </input_file>
      <input_file id="fl-4d">
         <path>C:\ti\ccsv6\tools\compiler\ti-cgt-c2000_16.6.0.STS\lib\</path>
         <kind>archive</kind>
         <file>rts2800_fpu32.lib</file>
         <name>fd_div.obj</name>
      </input_file>
      <input_file id="fl-4e">
         <path>C:\ti\ccsv6\tools\compiler\ti-cgt-c2000_16.6.0.STS\lib\</path>
         <kind>archive</kind>
         <file>rts2800_fpu32.lib</file>
         <name>fd_neg.obj</name>
      </input_file>
      <input_file id="fl-4f">
         <path>C:\ti\ccsv6\tools\compiler\ti-cgt-c2000_16.6.0.STS\lib\</path>
         <kind>archive</kind>
         <file>rts2800_fpu32.lib</file>
         <name>fd_sub.obj</name>
      </input_file>
      <input_file id="fl-50">
         <path>C:\ti\ccsv6\tools\compiler\ti-cgt-c2000_16.6.0.STS\lib\</path>
         <kind>archive</kind>
         <file>rts2800_fpu32.lib</file>
         <name>fd_toi.obj</name>
      </input_file>
      <input_file id="fl-51">
         <path>C:\ti\ccsv6\tools\compiler\ti-cgt-c2000_16.6.0.STS\lib\</path>
         <kind>archive</kind>
         <file>rts2800_fpu32.lib</file>
         <name>fd_tol.obj</name>
      </input_file>
      <input_file id="fl-52">
         <path>C:\ti\ccsv6\tools\compiler\ti-cgt-c2000_16.6.0.STS\lib\</path>
         <kind>archive</kind>
         <file>rts2800_fpu32.lib</file>
         <name>i_tofd.obj</name>
      </input_file>
      <input_file id="fl-53">
         <path>C:\ti\ccsv6\tools\compiler\ti-cgt-c2000_16.6.0.STS\lib\</path>
         <kind>archive</kind>
         <file>rts2800_fpu32.lib</file>
         <name>l_tofd.obj</name>
      </input_file>
      <input_file id="fl-54">
         <path>C:\ti\ccsv6\tools\compiler\ti-cgt-c2000_16.6.0.STS\lib\</path>
         <kind>archive</kind>
         <file>rts2800_fpu32.lib</file>
         <name>ll_aox.obj</name>
      </input_file>
      <input_file id="fl-55">
         <path>C:\ti\ccsv6\tools\compiler\ti-cgt-c2000_16.6.0.STS\lib\</path>
         <kind>archive</kind>
         <file>rts2800_fpu32.lib</file>
         <name>ll_cmp.obj</name>
      </input_file>
      <input_file id="fl-56">
         <path>C:\ti\ccsv6\tools\compiler\ti-cgt-c2000_16.6.0.STS\lib\</path>
         <kind>archive</kind>
         <file>rts2800_fpu32.lib</file>
         <name>ll_div.obj</name>
      </input_file>
      <input_file id="fl-57">
         <path>C:\ti\ccsv6\tools\compiler\ti-cgt-c2000_16.6.0.STS\lib\</path>
         <kind>archive</kind>
         <file>rts2800_fpu32.lib</file>
         <name>ltoa.obj</name>
      </input_file>
      <input_file id="fl-58">
         <path>C:\ti\ccsv6\tools\compiler\ti-cgt-c2000_16.6.0.STS\lib\</path>
         <kind>archive</kind>
         <file>rts2800_fpu32.lib</file>
         <name>memccpy.obj</name>
      </input_file>
      <input_file id="fl-59">
         <path>C:\ti\ccsv6\tools\compiler\ti-cgt-c2000_16.6.0.STS\lib\</path>
         <kind>archive</kind>
         <file>rts2800_fpu32.lib</file>
         <name>memcpy.obj</name>
      </input_file>
      <input_file id="fl-5a">
         <path>C:\ti\ccsv6\tools\compiler\ti-cgt-c2000_16.6.0.STS\lib\</path>
         <kind>archive</kind>
         <file>rts2800_fpu32.lib</file>
         <name>memset.obj</name>
      </input_file>
      <input_file id="fl-5b">
         <path>C:\ti\ccsv6\tools\compiler\ti-cgt-c2000_16.6.0.STS\lib\</path>
         <kind>archive</kind>
         <file>rts2800_fpu32.lib</file>
         <name>s_frexp.obj</name>
      </input_file>
      <input_file id="fl-5c">
         <path>C:\ti\ccsv6\tools\compiler\ti-cgt-c2000_16.6.0.STS\lib\</path>
         <kind>archive</kind>
         <file>rts2800_fpu32.lib</file>
         <name>s_scalbn.obj</name>
      </input_file>
      <input_file id="fl-5d">
         <path>C:\ti\ccsv6\tools\compiler\ti-cgt-c2000_16.6.0.STS\lib\</path>
         <kind>archive</kind>
         <file>rts2800_fpu32.lib</file>
         <name>strchr.obj</name>
      </input_file>
      <input_file id="fl-5e">
         <path>C:\ti\ccsv6\tools\compiler\ti-cgt-c2000_16.6.0.STS\lib\</path>
         <kind>archive</kind>
         <file>rts2800_fpu32.lib</file>
         <name>strcpy.obj</name>
      </input_file>
      <input_file id="fl-5f">
         <path>C:\ti\ccsv6\tools\compiler\ti-cgt-c2000_16.6.0.STS\lib\</path>
         <kind>archive</kind>
         <file>rts2800_fpu32.lib</file>
         <name>strlen.obj</name>
      </input_file>
      <input_file id="fl-60">
         <path>C:\ti\ccsv6\tools\compiler\ti-cgt-c2000_16.6.0.STS\lib\</path>
         <kind>archive</kind>
         <file>rts2800_fpu32.lib</file>
         <name>fd_add.obj</name>
      </input_file>
      <input_file id="fl-61">
         <path>C:\ti\ccsv6\tools\compiler\ti-cgt-c2000_16.6.0.STS\lib\</path>
         <kind>archive</kind>
         <file>rts2800_fpu32.lib</file>
         <name>l_div.obj</name>
      </input_file>
      <input_file id="fl-62">
         <path>C:\ti\ccsv6\tools\compiler\ti-cgt-c2000_16.6.0.STS\lib\</path>
         <kind>archive</kind>
         <file>rts2800_fpu32.lib</file>
         <name>s_copysign.obj</name>
      </input_file>
   </input_file_list>
   <object_component_list>
      <object_component id="oc-123">
         <name>ramfuncs</name>
         <load_address>0x8000</load_address>
         <run_address>0x8000</run_address>
         <size>0x4</size>
         <input_file_ref idref="fl-20"/>
      </object_component>
      <object_component id="oc-22e">
         <name>.text</name>
         <load_address>0x9000</load_address>
         <run_address>0x9000</run_address>
         <size>0x3e9</size>
         <input_file_ref idref="fl-17"/>
      </object_component>
      <object_component id="oc-fb">
         <name>.text:retain</name>
         <load_address>0x93e9</load_address>
         <run_address>0x93e9</run_address>
         <size>0x316</size>
         <input_file_ref idref="fl-18"/>
      </object_component>
      <object_component id="oc-228">
         <name>.text</name>
         <load_address>0x96ff</load_address>
         <run_address>0x96ff</run_address>
         <size>0x163</size>
         <input_file_ref idref="fl-3"/>
      </object_component>
      <object_component id="oc-89">
         <name>.text</name>
         <load_address>0x9862</load_address>
         <run_address>0x9862</run_address>
         <size>0x138</size>
         <input_file_ref idref="fl-b"/>
      </object_component>
      <object_component id="oc-93">
         <name>.text</name>
         <load_address>0x999a</load_address>
         <run_address>0x999a</run_address>
         <size>0x11d</size>
         <input_file_ref idref="fl-d"/>
      </object_component>
      <object_component id="oc-1dd">
         <name>.text</name>
         <load_address>0x9ab7</load_address>
         <run_address>0x9ab7</run_address>
         <size>0x107</size>
         <input_file_ref idref="fl-56"/>
      </object_component>
      <object_component id="oc-232">
         <name>.text</name>
         <load_address>0x9bbe</load_address>
         <run_address>0x9bbe</run_address>
         <size>0xf8</size>
         <input_file_ref idref="fl-1e"/>
      </object_component>
      <object_component id="oc-227">
         <name>.text</name>
         <load_address>0x9cb6</load_address>
         <run_address>0x9cb6</run_address>
         <size>0xd4</size>
         <input_file_ref idref="fl-37"/>
      </object_component>
      <object_component id="oc-22b">
         <name>.text</name>
         <load_address>0x9d8a</load_address>
         <run_address>0x9d8a</run_address>
         <size>0xc9</size>
         <input_file_ref idref="fl-41"/>
      </object_component>
      <object_component id="oc-222">
         <name>.text</name>
         <load_address>0x9e53</load_address>
         <run_address>0x9e53</run_address>
         <size>0x1</size>
         <input_file_ref idref="fl-46"/>
      </object_component>
      <object_component id="oc-8e">
         <name>.text</name>
         <load_address>0x9e54</load_address>
         <run_address>0x9e54</run_address>
         <size>0x9e</size>
         <input_file_ref idref="fl-c"/>
      </object_component>
      <object_component id="oc-211">
         <name>.text</name>
         <load_address>0x9ef2</load_address>
         <run_address>0x9ef2</run_address>
         <size>0x9c</size>
         <input_file_ref idref="fl-60"/>
      </object_component>
      <object_component id="oc-1b0">
         <name>.text</name>
         <load_address>0x9f8e</load_address>
         <run_address>0x9f8e</run_address>
         <size>0x8b</size>
         <input_file_ref idref="fl-4d"/>
      </object_component>
      <object_component id="oc-84">
         <name>.text:retain</name>
         <load_address>0xa019</load_address>
         <run_address>0xa019</run_address>
         <size>0x89</size>
         <input_file_ref idref="fl-a"/>
      </object_component>
      <object_component id="oc-164">
         <name>.text</name>
         <load_address>0xa0a2</load_address>
         <run_address>0xa0a2</run_address>
         <size>0x88</size>
         <input_file_ref idref="fl-3e"/>
      </object_component>
      <object_component id="oc-ac">
         <name>.text</name>
         <load_address>0xa12a</load_address>
         <run_address>0xa12a</run_address>
         <size>0x85</size>
         <input_file_ref idref="fl-12"/>
      </object_component>
      <object_component id="oc-15a">
         <name>.text</name>
         <load_address>0xa1af</load_address>
         <run_address>0xa1af</run_address>
         <size>0x83</size>
         <input_file_ref idref="fl-3c"/>
      </object_component>
      <object_component id="oc-22c">
         <name>.text</name>
         <load_address>0xa232</load_address>
         <run_address>0xa232</run_address>
         <size>0x79</size>
         <input_file_ref idref="fl-5"/>
      </object_component>
      <object_component id="oc-23c">
         <name>.text</name>
         <load_address>0xa2ab</load_address>
         <run_address>0xa2ab</run_address>
         <size>0x73</size>
         <input_file_ref idref="fl-16"/>
      </object_component>
      <object_component id="oc-231">
         <name>.text</name>
         <load_address>0xa31e</load_address>
         <run_address>0xa31e</run_address>
         <size>0x6d</size>
         <input_file_ref idref="fl-10"/>
      </object_component>
      <object_component id="oc-53">
         <name>.text:retain</name>
         <load_address>0xa38b</load_address>
         <run_address>0xa38b</run_address>
         <size>0x6a</size>
         <input_file_ref idref="fl-3"/>
      </object_component>
      <object_component id="oc-23b">
         <name>.text</name>
         <load_address>0xa3f5</load_address>
         <run_address>0xa3f5</run_address>
         <size>0x61</size>
         <input_file_ref idref="fl-43"/>
      </object_component>
      <object_component id="oc-22d">
         <name>.text</name>
         <load_address>0xa456</load_address>
         <run_address>0xa456</run_address>
         <size>0x5d</size>
         <input_file_ref idref="fl-7"/>
      </object_component>
      <object_component id="oc-225">
         <name>.text</name>
         <load_address>0xa4b3</load_address>
         <run_address>0xa4b3</run_address>
         <size>0x58</size>
         <input_file_ref idref="fl-44"/>
      </object_component>
      <object_component id="oc-4d">
         <name>.text</name>
         <load_address>0xa50b</load_address>
         <run_address>0xa50b</run_address>
         <size>0x56</size>
         <input_file_ref idref="fl-34"/>
      </object_component>
      <object_component id="oc-a7">
         <name>.text</name>
         <load_address>0xa561</load_address>
         <run_address>0xa561</run_address>
         <size>0x55</size>
         <input_file_ref idref="fl-11"/>
      </object_component>
      <object_component id="oc-9d">
         <name>.text</name>
         <load_address>0xa5b6</load_address>
         <run_address>0xa5b6</run_address>
         <size>0x49</size>
         <input_file_ref idref="fl-f"/>
      </object_component>
      <object_component id="oc-221">
         <name>.text</name>
         <load_address>0xa5ff</load_address>
         <run_address>0xa5ff</run_address>
         <size>0x46</size>
         <input_file_ref idref="fl-35"/>
      </object_component>
      <object_component id="oc-98">
         <name>.text</name>
         <load_address>0xa645</load_address>
         <run_address>0xa645</run_address>
         <size>0x44</size>
         <input_file_ref idref="fl-e"/>
      </object_component>
      <object_component id="oc-233">
         <name>.text</name>
         <load_address>0xa689</load_address>
         <run_address>0xa689</run_address>
         <size>0x36</size>
         <input_file_ref idref="fl-9"/>
      </object_component>
      <object_component id="oc-1ab">
         <name>.text</name>
         <load_address>0xa6bf</load_address>
         <run_address>0xa6bf</run_address>
         <size>0x2a</size>
         <input_file_ref idref="fl-4c"/>
      </object_component>
      <object_component id="oc-216">
         <name>.text</name>
         <load_address>0xa6e9</load_address>
         <run_address>0xa6e9</run_address>
         <size>0x2a</size>
         <input_file_ref idref="fl-61"/>
      </object_component>
      <object_component id="oc-224">
         <name>.text</name>
         <load_address>0xa713</load_address>
         <run_address>0xa713</run_address>
         <size>0x29</size>
         <input_file_ref idref="fl-3b"/>
      </object_component>
      <object_component id="oc-230">
         <name>.text</name>
         <load_address>0xa73c</load_address>
         <run_address>0xa73c</run_address>
         <size>0x28</size>
         <input_file_ref idref="fl-1b"/>
      </object_component>
      <object_component id="oc-226">
         <name>.text</name>
         <load_address>0xa764</load_address>
         <run_address>0xa764</run_address>
         <size>0x25</size>
         <input_file_ref idref="fl-39"/>
      </object_component>
      <object_component id="oc-15f">
         <name>.text</name>
         <load_address>0xa789</load_address>
         <run_address>0xa789</run_address>
         <size>0x23</size>
         <input_file_ref idref="fl-3d"/>
      </object_component>
      <object_component id="oc-1bf">
         <name>.text</name>
         <load_address>0xa7ac</load_address>
         <run_address>0xa7ac</run_address>
         <size>0x21</size>
         <input_file_ref idref="fl-50"/>
      </object_component>
      <object_component id="oc-22f">
         <name>.text</name>
         <load_address>0xa7cd</load_address>
         <run_address>0xa7cd</run_address>
         <size>0x20</size>
         <input_file_ref idref="fl-1c"/>
      </object_component>
      <object_component id="oc-1c4">
         <name>.text</name>
         <load_address>0xa7ed</load_address>
         <run_address>0xa7ed</run_address>
         <size>0x1f</size>
         <input_file_ref idref="fl-51"/>
      </object_component>
      <object_component id="oc-1d8">
         <name>.text</name>
         <load_address>0xa80c</load_address>
         <run_address>0xa80c</run_address>
         <size>0x1e</size>
         <input_file_ref idref="fl-55"/>
      </object_component>
      <object_component id="oc-1c9">
         <name>.text</name>
         <load_address>0xa82a</load_address>
         <run_address>0xa82a</run_address>
         <size>0x1d</size>
         <input_file_ref idref="fl-52"/>
      </object_component>
      <object_component id="oc-7c">
         <name>.text:retain</name>
         <load_address>0xa847</load_address>
         <run_address>0xa847</run_address>
         <size>0x1c</size>
         <input_file_ref idref="fl-9"/>
      </object_component>
      <object_component id="oc-169">
         <name>.text</name>
         <load_address>0xa863</load_address>
         <run_address>0xa863</run_address>
         <size>0x1c</size>
         <input_file_ref idref="fl-3f"/>
      </object_component>
      <object_component id="oc-1ce">
         <name>.text</name>
         <load_address>0xa87f</load_address>
         <run_address>0xa87f</run_address>
         <size>0x1c</size>
         <input_file_ref idref="fl-53"/>
      </object_component>
      <object_component id="oc-139">
         <name>.text</name>
         <load_address>0xa89b</load_address>
         <run_address>0xa89b</run_address>
         <size>0x1a</size>
         <input_file_ref idref="fl-36"/>
      </object_component>
      <object_component id="oc-223">
         <name>.text</name>
         <load_address>0xa8b5</load_address>
         <run_address>0xa8b5</run_address>
         <size>0x19</size>
         <input_file_ref idref="fl-49"/>
      </object_component>
      <object_component id="oc-1d3">
         <name>.text</name>
         <load_address>0xa8ce</load_address>
         <run_address>0xa8ce</run_address>
         <size>0x18</size>
         <input_file_ref idref="fl-54"/>
      </object_component>
      <object_component id="oc-1ba">
         <name>.text</name>
         <load_address>0xa8e6</load_address>
         <run_address>0xa8e6</run_address>
         <size>0xe</size>
         <input_file_ref idref="fl-4f"/>
      </object_component>
      <object_component id="oc-235">
         <name>.text</name>
         <load_address>0xa8f4</load_address>
         <run_address>0xa8f4</run_address>
         <size>0x9</size>
         <input_file_ref idref="fl-47"/>
      </object_component>
      <object_component id="oc-1b5">
         <name>.text</name>
         <load_address>0xa8fd</load_address>
         <run_address>0xa8fd</run_address>
         <size>0x9</size>
         <input_file_ref idref="fl-4e"/>
      </object_component>
      <object_component id="oc-234">
         <name>.text</name>
         <load_address>0xa906</load_address>
         <run_address>0xa906</run_address>
         <size>0x8</size>
         <input_file_ref idref="fl-6"/>
      </object_component>
      <object_component id="oc-220">
         <name>.text</name>
         <load_address>0xa90e</load_address>
         <run_address>0xa90e</run_address>
         <size>0x2</size>
         <input_file_ref idref="fl-40"/>
      </object_component>
      <object_component id="oc-51">
         <name>.cinit</name>
         <load_address>0x871</load_address>
         <run_address>0x871</run_address>
         <size>0x866</size>
         <input_file_ref idref="fl-3"/>
      </object_component>
      <object_component id="oc-64">
         <name>.cinit</name>
         <load_address>0x111d</load_address>
         <run_address>0x111d</run_address>
         <size>0x8</size>
         <input_file_ref idref="fl-6"/>
      </object_component>
      <object_component id="oc-70">
         <name>.cinit</name>
         <load_address>0x0</load_address>
         <run_address>0x0</run_address>
         <size>0x871</size>
         <input_file_ref idref="fl-8"/>
      </object_component>
      <object_component id="oc-7a">
         <name>.cinit</name>
         <load_address>0x10d7</load_address>
         <run_address>0x10d7</run_address>
         <size>0x26</size>
         <input_file_ref idref="fl-9"/>
      </object_component>
      <object_component id="oc-82">
         <name>.cinit</name>
         <load_address>0x10fd</load_address>
         <run_address>0x10fd</run_address>
         <size>0x12</size>
         <input_file_ref idref="fl-a"/>
      </object_component>
      <object_component id="oc-150">
         <name>.cinit</name>
         <load_address>0x112f</load_address>
         <run_address>0x112f</run_address>
         <size>0x4</size>
         <input_file_ref idref="fl-3a"/>
      </object_component>
      <object_component id="oc-154">
         <name>.cinit</name>
         <load_address>0x110f</load_address>
         <run_address>0x110f</run_address>
         <size>0xe</size>
         <input_file_ref idref="fl-3b"/>
      </object_component>
      <object_component id="oc-236">
         <name>.cinit:__unlock</name>
         <load_address>0x112a</load_address>
         <run_address>0x112a</run_address>
         <size>0x5</size>
         <input_file_ref idref="fl-47"/>
      </object_component>
      <object_component id="oc-22a">
         <name>.cinit:__lock</name>
         <load_address>0x1125</load_address>
         <run_address>0x1125</run_address>
         <size>0x5</size>
         <input_file_ref idref="fl-47"/>
      </object_component>
      <object_component id="oc-12e">
         <name>.stack</name>
         <uninitialized>true</uninitialized>
         <run_address>0x400</run_address>
         <size>0x0</size>
         <input_file_ref idref="fl-34"/>
      </object_component>
      <object_component id="oc-295">
         <name>.stack</name>
         <uninitialized>true</uninitialized>
         <run_address>0x400</run_address>
         <size>0x0</size>
      </object_component>
      <object_component id="oc-52">
         <name>.ebss</name>
         <uninitialized>true</uninitialized>
         <run_address>0x0</run_address>
         <size>0x1a80</size>
         <input_file_ref idref="fl-3"/>
      </object_component>
      <object_component id="oc-65">
         <name>.ebss</name>
         <uninitialized>true</uninitialized>
         <run_address>0x2336</run_address>
         <size>0x2</size>
         <input_file_ref idref="fl-6"/>
      </object_component>
      <object_component id="oc-71">
         <name>.ebss</name>
         <uninitialized>true</uninitialized>
         <run_address>0x1a80</run_address>
         <size>0x880</size>
         <input_file_ref idref="fl-8"/>
      </object_component>
      <object_component id="oc-7b">
         <name>.ebss</name>
         <uninitialized>true</uninitialized>
         <run_address>0x2318</run_address>
         <size>0xe</size>
         <input_file_ref idref="fl-9"/>
      </object_component>
      <object_component id="oc-83">
         <name>.ebss</name>
         <uninitialized>true</uninitialized>
         <run_address>0x232c</run_address>
         <size>0x6</size>
         <input_file_ref idref="fl-a"/>
      </object_component>
      <object_component id="oc-f0">
         <name>.ebss</name>
         <uninitialized>true</uninitialized>
         <run_address>0x2300</run_address>
         <size>0x18</size>
         <input_file_ref idref="fl-16"/>
      </object_component>
      <object_component id="oc-151">
         <name>.ebss</name>
         <uninitialized>true</uninitialized>
         <run_address>0x2338</run_address>
         <size>0x1</size>
         <input_file_ref idref="fl-3a"/>
      </object_component>
      <object_component id="oc-155">
         <name>.ebss</name>
         <uninitialized>true</uninitialized>
         <run_address>0x2326</run_address>
         <size>0x6</size>
         <input_file_ref idref="fl-3b"/>
      </object_component>
      <object_component id="oc-23d">
         <name>.ebss:__unlock</name>
         <uninitialized>true</uninitialized>
         <run_address>0x2334</run_address>
         <size>0x2</size>
         <input_file_ref idref="fl-47"/>
      </object_component>
      <object_component id="oc-229">
         <name>.ebss:__lock</name>
         <uninitialized>true</uninitialized>
         <run_address>0x2332</run_address>
         <size>0x2</size>
         <input_file_ref idref="fl-47"/>
      </object_component>
      <object_component id="oc-23a">
         <name>.econst:_PieVectTableInit</name>
         <load_address>0xd600</load_address>
         <run_address>0xd600</run_address>
         <size>0x100</size>
         <input_file_ref idref="fl-1c"/>
      </object_component>
      <object_component id="oc-19a">
         <name>.econst:.string</name>
         <load_address>0xd700</load_address>
         <run_address>0xd700</run_address>
         <size>0x26</size>
         <input_file_ref idref="fl-48"/>
      </object_component>
      <object_component id="oc-199">
         <name>.econst</name>
         <load_address>0xd726</load_address>
         <run_address>0xd726</run_address>
         <size>0x1c</size>
         <input_file_ref idref="fl-48"/>
      </object_component>
      <object_component id="oc-1fd">
         <name>.econst</name>
         <load_address>0xd742</load_address>
         <run_address>0xd742</run_address>
         <size>0x1c</size>
         <input_file_ref idref="fl-5c"/>
      </object_component>
      <object_component id="oc-145">
         <name>.econst</name>
         <load_address>0xd75e</load_address>
         <run_address>0xd75e</run_address>
         <size>0x14</size>
         <input_file_ref idref="fl-38"/>
      </object_component>
      <object_component id="oc-13f">
         <name>.econst</name>
         <load_address>0xd772</load_address>
         <run_address>0xd772</run_address>
         <size>0xc</size>
         <input_file_ref idref="fl-37"/>
      </object_component>
      <object_component id="oc-239">
         <name>.econst:_aT</name>
         <load_address>0xd77e</load_address>
         <run_address>0xd77e</run_address>
         <size>0xa</size>
         <input_file_ref idref="fl-41"/>
      </object_component>
      <object_component id="oc-237">
         <name>.econst:_atanhi</name>
         <load_address>0xd788</load_address>
         <run_address>0xd788</run_address>
         <size>0x8</size>
         <input_file_ref idref="fl-41"/>
      </object_component>
      <object_component id="oc-238">
         <name>.econst:_atanlo</name>
         <load_address>0xd790</load_address>
         <run_address>0xd790</run_address>
         <size>0x8</size>
         <input_file_ref idref="fl-41"/>
      </object_component>
      <object_component id="oc-1f7">
         <name>.econst</name>
         <load_address>0xd798</load_address>
         <run_address>0xd798</run_address>
         <size>0x8</size>
         <input_file_ref idref="fl-5b"/>
      </object_component>
      <object_component id="oc-54">
         <name>.econst</name>
         <load_address>0xd7a0</load_address>
         <run_address>0xd7a0</run_address>
         <size>0x4</size>
         <input_file_ref idref="fl-3"/>
      </object_component>
      <object_component id="oc-174">
         <name>.econst</name>
         <load_address>0xd7a4</load_address>
         <run_address>0xd7a4</run_address>
         <size>0x4</size>
         <input_file_ref idref="fl-41"/>
      </object_component>
      <object_component id="oc-74">
         <name>.econst:.string</name>
         <load_address>0xd7a8</load_address>
         <run_address>0xd7a8</run_address>
         <size>0x3</size>
         <input_file_ref idref="fl-8"/>
      </object_component>
      <object_component id="oc-129">
         <name>.econst</name>
         <load_address>0xd7ab</load_address>
         <run_address>0xd7ab</run_address>
         <size>0x1</size>
         <input_file_ref idref="fl-21"/>
      </object_component>
      <object_component id="oc-17a">
         <name>.econst</name>
         <load_address>0xd7ac</load_address>
         <run_address>0xd7ac</run_address>
         <size>0x2</size>
         <input_file_ref idref="fl-42"/>
      </object_component>
      <object_component id="oc-73">
         <name>DMARAML4</name>
         <uninitialized>true</uninitialized>
         <run_address>0xb000</run_address>
         <size>0x400</size>
         <input_file_ref idref="fl-8"/>
      </object_component>
      <object_component id="oc-72">
         <name>DMARAML5</name>
         <uninitialized>true</uninitialized>
         <run_address>0xd000</run_address>
         <size>0x600</size>
         <input_file_ref idref="fl-8"/>
      </object_component>
      <object_component id="oc-12f">
         <name>.reset</name>
         <load_address>0x3fffc0</load_address>
         <run_address>0x3fffc0</run_address>
         <size>0x2</size>
         <input_file_ref idref="fl-34"/>
      </object_component>
      <object_component id="oc-e5">
         <name>.adc_cal</name>
         <load_address>0x380080</load_address>
         <run_address>0x380080</run_address>
         <size>0x7</size>
         <input_file_ref idref="fl-14"/>
      </object_component>
      <object_component id="oc-e3">
         <name>PieVectTableFile</name>
         <uninitialized>true</uninitialized>
         <run_address>0xd00</run_address>
         <size>0x100</size>
         <input_file_ref idref="fl-13"/>
      </object_component>
      <object_component id="oc-df">
         <name>DevEmuRegsFile</name>
         <uninitialized>true</uninitialized>
         <run_address>0x880</run_address>
         <size>0xd0</size>
         <input_file_ref idref="fl-13"/>
      </object_component>
      <object_component id="oc-b5">
         <name>FlashRegsFile</name>
         <uninitialized>true</uninitialized>
         <run_address>0xa80</run_address>
         <size>0x8</size>
         <input_file_ref idref="fl-13"/>
      </object_component>
      <object_component id="oc-bd">
         <name>CsmRegsFile</name>
         <uninitialized>true</uninitialized>
         <run_address>0xae0</run_address>
         <size>0x10</size>
         <input_file_ref idref="fl-13"/>
      </object_component>
      <object_component id="oc-be">
         <name>AdcMirrorFile</name>
         <uninitialized>true</uninitialized>
         <run_address>0xb00</run_address>
         <size>0x10</size>
         <input_file_ref idref="fl-13"/>
      </object_component>
      <object_component id="oc-c2">
         <name>XintfRegsFile</name>
         <uninitialized>true</uninitialized>
         <run_address>0xb20</run_address>
         <size>0x1e</size>
         <input_file_ref idref="fl-13"/>
      </object_component>
      <object_component id="oc-b6">
         <name>CpuTimer0RegsFile</name>
         <uninitialized>true</uninitialized>
         <run_address>0xc00</run_address>
         <size>0x8</size>
         <input_file_ref idref="fl-13"/>
      </object_component>
      <object_component id="oc-b7">
         <name>CpuTimer1RegsFile</name>
         <uninitialized>true</uninitialized>
         <run_address>0xc08</run_address>
         <size>0x8</size>
         <input_file_ref idref="fl-13"/>
      </object_component>
      <object_component id="oc-b3">
         <name>CpuTimer2RegsFile</name>
         <uninitialized>true</uninitialized>
         <run_address>0xc10</run_address>
         <size>0x8</size>
         <input_file_ref idref="fl-13"/>
      </object_component>
      <object_component id="oc-c0">
         <name>PieCtrlRegsFile</name>
         <uninitialized>true</uninitialized>
         <run_address>0xce0</run_address>
         <size>0x1a</size>
         <input_file_ref idref="fl-13"/>
      </object_component>
      <object_component id="oc-e0">
         <name>DmaRegsFile</name>
         <uninitialized>true</uninitialized>
         <run_address>0x1000</run_address>
         <size>0xe0</size>
         <input_file_ref idref="fl-13"/>
      </object_component>
      <object_component id="oc-d3">
         <name>McbspaRegsFile</name>
         <uninitialized>true</uninitialized>
         <run_address>0x5000</run_address>
         <size>0x25</size>
         <input_file_ref idref="fl-13"/>
      </object_component>
      <object_component id="oc-d2">
         <name>McbspbRegsFile</name>
         <uninitialized>true</uninitialized>
         <run_address>0x5040</run_address>
         <size>0x25</size>
         <input_file_ref idref="fl-13"/>
      </object_component>
      <object_component id="oc-d5">
         <name>ECanaRegsFile</name>
         <uninitialized>true</uninitialized>
         <run_address>0x6000</run_address>
         <size>0x34</size>
         <input_file_ref idref="fl-13"/>
      </object_component>
      <object_component id="oc-d9">
         <name>ECanaLAMRegsFile</name>
         <uninitialized>true</uninitialized>
         <run_address>0x6040</run_address>
         <size>0x40</size>
         <input_file_ref idref="fl-13"/>
      </object_component>
      <object_component id="oc-e2">
         <name>ECanaMboxesFile</name>
         <uninitialized>true</uninitialized>
         <run_address>0x6100</run_address>
         <size>0x100</size>
         <input_file_ref idref="fl-13"/>
      </object_component>
      <object_component id="oc-da">
         <name>ECanaMOTSRegsFile</name>
         <uninitialized>true</uninitialized>
         <run_address>0x6080</run_address>
         <size>0x40</size>
         <input_file_ref idref="fl-13"/>
      </object_component>
      <object_component id="oc-d7">
         <name>ECanaMOTORegsFile</name>
         <uninitialized>true</uninitialized>
         <run_address>0x60c0</run_address>
         <size>0x40</size>
         <input_file_ref idref="fl-13"/>
      </object_component>
      <object_component id="oc-d6">
         <name>ECanbRegsFile</name>
         <uninitialized>true</uninitialized>
         <run_address>0x6200</run_address>
         <size>0x34</size>
         <input_file_ref idref="fl-13"/>
      </object_component>
      <object_component id="oc-de">
         <name>ECanbLAMRegsFile</name>
         <uninitialized>true</uninitialized>
         <run_address>0x6240</run_address>
         <size>0x40</size>
         <input_file_ref idref="fl-13"/>
      </object_component>
      <object_component id="oc-e1">
         <name>ECanbMboxesFile</name>
         <uninitialized>true</uninitialized>
         <run_address>0x6300</run_address>
         <size>0x100</size>
         <input_file_ref idref="fl-13"/>
      </object_component>
      <object_component id="oc-d8">
         <name>ECanbMOTSRegsFile</name>
         <uninitialized>true</uninitialized>
         <run_address>0x6280</run_address>
         <size>0x40</size>
         <input_file_ref idref="fl-13"/>
      </object_component>
      <object_component id="oc-db">
         <name>ECanbMOTORegsFile</name>
         <uninitialized>true</uninitialized>
         <run_address>0x62c0</run_address>
         <size>0x40</size>
         <input_file_ref idref="fl-13"/>
      </object_component>
      <object_component id="oc-d0">
         <name>EPwm1RegsFile</name>
         <uninitialized>true</uninitialized>
         <run_address>0x6800</run_address>
         <size>0x22</size>
         <input_file_ref idref="fl-13"/>
      </object_component>
      <object_component id="oc-cb">
         <name>EPwm2RegsFile</name>
         <uninitialized>true</uninitialized>
         <run_address>0x6840</run_address>
         <size>0x22</size>
         <input_file_ref idref="fl-13"/>
      </object_component>
      <object_component id="oc-cc">
         <name>EPwm3RegsFile</name>
         <uninitialized>true</uninitialized>
         <run_address>0x6880</run_address>
         <size>0x22</size>
         <input_file_ref idref="fl-13"/>
      </object_component>
      <object_component id="oc-d1">
         <name>EPwm4RegsFile</name>
         <uninitialized>true</uninitialized>
         <run_address>0x68c0</run_address>
         <size>0x22</size>
         <input_file_ref idref="fl-13"/>
      </object_component>
      <object_component id="oc-ce">
         <name>EPwm5RegsFile</name>
         <uninitialized>true</uninitialized>
         <run_address>0x6900</run_address>
         <size>0x22</size>
         <input_file_ref idref="fl-13"/>
      </object_component>
      <object_component id="oc-cf">
         <name>EPwm6RegsFile</name>
         <uninitialized>true</uninitialized>
         <run_address>0x6940</run_address>
         <size>0x22</size>
         <input_file_ref idref="fl-13"/>
      </object_component>
      <object_component id="oc-c5">
         <name>ECap1RegsFile</name>
         <uninitialized>true</uninitialized>
         <run_address>0x6a00</run_address>
         <size>0x20</size>
         <input_file_ref idref="fl-13"/>
      </object_component>
      <object_component id="oc-c6">
         <name>ECap2RegsFile</name>
         <uninitialized>true</uninitialized>
         <run_address>0x6a20</run_address>
         <size>0x20</size>
         <input_file_ref idref="fl-13"/>
      </object_component>
      <object_component id="oc-c3">
         <name>ECap3RegsFile</name>
         <uninitialized>true</uninitialized>
         <run_address>0x6a40</run_address>
         <size>0x20</size>
         <input_file_ref idref="fl-13"/>
      </object_component>
      <object_component id="oc-c4">
         <name>ECap4RegsFile</name>
         <uninitialized>true</uninitialized>
         <run_address>0x6a60</run_address>
         <size>0x20</size>
         <input_file_ref idref="fl-13"/>
      </object_component>
      <object_component id="oc-c9">
         <name>ECap5RegsFile</name>
         <uninitialized>true</uninitialized>
         <run_address>0x6a80</run_address>
         <size>0x20</size>
         <input_file_ref idref="fl-13"/>
      </object_component>
      <object_component id="oc-ca">
         <name>ECap6RegsFile</name>
         <uninitialized>true</uninitialized>
         <run_address>0x6aa0</run_address>
         <size>0x20</size>
         <input_file_ref idref="fl-13"/>
      </object_component>
      <object_component id="oc-dc">
         <name>EQep1RegsFile</name>
         <uninitialized>true</uninitialized>
         <run_address>0x6b00</run_address>
         <size>0x40</size>
         <input_file_ref idref="fl-13"/>
      </object_component>
      <object_component id="oc-dd">
         <name>EQep2RegsFile</name>
         <uninitialized>true</uninitialized>
         <run_address>0x6b40</run_address>
         <size>0x40</size>
         <input_file_ref idref="fl-13"/>
      </object_component>
      <object_component id="oc-d4">
         <name>GpioCtrlRegsFile</name>
         <uninitialized>true</uninitialized>
         <run_address>0x6f80</run_address>
         <size>0x2e</size>
         <input_file_ref idref="fl-13"/>
      </object_component>
      <object_component id="oc-c7">
         <name>GpioDataRegsFile</name>
         <uninitialized>true</uninitialized>
         <run_address>0x6fc0</run_address>
         <size>0x20</size>
         <input_file_ref idref="fl-13"/>
      </object_component>
      <object_component id="oc-b8">
         <name>GpioIntRegsFile</name>
         <uninitialized>true</uninitialized>
         <run_address>0x6fe0</run_address>
         <size>0xa</size>
         <input_file_ref idref="fl-13"/>
      </object_component>
      <object_component id="oc-c8">
         <name>SysCtrlRegsFile</name>
         <uninitialized>true</uninitialized>
         <run_address>0x7010</run_address>
         <size>0x20</size>
         <input_file_ref idref="fl-13"/>
      </object_component>
      <object_component id="oc-b9">
         <name>SpiaRegsFile</name>
         <uninitialized>true</uninitialized>
         <run_address>0x7040</run_address>
         <size>0x10</size>
         <input_file_ref idref="fl-13"/>
      </object_component>
      <object_component id="oc-bc">
         <name>SciaRegsFile</name>
         <uninitialized>true</uninitialized>
         <run_address>0x7050</run_address>
         <size>0x10</size>
         <input_file_ref idref="fl-13"/>
      </object_component>
      <object_component id="oc-bf">
         <name>XIntruptRegsFile</name>
         <uninitialized>true</uninitialized>
         <run_address>0x7070</run_address>
         <size>0x10</size>
         <input_file_ref idref="fl-13"/>
      </object_component>
      <object_component id="oc-c1">
         <name>AdcRegsFile</name>
         <uninitialized>true</uninitialized>
         <run_address>0x7100</run_address>
         <size>0x1e</size>
         <input_file_ref idref="fl-13"/>
      </object_component>
      <object_component id="oc-ba">
         <name>ScibRegsFile</name>
         <uninitialized>true</uninitialized>
         <run_address>0x7750</run_address>
         <size>0x10</size>
         <input_file_ref idref="fl-13"/>
      </object_component>
      <object_component id="oc-bb">
         <name>ScicRegsFile</name>
         <uninitialized>true</uninitialized>
         <run_address>0x7770</run_address>
         <size>0x10</size>
         <input_file_ref idref="fl-13"/>
      </object_component>
      <object_component id="oc-cd">
         <name>I2caRegsFile</name>
         <uninitialized>true</uninitialized>
         <run_address>0x7900</run_address>
         <size>0x22</size>
         <input_file_ref idref="fl-13"/>
      </object_component>
      <object_component id="oc-b4">
         <name>CsmPwlFile</name>
         <uninitialized>true</uninitialized>
         <run_address>0x33fff8</run_address>
         <size>0x8</size>
         <input_file_ref idref="fl-13"/>
      </object_component>
      <object_component id="oc-b2">
         <name>PartIdRegsFile</name>
         <uninitialized>true</uninitialized>
         <run_address>0x380090</run_address>
         <size>0x1</size>
         <input_file_ref idref="fl-13"/>
      </object_component>
      <object_component id="oc-4e">
         <name>.debug_info</name>
         <load_address>0x0</load_address>
         <run_address>0x0</run_address>
         <size>0x187</size>
         <input_file_ref idref="fl-2"/>
      </object_component>
      <object_component id="oc-50">
         <name>.debug_info</name>
         <load_address>0x187</load_address>
         <run_address>0x187</run_address>
         <size>0x6d7b</size>
         <input_file_ref idref="fl-3"/>
      </object_component>
      <object_component id="oc-59">
         <name>.debug_info</name>
         <load_address>0x6f02</load_address>
         <run_address>0x6f02</run_address>
         <size>0x2cfc</size>
         <input_file_ref idref="fl-4"/>
      </object_component>
      <object_component id="oc-5e">
         <name>.debug_info</name>
         <load_address>0x9bfe</load_address>
         <run_address>0x9bfe</run_address>
         <size>0x5741</size>
         <input_file_ref idref="fl-5"/>
      </object_component>
      <object_component id="oc-63">
         <name>.debug_info</name>
         <load_address>0xf33f</load_address>
         <run_address>0xf33f</run_address>
         <size>0x1c35</size>
         <input_file_ref idref="fl-6"/>
      </object_component>
      <object_component id="oc-6a">
         <name>.debug_info</name>
         <load_address>0x10f74</load_address>
         <run_address>0x10f74</run_address>
         <size>0x570f</size>
         <input_file_ref idref="fl-7"/>
      </object_component>
      <object_component id="oc-6f">
         <name>.debug_info</name>
         <load_address>0x16683</load_address>
         <run_address>0x16683</run_address>
         <size>0xd32</size>
         <input_file_ref idref="fl-8"/>
      </object_component>
      <object_component id="oc-79">
         <name>.debug_info</name>
         <load_address>0x173b5</load_address>
         <run_address>0x173b5</run_address>
         <size>0x2032</size>
         <input_file_ref idref="fl-9"/>
      </object_component>
      <object_component id="oc-81">
         <name>.debug_info</name>
         <load_address>0x193e7</load_address>
         <run_address>0x193e7</run_address>
         <size>0x1e71</size>
         <input_file_ref idref="fl-a"/>
      </object_component>
      <object_component id="oc-8a">
         <name>.debug_info</name>
         <load_address>0x1b258</load_address>
         <run_address>0x1b258</run_address>
         <size>0x2a0</size>
         <input_file_ref idref="fl-b"/>
      </object_component>
      <object_component id="oc-8f">
         <name>.debug_info</name>
         <load_address>0x1b4f8</load_address>
         <run_address>0x1b4f8</run_address>
         <size>0x234</size>
         <input_file_ref idref="fl-c"/>
      </object_component>
      <object_component id="oc-94">
         <name>.debug_info</name>
         <load_address>0x1b72c</load_address>
         <run_address>0x1b72c</run_address>
         <size>0x288</size>
         <input_file_ref idref="fl-d"/>
      </object_component>
      <object_component id="oc-99">
         <name>.debug_info</name>
         <load_address>0x1b9b4</load_address>
         <run_address>0x1b9b4</run_address>
         <size>0x179</size>
         <input_file_ref idref="fl-e"/>
      </object_component>
      <object_component id="oc-9e">
         <name>.debug_info</name>
         <load_address>0x1bb2d</load_address>
         <run_address>0x1bb2d</run_address>
         <size>0x18b</size>
         <input_file_ref idref="fl-f"/>
      </object_component>
      <object_component id="oc-a2">
         <name>.debug_info</name>
         <load_address>0x1bcb8</load_address>
         <run_address>0x1bcb8</run_address>
         <size>0x665</size>
         <input_file_ref idref="fl-10"/>
      </object_component>
      <object_component id="oc-a8">
         <name>.debug_info</name>
         <load_address>0x1c31d</load_address>
         <run_address>0x1c31d</run_address>
         <size>0x17b</size>
         <input_file_ref idref="fl-11"/>
      </object_component>
      <object_component id="oc-ad">
         <name>.debug_info</name>
         <load_address>0x1c498</load_address>
         <run_address>0x1c498</run_address>
         <size>0x220</size>
         <input_file_ref idref="fl-12"/>
      </object_component>
      <object_component id="oc-b1">
         <name>.debug_info</name>
         <load_address>0x1c6b8</load_address>
         <run_address>0x1c6b8</run_address>
         <size>0x13432</size>
         <input_file_ref idref="fl-13"/>
      </object_component>
      <object_component id="oc-e6">
         <name>.debug_info</name>
         <load_address>0x2faea</load_address>
         <run_address>0x2faea</run_address>
         <size>0x108</size>
         <input_file_ref idref="fl-14"/>
      </object_component>
      <object_component id="oc-ea">
         <name>.debug_info</name>
         <load_address>0x2fbf2</load_address>
         <run_address>0x2fbf2</run_address>
         <size>0x1eb4</size>
         <input_file_ref idref="fl-15"/>
      </object_component>
      <object_component id="oc-ef">
         <name>.debug_info</name>
         <load_address>0x31aa6</load_address>
         <run_address>0x31aa6</run_address>
         <size>0x9d2</size>
         <input_file_ref idref="fl-16"/>
      </object_component>
      <object_component id="oc-f5">
         <name>.debug_info</name>
         <load_address>0x32478</load_address>
         <run_address>0x32478</run_address>
         <size>0x3db9</size>
         <input_file_ref idref="fl-17"/>
      </object_component>
      <object_component id="oc-fa">
         <name>.debug_info</name>
         <load_address>0x36231</load_address>
         <run_address>0x36231</run_address>
         <size>0x2473</size>
         <input_file_ref idref="fl-18"/>
      </object_component>
      <object_component id="oc-100">
         <name>.debug_info</name>
         <load_address>0x386a4</load_address>
         <run_address>0x386a4</run_address>
         <size>0x1bba</size>
         <input_file_ref idref="fl-19"/>
      </object_component>
      <object_component id="oc-105">
         <name>.debug_info</name>
         <load_address>0x3a25e</load_address>
         <run_address>0x3a25e</run_address>
         <size>0x49d9</size>
         <input_file_ref idref="fl-1a"/>
      </object_component>
      <object_component id="oc-10a">
         <name>.debug_info</name>
         <load_address>0x3ec37</load_address>
         <run_address>0x3ec37</run_address>
         <size>0xb7a</size>
         <input_file_ref idref="fl-1b"/>
      </object_component>
      <object_component id="oc-10f">
         <name>.debug_info</name>
         <load_address>0x3f7b1</load_address>
         <run_address>0x3f7b1</run_address>
         <size>0x22f8</size>
         <input_file_ref idref="fl-1c"/>
      </object_component>
      <object_component id="oc-114">
         <name>.debug_info</name>
         <load_address>0x41aa9</load_address>
         <run_address>0x41aa9</run_address>
         <size>0x1bb9</size>
         <input_file_ref idref="fl-1d"/>
      </object_component>
      <object_component id="oc-119">
         <name>.debug_info</name>
         <load_address>0x43662</load_address>
         <run_address>0x43662</run_address>
         <size>0x20cb</size>
         <input_file_ref idref="fl-1e"/>
      </object_component>
      <object_component id="oc-11e">
         <name>.debug_info</name>
         <load_address>0x4572d</load_address>
         <run_address>0x4572d</run_address>
         <size>0x2171</size>
         <input_file_ref idref="fl-1f"/>
      </object_component>
      <object_component id="oc-124">
         <name>.debug_info</name>
         <load_address>0x4789e</load_address>
         <run_address>0x4789e</run_address>
         <size>0x108</size>
         <input_file_ref idref="fl-20"/>
      </object_component>
      <object_component id="oc-128">
         <name>.debug_info</name>
         <load_address>0x479a6</load_address>
         <run_address>0x479a6</run_address>
         <size>0x313e</size>
         <input_file_ref idref="fl-21"/>
      </object_component>
      <object_component id="oc-130">
         <name>.debug_info</name>
         <load_address>0x4aae4</load_address>
         <run_address>0x4aae4</run_address>
         <size>0x16b</size>
         <input_file_ref idref="fl-34"/>
      </object_component>
      <object_component id="oc-134">
         <name>.debug_info</name>
         <load_address>0x4ac4f</load_address>
         <run_address>0x4ac4f</run_address>
         <size>0x627</size>
         <input_file_ref idref="fl-35"/>
      </object_component>
      <object_component id="oc-13a">
         <name>.debug_info</name>
         <load_address>0x4b276</load_address>
         <run_address>0x4b276</run_address>
         <size>0x112</size>
         <input_file_ref idref="fl-36"/>
      </object_component>
      <object_component id="oc-13e">
         <name>.debug_info</name>
         <load_address>0x4b388</load_address>
         <run_address>0x4b388</run_address>
         <size>0x590</size>
         <input_file_ref idref="fl-37"/>
      </object_component>
      <object_component id="oc-144">
         <name>.debug_info</name>
         <load_address>0x4b918</load_address>
         <run_address>0x4b918</run_address>
         <size>0x512</size>
         <input_file_ref idref="fl-38"/>
      </object_component>
      <object_component id="oc-14a">
         <name>.debug_info</name>
         <load_address>0x4be2a</load_address>
         <run_address>0x4be2a</run_address>
         <size>0x43a</size>
         <input_file_ref idref="fl-39"/>
      </object_component>
      <object_component id="oc-14f">
         <name>.debug_info</name>
         <load_address>0x4c264</load_address>
         <run_address>0x4c264</run_address>
         <size>0x1bb</size>
         <input_file_ref idref="fl-3a"/>
      </object_component>
      <object_component id="oc-153">
         <name>.debug_info</name>
         <load_address>0x4c41f</load_address>
         <run_address>0x4c41f</run_address>
         <size>0x5ab</size>
         <input_file_ref idref="fl-3b"/>
      </object_component>
      <object_component id="oc-15b">
         <name>.debug_info</name>
         <load_address>0x4c9ca</load_address>
         <run_address>0x4c9ca</run_address>
         <size>0x10c</size>
         <input_file_ref idref="fl-3c"/>
      </object_component>
      <object_component id="oc-160">
         <name>.debug_info</name>
         <load_address>0x4cad6</load_address>
         <run_address>0x4cad6</run_address>
         <size>0x112</size>
         <input_file_ref idref="fl-3d"/>
      </object_component>
      <object_component id="oc-165">
         <name>.debug_info</name>
         <load_address>0x4cbe8</load_address>
         <run_address>0x4cbe8</run_address>
         <size>0x10c</size>
         <input_file_ref idref="fl-3e"/>
      </object_component>
      <object_component id="oc-16a">
         <name>.debug_info</name>
         <load_address>0x4ccf4</load_address>
         <run_address>0x4ccf4</run_address>
         <size>0x112</size>
         <input_file_ref idref="fl-3f"/>
      </object_component>
      <object_component id="oc-16e">
         <name>.debug_info</name>
         <load_address>0x4ce06</load_address>
         <run_address>0x4ce06</run_address>
         <size>0x3e2</size>
         <input_file_ref idref="fl-40"/>
      </object_component>
      <object_component id="oc-173">
         <name>.debug_info</name>
         <load_address>0x4d1e8</load_address>
         <run_address>0x4d1e8</run_address>
         <size>0x568</size>
         <input_file_ref idref="fl-41"/>
      </object_component>
      <object_component id="oc-179">
         <name>.debug_info</name>
         <load_address>0x4d750</load_address>
         <run_address>0x4d750</run_address>
         <size>0x428</size>
         <input_file_ref idref="fl-42"/>
      </object_component>
      <object_component id="oc-17f">
         <name>.debug_info</name>
         <load_address>0x4db78</load_address>
         <run_address>0x4db78</run_address>
         <size>0x422</size>
         <input_file_ref idref="fl-43"/>
      </object_component>
      <object_component id="oc-184">
         <name>.debug_info</name>
         <load_address>0x4df9a</load_address>
         <run_address>0x4df9a</run_address>
         <size>0x434</size>
         <input_file_ref idref="fl-44"/>
      </object_component>
      <object_component id="oc-189">
         <name>.debug_info</name>
         <load_address>0x4e3ce</load_address>
         <run_address>0x4e3ce</run_address>
         <size>0x48f</size>
         <input_file_ref idref="fl-45"/>
      </object_component>
      <object_component id="oc-18e">
         <name>.debug_info</name>
         <load_address>0x4e85d</load_address>
         <run_address>0x4e85d</run_address>
         <size>0x3df</size>
         <input_file_ref idref="fl-46"/>
      </object_component>
      <object_component id="oc-193">
         <name>.debug_info</name>
         <load_address>0x4ec3c</load_address>
         <run_address>0x4ec3c</run_address>
         <size>0x501</size>
         <input_file_ref idref="fl-47"/>
      </object_component>
      <object_component id="oc-198">
         <name>.debug_info</name>
         <load_address>0x4f13d</load_address>
         <run_address>0x4f13d</run_address>
         <size>0x6ff</size>
         <input_file_ref idref="fl-48"/>
      </object_component>
      <object_component id="oc-19f">
         <name>.debug_info</name>
         <load_address>0x4f83c</load_address>
         <run_address>0x4f83c</run_address>
         <size>0x4ce</size>
         <input_file_ref idref="fl-49"/>
      </object_component>
      <object_component id="oc-1a4">
         <name>.debug_info</name>
         <load_address>0x4fd0a</load_address>
         <run_address>0x4fd0a</run_address>
         <size>0x3c0</size>
         <input_file_ref idref="fl-4a"/>
      </object_component>
      <object_component id="oc-1a9">
         <name>.debug_info</name>
         <load_address>0x500ca</load_address>
         <run_address>0x500ca</run_address>
         <size>0x1bd</size>
         <input_file_ref idref="fl-4b"/>
      </object_component>
      <object_component id="oc-1ac">
         <name>.debug_info</name>
         <load_address>0x50287</load_address>
         <run_address>0x50287</run_address>
         <size>0x118</size>
         <input_file_ref idref="fl-4c"/>
      </object_component>
      <object_component id="oc-1b1">
         <name>.debug_info</name>
         <load_address>0x5039f</load_address>
         <run_address>0x5039f</run_address>
         <size>0x10c</size>
         <input_file_ref idref="fl-4d"/>
      </object_component>
      <object_component id="oc-1b6">
         <name>.debug_info</name>
         <load_address>0x504ab</load_address>
         <run_address>0x504ab</run_address>
         <size>0x10c</size>
         <input_file_ref idref="fl-4e"/>
      </object_component>
      <object_component id="oc-1bb">
         <name>.debug_info</name>
         <load_address>0x505b7</load_address>
         <run_address>0x505b7</run_address>
         <size>0x11a</size>
         <input_file_ref idref="fl-4f"/>
      </object_component>
      <object_component id="oc-1c0">
         <name>.debug_info</name>
         <load_address>0x506d1</load_address>
         <run_address>0x506d1</run_address>
         <size>0x10c</size>
         <input_file_ref idref="fl-50"/>
      </object_component>
      <object_component id="oc-1c5">
         <name>.debug_info</name>
         <load_address>0x507dd</load_address>
         <run_address>0x507dd</run_address>
         <size>0x10c</size>
         <input_file_ref idref="fl-51"/>
      </object_component>
      <object_component id="oc-1ca">
         <name>.debug_info</name>
         <load_address>0x508e9</load_address>
         <run_address>0x508e9</run_address>
         <size>0x110</size>
         <input_file_ref idref="fl-52"/>
      </object_component>
      <object_component id="oc-1cf">
         <name>.debug_info</name>
         <load_address>0x509f9</load_address>
         <run_address>0x509f9</run_address>
         <size>0x110</size>
         <input_file_ref idref="fl-53"/>
      </object_component>
      <object_component id="oc-1d4">
         <name>.debug_info</name>
         <load_address>0x50b09</load_address>
         <run_address>0x50b09</run_address>
         <size>0x16e</size>
         <input_file_ref idref="fl-54"/>
      </object_component>
      <object_component id="oc-1d9">
         <name>.debug_info</name>
         <load_address>0x50c77</load_address>
         <run_address>0x50c77</run_address>
         <size>0x146</size>
         <input_file_ref idref="fl-55"/>
      </object_component>
      <object_component id="oc-1de">
         <name>.debug_info</name>
         <load_address>0x50dbd</load_address>
         <run_address>0x50dbd</run_address>
         <size>0x229</size>
         <input_file_ref idref="fl-56"/>
      </object_component>
      <object_component id="oc-1e2">
         <name>.debug_info</name>
         <load_address>0x50fe6</load_address>
         <run_address>0x50fe6</run_address>
         <size>0x401</size>
         <input_file_ref idref="fl-57"/>
      </object_component>
      <object_component id="oc-1e7">
         <name>.debug_info</name>
         <load_address>0x513e7</load_address>
         <run_address>0x513e7</run_address>
         <size>0x39f</size>
         <input_file_ref idref="fl-58"/>
      </object_component>
      <object_component id="oc-1ec">
         <name>.debug_info</name>
         <load_address>0x51786</load_address>
         <run_address>0x51786</run_address>
         <size>0x3bb</size>
         <input_file_ref idref="fl-59"/>
      </object_component>
      <object_component id="oc-1f1">
         <name>.debug_info</name>
         <load_address>0x51b41</load_address>
         <run_address>0x51b41</run_address>
         <size>0x3ab</size>
         <input_file_ref idref="fl-5a"/>
      </object_component>
      <object_component id="oc-1f6">
         <name>.debug_info</name>
         <load_address>0x51eec</load_address>
         <run_address>0x51eec</run_address>
         <size>0x45d</size>
         <input_file_ref idref="fl-5b"/>
      </object_component>
      <object_component id="oc-1fc">
         <name>.debug_info</name>
         <load_address>0x52349</load_address>
         <run_address>0x52349</run_address>
         <size>0x4c7</size>
         <input_file_ref idref="fl-5c"/>
      </object_component>
      <object_component id="oc-202">
         <name>.debug_info</name>
         <load_address>0x52810</load_address>
         <run_address>0x52810</run_address>
         <size>0x3a8</size>
         <input_file_ref idref="fl-5d"/>
      </object_component>
      <object_component id="oc-207">
         <name>.debug_info</name>
         <load_address>0x52bb8</load_address>
         <run_address>0x52bb8</run_address>
         <size>0x39e</size>
         <input_file_ref idref="fl-5e"/>
      </object_component>
      <object_component id="oc-20c">
         <name>.debug_info</name>
         <load_address>0x52f56</load_address>
         <run_address>0x52f56</run_address>
         <size>0x39b</size>
         <input_file_ref idref="fl-5f"/>
      </object_component>
      <object_component id="oc-212">
         <name>.debug_info</name>
         <load_address>0x532f1</load_address>
         <run_address>0x532f1</run_address>
         <size>0x10c</size>
         <input_file_ref idref="fl-60"/>
      </object_component>
      <object_component id="oc-217">
         <name>.debug_info</name>
         <load_address>0x533fd</load_address>
         <run_address>0x533fd</run_address>
         <size>0x19d</size>
         <input_file_ref idref="fl-61"/>
      </object_component>
      <object_component id="oc-21b">
         <name>.debug_info</name>
         <load_address>0x5359a</load_address>
         <run_address>0x5359a</run_address>
         <size>0x42f</size>
         <input_file_ref idref="fl-62"/>
      </object_component>
      <object_component id="oc-296">
         <name>.debug_info</name>
         <load_address>0x539c9</load_address>
         <run_address>0x539c9</run_address>
         <size>0xb3</size>
      </object_component>
      <object_component id="oc-4f">
         <name>.debug_abbrev</name>
         <load_address>0x0</load_address>
         <run_address>0x0</run_address>
         <size>0x21</size>
         <input_file_ref idref="fl-2"/>
      </object_component>
      <object_component id="oc-57">
         <name>.debug_abbrev</name>
         <load_address>0x21</load_address>
         <run_address>0x21</run_address>
         <size>0x1ed</size>
         <input_file_ref idref="fl-3"/>
      </object_component>
      <object_component id="oc-5c">
         <name>.debug_abbrev</name>
         <load_address>0x20e</load_address>
         <run_address>0x20e</run_address>
         <size>0xdc</size>
         <input_file_ref idref="fl-4"/>
      </object_component>
      <object_component id="oc-61">
         <name>.debug_abbrev</name>
         <load_address>0x2ea</load_address>
         <run_address>0x2ea</run_address>
         <size>0x138</size>
         <input_file_ref idref="fl-5"/>
      </object_component>
      <object_component id="oc-68">
         <name>.debug_abbrev</name>
         <load_address>0x422</load_address>
         <run_address>0x422</run_address>
         <size>0xec</size>
         <input_file_ref idref="fl-6"/>
      </object_component>
      <object_component id="oc-6d">
         <name>.debug_abbrev</name>
         <load_address>0x50e</load_address>
         <run_address>0x50e</run_address>
         <size>0x11d</size>
         <input_file_ref idref="fl-7"/>
      </object_component>
      <object_component id="oc-77">
         <name>.debug_abbrev</name>
         <load_address>0x62b</load_address>
         <run_address>0x62b</run_address>
         <size>0x160</size>
         <input_file_ref idref="fl-8"/>
      </object_component>
      <object_component id="oc-7f">
         <name>.debug_abbrev</name>
         <load_address>0x78b</load_address>
         <run_address>0x78b</run_address>
         <size>0x16c</size>
         <input_file_ref idref="fl-9"/>
      </object_component>
      <object_component id="oc-87">
         <name>.debug_abbrev</name>
         <load_address>0x8f7</load_address>
         <run_address>0x8f7</run_address>
         <size>0x170</size>
         <input_file_ref idref="fl-a"/>
      </object_component>
      <object_component id="oc-8c">
         <name>.debug_abbrev</name>
         <load_address>0xa67</load_address>
         <run_address>0xa67</run_address>
         <size>0x3d</size>
         <input_file_ref idref="fl-b"/>
      </object_component>
      <object_component id="oc-91">
         <name>.debug_abbrev</name>
         <load_address>0xaa4</load_address>
         <run_address>0xaa4</run_address>
         <size>0x3d</size>
         <input_file_ref idref="fl-c"/>
      </object_component>
      <object_component id="oc-96">
         <name>.debug_abbrev</name>
         <load_address>0xae1</load_address>
         <run_address>0xae1</run_address>
         <size>0x3d</size>
         <input_file_ref idref="fl-d"/>
      </object_component>
      <object_component id="oc-9b">
         <name>.debug_abbrev</name>
         <load_address>0xb1e</load_address>
         <run_address>0xb1e</run_address>
         <size>0x3d</size>
         <input_file_ref idref="fl-e"/>
      </object_component>
      <object_component id="oc-a0">
         <name>.debug_abbrev</name>
         <load_address>0xb5b</load_address>
         <run_address>0xb5b</run_address>
         <size>0x3d</size>
         <input_file_ref idref="fl-f"/>
      </object_component>
      <object_component id="oc-a5">
         <name>.debug_abbrev</name>
         <load_address>0xb98</load_address>
         <run_address>0xb98</run_address>
         <size>0xd3</size>
         <input_file_ref idref="fl-10"/>
      </object_component>
      <object_component id="oc-aa">
         <name>.debug_abbrev</name>
         <load_address>0xc6b</load_address>
         <run_address>0xc6b</run_address>
         <size>0x3d</size>
         <input_file_ref idref="fl-11"/>
      </object_component>
      <object_component id="oc-af">
         <name>.debug_abbrev</name>
         <load_address>0xca8</load_address>
         <run_address>0xca8</run_address>
         <size>0x3d</size>
         <input_file_ref idref="fl-12"/>
      </object_component>
      <object_component id="oc-e4">
         <name>.debug_abbrev</name>
         <load_address>0xce5</load_address>
         <run_address>0xce5</run_address>
         <size>0xb7</size>
         <input_file_ref idref="fl-13"/>
      </object_component>
      <object_component id="oc-e8">
         <name>.debug_abbrev</name>
         <load_address>0xd9c</load_address>
         <run_address>0xd9c</run_address>
         <size>0x2f</size>
         <input_file_ref idref="fl-14"/>
      </object_component>
      <object_component id="oc-ed">
         <name>.debug_abbrev</name>
         <load_address>0xdcb</load_address>
         <run_address>0xdcb</run_address>
         <size>0x10f</size>
         <input_file_ref idref="fl-15"/>
      </object_component>
      <object_component id="oc-f3">
         <name>.debug_abbrev</name>
         <load_address>0xeda</load_address>
         <run_address>0xeda</run_address>
         <size>0xfd</size>
         <input_file_ref idref="fl-16"/>
      </object_component>
      <object_component id="oc-f8">
         <name>.debug_abbrev</name>
         <load_address>0xfd7</load_address>
         <run_address>0xfd7</run_address>
         <size>0x14f</size>
         <input_file_ref idref="fl-17"/>
      </object_component>
      <object_component id="oc-fe">
         <name>.debug_abbrev</name>
         <load_address>0x1126</load_address>
         <run_address>0x1126</run_address>
         <size>0xa8</size>
         <input_file_ref idref="fl-18"/>
      </object_component>
      <object_component id="oc-103">
         <name>.debug_abbrev</name>
         <load_address>0x11ce</load_address>
         <run_address>0x11ce</run_address>
         <size>0xdc</size>
         <input_file_ref idref="fl-19"/>
      </object_component>
      <object_component id="oc-108">
         <name>.debug_abbrev</name>
         <load_address>0x12aa</load_address>
         <run_address>0x12aa</run_address>
         <size>0x146</size>
         <input_file_ref idref="fl-1a"/>
      </object_component>
      <object_component id="oc-10d">
         <name>.debug_abbrev</name>
[...]
      </symbol>
      <symbol id="sm-3cd">
         <name>_EPWM1_TZINT_ISR</name>
         <value>0x94ed</value>
         <object_component_ref idref="oc-fb"/>
      </symbol>
      <symbol id="sm-3ce">
         <name>_EQEP2_INT_ISR</name>
         <value>0x95ab</value>
         <object_component_ref idref="oc-fb"/>
      </symbol>
      <symbol id="sm-3cf">
         <name>_USER11_ISR</name>
         <value>0x9493</value>
         <object_component_ref idref="oc-fb"/>
      </symbol>
      <symbol id="sm-3d0">
         <name>_EPWM3_TZINT_ISR</name>
         <value>0x9501</value>
         <object_component_ref idref="oc-fb"/>
      </symbol>
      <symbol id="sm-3d1">
         <name>_USER4_ISR</name>
         <value>0x944d</value>
         <object_component_ref idref="oc-fb"/>
      </symbol>
      <symbol id="sm-3d2">
         <name>_EPWM2_TZINT_ISR</name>
         <value>0x94f7</value>
         <object_component_ref idref="oc-fb"/>
      </symbol>
      <symbol id="sm-3d3">
         <name>_XINT6_ISR</name>
         <value>0x96c3</value>
         <object_component_ref idref="oc-fb"/>
      </symbol>
      <symbol id="sm-3d4">
         <name>_EPWM2_INT_ISR</name>
         <value>0x9533</value>
         <object_component_ref idref="oc-fb"/>
      </symbol>
      <symbol id="sm-3d5">
         <name>_ECAN0INTB_ISR</name>
         <value>0x9691</value>
         <object_component_ref idref="oc-fb"/>
      </symbol>
      <symbol id="sm-3d6">
         <name>_TINT0_ISR</name>
         <value>0x94d9</value>
         <object_component_ref idref="oc-fb"/>
      </symbol>
      <symbol id="sm-3d7">
         <name>_WAKEINT_ISR</name>
         <value>0x94e3</value>
         <object_component_ref idref="oc-fb"/>
      </symbol>
      <symbol id="sm-3d8">
         <name>_DINTCH4_ISR</name>
         <value>0x960f</value>
         <object_component_ref idref="oc-fb"/>
      </symbol>
      <symbol id="sm-3d9">
         <name>_USER10_ISR</name>
         <value>0x9489</value>
         <object_component_ref idref="oc-fb"/>
      </symbol>
      <symbol id="sm-3da">
         <name>_USER7_ISR</name>
         <value>0x946b</value>
         <object_component_ref idref="oc-fb"/>
      </symbol>
      <symbol id="sm-3db">
         <name>_XINT1_ISR</name>
         <value>0x94bb</value>
         <object_component_ref idref="oc-fb"/>
      </symbol>
      <symbol id="sm-3dc">
         <name>_ECAP6_INT_ISR</name>
         <value>0x9597</value>
         <object_component_ref idref="oc-fb"/>
      </symbol>
      <symbol id="sm-3dd">
         <name>_INT14_ISR</name>
         <value>0x93f3</value>
         <object_component_ref idref="oc-fb"/>
      </symbol>
      <symbol id="sm-3de">
         <name>_MXINTB_ISR</name>
         <value>0x95d3</value>
         <object_component_ref idref="oc-fb"/>
      </symbol>
      <symbol id="sm-3df">
         <name>_DINTCH5_ISR</name>
         <value>0x9619</value>
         <object_component_ref idref="oc-fb"/>
      </symbol>
      <symbol id="sm-3e0">
         <name>_USER6_ISR</name>
         <value>0x9461</value>
         <object_component_ref idref="oc-fb"/>
      </symbol>
      <symbol id="sm-3e1">
         <name>_ECAP4_INT_ISR</name>
         <value>0x9583</value>
         <object_component_ref idref="oc-fb"/>
      </symbol>
      <symbol id="sm-3e2">
         <name>_MRINTA_ISR</name>
         <value>0x95dd</value>
         <object_component_ref idref="oc-fb"/>
      </symbol>
      <symbol id="sm-3e3">
         <name>_DINTCH6_ISR</name>
         <value>0x9623</value>
         <object_component_ref idref="oc-fb"/>
      </symbol>
      <symbol id="sm-3e4">
         <name>_USER12_ISR</name>
         <value>0x949d</value>
         <object_component_ref idref="oc-fb"/>
      </symbol>
      <symbol id="sm-3e5">
         <name>_ADCINT_ISR</name>
         <value>0x94cf</value>
         <object_component_ref idref="oc-fb"/>
      </symbol>
      <symbol id="sm-3e6">
         <name>_USER1_ISR</name>
         <value>0x942f</value>
         <object_component_ref idref="oc-fb"/>
      </symbol>
      <symbol id="sm-3e7">
         <name>_XINT3_ISR</name>
         <value>0x96a5</value>
         <object_component_ref idref="oc-fb"/>
      </symbol>
      <symbol id="sm-3e8">
         <name>_EPWM5_INT_ISR</name>
         <value>0x9551</value>
         <object_component_ref idref="oc-fb"/>
      </symbol>
      <symbol id="sm-3e9">
         <name>_NMI_ISR</name>
         <value>0x941b</value>
         <object_component_ref idref="oc-fb"/>
      </symbol>
      <symbol id="sm-3ea">
         <name>_SCITXINTB_ISR</name>
         <value>0x9673</value>
         <object_component_ref idref="oc-fb"/>
      </symbol>
      <symbol id="sm-3eb">
         <name>_SCIRXINTB_ISR</name>
         <value>0x9669</value>
         <object_component_ref idref="oc-fb"/>
      </symbol>
      <symbol id="sm-3ec">
         <name>_ECAN1INTA_ISR</name>
         <value>0x9687</value>
         <object_component_ref idref="oc-fb"/>
      </symbol>
      <symbol id="sm-3ed">
         <name>_ECAP2_INT_ISR</name>
         <value>0x956f</value>
         <object_component_ref idref="oc-fb"/>
      </symbol>
      <symbol id="sm-3ee">
         <name>_PIE_RESERVED</name>
         <value>0x96eb</value>
         <object_component_ref idref="oc-fb"/>
      </symbol>
      <symbol id="sm-3ef">
         <name>_I2CINT1A_ISR</name>
         <value>0x962d</value>
         <object_component_ref idref="oc-fb"/>
      </symbol>
      <symbol id="sm-3f0">
         <name>_XINT2_ISR</name>
         <value>0x94c5</value>
         <object_component_ref idref="oc-fb"/>
      </symbol>
      <symbol id="sm-3f1">
         <name>_I2CINT2A_ISR</name>
         <value>0x9637</value>
         <object_component_ref idref="oc-fb"/>
      </symbol>
      <symbol id="sm-3f2">
         <name>_SCITXINTC_ISR</name>
         <value>0x964b</value>
         <object_component_ref idref="oc-fb"/>
      </symbol>
      <symbol id="sm-3f3">
         <name>_SCIRXINTC_ISR</name>
         <value>0x9641</value>
         <object_component_ref idref="oc-fb"/>
      </symbol>
      <symbol id="sm-3f4">
         <name>_RTOSINT_ISR</name>
         <value>0x9407</value>
         <object_component_ref idref="oc-fb"/>
      </symbol>
      <symbol id="sm-3f5">
         <name>_EPWM3_INT_ISR</name>
         <value>0x953d</value>
         <object_component_ref idref="oc-fb"/>
      </symbol>
      <symbol id="sm-3f6">
         <name>_ECAN1INTB_ISR</name>
         <value>0x969b</value>
         <object_component_ref idref="oc-fb"/>
      </symbol>
      <symbol id="sm-3f7">
         <name>_USER9_ISR</name>
         <value>0x947f</value>
         <object_component_ref idref="oc-fb"/>
      </symbol>
      <symbol id="sm-3f8">
         <name>_USER3_ISR</name>
         <value>0x9443</value>
         <object_component_ref idref="oc-fb"/>
      </symbol>
      <symbol id="sm-3f9">
         <name>_EQEP1_INT_ISR</name>
         <value>0x95a1</value>
         <object_component_ref idref="oc-fb"/>
      </symbol>
      <symbol id="sm-3fa">
         <name>_MRINTB_ISR</name>
         <value>0x95c9</value>
         <object_component_ref idref="oc-fb"/>
      </symbol>
      <symbol id="sm-3fb">
         <name>_DINTCH1_ISR</name>
         <value>0x95f1</value>
         <object_component_ref idref="oc-fb"/>
      </symbol>
      <symbol id="sm-3fc">
         <name>_USER8_ISR</name>
         <value>0x9475</value>
         <object_component_ref idref="oc-fb"/>
      </symbol>
      <symbol id="sm-3fd">
         <name>_EPWM1_INT_ISR</name>
         <value>0x9529</value>
         <object_component_ref idref="oc-fb"/>
      </symbol>
      <symbol id="sm-3fe">
         <name>_SEQ2INT_ISR</name>
         <value>0x94b1</value>
         <object_component_ref idref="oc-fb"/>
      </symbol>
      <symbol id="sm-3ff">
         <name>_USER2_ISR</name>
         <value>0x9439</value>
         <object_component_ref idref="oc-fb"/>
      </symbol>
      <symbol id="sm-400">
         <name>_LUF_ISR</name>
         <value>0x96e1</value>
         <object_component_ref idref="oc-fb"/>
      </symbol>
      <symbol id="sm-401">
         <name>_LVF_ISR</name>
         <value>0x96d7</value>
         <object_component_ref idref="oc-fb"/>
      </symbol>
      <symbol id="sm-402">
         <name>_SCITXINTA_ISR</name>
         <value>0x965f</value>
         <object_component_ref idref="oc-fb"/>
      </symbol>
      <symbol id="sm-403">
         <name>_SCIRXINTA_ISR</name>
         <value>0x9655</value>
         <object_component_ref idref="oc-fb"/>
      </symbol>
      <symbol id="sm-404">
         <name>_rsvd_ISR</name>
         <value>0x96f5</value>
         <object_component_ref idref="oc-fb"/>
      </symbol>
      <symbol id="sm-405">
         <name>_ECAP5_INT_ISR</name>
         <value>0x958d</value>
         <object_component_ref idref="oc-fb"/>
      </symbol>
      <symbol id="sm-406">
         <name>_DINTCH2_ISR</name>
         <value>0x95fb</value>
         <object_component_ref idref="oc-fb"/>
      </symbol>
      <symbol id="sm-407">
         <name>_XINT5_ISR</name>
         <value>0x96b9</value>
         <object_component_ref idref="oc-fb"/>
      </symbol>
      <symbol id="sm-428">
         <name>_InitPieCtrl</name>
         <value>0xa73c</value>
         <object_component_ref idref="oc-230"/>
      </symbol>
      <symbol id="sm-429">
         <name>_EnableInterrupts</name>
         <value>0xa75b</value>
         <object_component_ref idref="oc-230"/>
      </symbol>
      <symbol id="sm-43a">
         <name>_PieVectTableInit</name>
         <value>0xd600</value>
         <object_component_ref idref="oc-23a"/>
      </symbol>
      <symbol id="sm-43b">
         <name>_InitPieVectTable</name>
         <value>0xa7cd</value>
         <object_component_ref idref="oc-22f"/>
      </symbol>
      <symbol id="sm-45b">
         <name>_InitPll</name>
         <value>0x9bd9</value>
         <object_component_ref idref="oc-232"/>
      </symbol>
      <symbol id="sm-45c">
         <name>_DisableDog</name>
         <value>0x9bd1</value>
         <object_component_ref idref="oc-232"/>
      </symbol>
      <symbol id="sm-45d">
         <name>_InitPeripheralClocks</name>
         <value>0x9c2a</value>
         <object_component_ref idref="oc-232"/>
      </symbol>
      <symbol id="sm-45e">
         <name>_CsmUnlock</name>
         <value>0x9c85</value>
         <object_component_ref idref="oc-232"/>
      </symbol>
      <symbol id="sm-45f">
         <name>_ServiceDog</name>
         <value>0x9bc7</value>
         <object_component_ref idref="oc-232"/>
      </symbol>
      <symbol id="sm-460">
         <name>_InitSysCtrl</name>
         <value>0x9bbe</value>
         <object_component_ref idref="oc-232"/>
      </symbol>
      <symbol id="sm-476">
         <name>_DSP28x_usDelay</name>
         <value>0x8000</value>
         <object_component_ref idref="oc-123"/>
      </symbol>
      <symbol id="sm-4a0">
         <name>_c_int00</name>
         <value>0xa50b</value>
         <object_component_ref idref="oc-4d"/>
      </symbol>
      <symbol id="sm-4a1">
         <name>__stack</name>
         <value>0x400</value>
         <object_component_ref idref="oc-12e"/>
      </symbol>
      <symbol id="sm-4b7">
         <name>_copy_in</name>
         <value>0xa5ff</value>
         <object_component_ref idref="oc-221"/>
      </symbol>
      <symbol id="sm-4c6">
         <name>_ppcopy</name>
         <value>0xa89b</value>
         <object_component_ref idref="oc-139"/>
      </symbol>
      <symbol id="sm-4c7">
         <name>_dpcopy</name>
         <value>0xa89b</value>
         <object_component_ref idref="oc-139"/>
      </symbol>
      <symbol id="sm-4c8">
         <name>_pdcopy</name>
         <value>0xa89b</value>
         <object_component_ref idref="oc-139"/>
      </symbol>
      <symbol id="sm-4c9">
         <name>_ddcopy</name>
         <value>0xa89b</value>
         <object_component_ref idref="oc-139"/>
      </symbol>
      <symbol id="sm-4f9">
         <name>_atan2f</name>
         <value>0x9cb6</value>
         <object_component_ref idref="oc-227"/>
      </symbol>
      <symbol id="sm-4fa">
         <name>_atan2</name>
         <value>0x9cb6</value>
         <object_component_ref idref="oc-227"/>
      </symbol>
      <symbol id="sm-521">
         <name>_sqrtf</name>
         <value>0xa764</value>
         <object_component_ref idref="oc-226"/>
      </symbol>
      <symbol id="sm-522">
         <name>_sqrt</name>
         <value>0xa764</value>
         <object_component_ref idref="oc-226"/>
      </symbol>
      <symbol id="sm-52d">
         <name>_errno</name>
         <value>0x2338</value>
         <object_component_ref idref="oc-151"/>
      </symbol>
      <symbol id="sm-542">
         <name>C$$EXIT</name>
         <value>0xa713</value>
         <object_component_ref idref="oc-224"/>
      </symbol>
      <symbol id="sm-543">
         <name>_exit</name>
         <value>0xa715</value>
         <object_component_ref idref="oc-224"/>
      </symbol>
      <symbol id="sm-544">
         <name>___TI_cleanup_ptr</name>
         <value>0x2328</value>
         <object_component_ref idref="oc-155"/>
      </symbol>
      <symbol id="sm-545">
         <name>___TI_enable_exit_profile_output</name>
         <value>0x2326</value>
         <object_component_ref idref="oc-155"/>
      </symbol>
      <symbol id="sm-546">
         <name>_abort</name>
         <value>0xa713</value>
         <object_component_ref idref="oc-224"/>
      </symbol>
      <symbol id="sm-547">
         <name>___TI_dtors_ptr</name>
         <value>0x232a</value>
         <object_component_ref idref="oc-155"/>
      </symbol>
      <symbol id="sm-559">
         <name>FD$$MPY</name>
         <value>0xa1af</value>
         <object_component_ref idref="oc-15a"/>
      </symbol>
      <symbol id="sm-569">
         <name>FD$$TOFS</name>
         <value>0xa789</value>
         <object_component_ref idref="oc-15f"/>
      </symbol>
      <symbol id="sm-57a">
         <name>FS$$DIV</name>
         <value>0xa0a2</value>
         <object_component_ref idref="oc-164"/>
      </symbol>
      <symbol id="sm-58a">
         <name>FS$$TOFD</name>
         <value>0xa863</value>
         <object_component_ref idref="oc-169"/>
      </symbol>
      <symbol id="sm-597">
         <name>__system_pre_init</name>
         <value>0xa90e</value>
         <object_component_ref idref="oc-220"/>
      </symbol>
      <symbol id="sm-5bd">
         <name>_atan</name>
         <value>0x9d8a</value>
         <object_component_ref idref="oc-22b"/>
      </symbol>
      <symbol id="sm-5be">
         <name>_atanf</name>
         <value>0x9d8a</value>
         <object_component_ref idref="oc-22b"/>
      </symbol>
      <symbol id="sm-5da">
         <name>_cos</name>
         <value>0xa3f5</value>
         <object_component_ref idref="oc-23b"/>
      </symbol>
      <symbol id="sm-5db">
         <name>_cosf</name>
         <value>0xa3f5</value>
         <object_component_ref idref="oc-23b"/>
      </symbol>
      <symbol id="sm-5e9">
         <name>_sin</name>
         <value>0xa4b3</value>
         <object_component_ref idref="oc-225"/>
      </symbol>
      <symbol id="sm-5ea">
         <name>_sinf</name>
         <value>0xa4b3</value>
         <object_component_ref idref="oc-225"/>
      </symbol>
      <symbol id="sm-601">
         <name>__system_post_cinit</name>
         <value>0x9e53</value>
         <object_component_ref idref="oc-222"/>
      </symbol>
      <symbol id="sm-616">
         <name>__unlock</name>
         <value>0x2334</value>
         <object_component_ref idref="oc-23d"/>
      </symbol>
      <symbol id="sm-617">
         <name>__lock</name>
         <value>0x2332</value>
         <object_component_ref idref="oc-229"/>
      </symbol>
      <symbol id="sm-618">
         <name>__register_lock</name>
         <value>0xa8f8</value>
         <object_component_ref idref="oc-235"/>
      </symbol>
      <symbol id="sm-619">
         <name>__nop</name>
         <value>0xa8fc</value>
         <object_component_ref idref="oc-235"/>
      </symbol>
      <symbol id="sm-61a">
         <name>__register_unlock</name>
         <value>0xa8f4</value>
         <object_component_ref idref="oc-235"/>
      </symbol>
      <symbol id="sm-642">
         <name>__args_main</name>
         <value>0xa8b5</value>
         <object_component_ref idref="oc-223"/>
      </symbol>
      <symbol id="sm-662">
         <name>FD$$CMP</name>
         <value>0xa6bf</value>
         <object_component_ref idref="oc-1ab"/>
      </symbol>
      <symbol id="sm-679">
         <name>FD$$DIV</name>
         <value>0x9f8e</value>
         <object_component_ref idref="oc-1b0"/>
      </symbol>
      <symbol id="sm-686">
         <name>FD$$NEG</name>
         <value>0xa8fd</value>
         <object_component_ref idref="oc-1b5"/>
      </symbol>
      <symbol id="sm-692">
         <name>FD$$SUB</name>
         <value>0xa8e6</value>
         <object_component_ref idref="oc-1ba"/>
      </symbol>
      <symbol id="sm-6a1">
         <name>FD$$TOI</name>
         <value>0xa7ac</value>
         <object_component_ref idref="oc-1bf"/>
      </symbol>
      <symbol id="sm-6b0">
         <name>FD$$TOL</name>
         <value>0xa7ed</value>
         <object_component_ref idref="oc-1c4"/>
      </symbol>
      <symbol id="sm-6c0">
         <name>I$$TOFD</name>
         <value>0xa82a</value>
         <object_component_ref idref="oc-1c9"/>
      </symbol>
      <symbol id="sm-6d0">
         <name>L$$TOFD</name>
         <value>0xa87f</value>
         <object_component_ref idref="oc-1ce"/>
      </symbol>
      <symbol id="sm-6dc">
         <name>LL$$AND</name>
         <value>0xa8ce</value>
         <object_component_ref idref="oc-1d3"/>
      </symbol>
      <symbol id="sm-6dd">
         <name>LL$$OR</name>
         <value>0xa8d6</value>
         <object_component_ref idref="oc-1d3"/>
      </symbol>
      <symbol id="sm-6de">
         <name>LL$$XOR</name>
         <value>0xa8de</value>
         <object_component_ref idref="oc-1d3"/>
      </symbol>
      <symbol id="sm-6ec">
         <name>ULL$$CMP</name>
         <value>0xa81e</value>
         <object_component_ref idref="oc-1d8"/>
      </symbol>
      <symbol id="sm-6ed">
         <name>LL$$CMP</name>
         <value>0xa80c</value>
         <object_component_ref idref="oc-1d8"/>
      </symbol>
      <symbol id="sm-719">
         <name>ULL$$MOD</name>
         <value>0x9b5c</value>
         <object_component_ref idref="oc-1dd"/>
      </symbol>
      <symbol id="sm-71a">
         <name>ULL$$DIV</name>
         <value>0x9b2d</value>
         <object_component_ref idref="oc-1dd"/>
      </symbol>
      <symbol id="sm-71b">
         <name>LL$$MOD</name>
         <value>0x9af3</value>
         <object_component_ref idref="oc-1dd"/>
      </symbol>
      <symbol id="sm-71c">
         <name>LL$$DIV</name>
         <value>0x9ab7</value>
         <object_component_ref idref="oc-1dd"/>
      </symbol>
      <symbol id="sm-79e">
         <name>FD$$ADD</name>
         <value>0x9ef2</value>
         <object_component_ref idref="oc-211"/>
      </symbol>
      <symbol id="sm-7aa">
         <name>UL$$MOD</name>
         <value>0xa70d</value>
         <object_component_ref idref="oc-216"/>
      </symbol>
      <symbol id="sm-7ab">
         <name>L$$MOD</name>
         <value>0xa6f8</value>
         <object_component_ref idref="oc-216"/>
      </symbol>
      <symbol id="sm-7ac">
         <name>L$$DIV</name>
         <value>0xa6e9</value>
         <object_component_ref idref="oc-216"/>
      </symbol>
      <symbol id="sm-7ad">
         <name>UL$$DIV</name>
         <value>0xa706</value>
         <object_component_ref idref="oc-216"/>
      </symbol>
   </symbol_table>
   <title>Link errors: red sections failed placement,available memory ranges in purple</title>
</link_info>
