******************************************************************************
             TMS320C2000 Linker PC v16.6.0                     
******************************************************************************
>> Linked Tue Mar 28 02:54:10 2017

OUTPUT FILE NAME:   <Lab8_Fourier.out>
ENTRY POINT SYMBOL: "_c_int00"  address: 0000a50b


MEMORY CONFIGURATION

         name            origin    length      used     unused   attr    fill
----------------------  --------  ---------  --------  --------  ----  --------
PAGE 0:
  BEGIN                 00000000   00000002  00000000  00000002  RWIX
  RAMM0                 00000050   000003b0  00000000  000003b0  RWIX
  RAML0                 00008000   00001000  00000004  00000ffc  RWIX
  RAML1                 00009000   00001fff  00001910  000006ef  RWIX
  RAML2                 0000afff   00000001  00000000  00000001  RWIX
  ZONE7A                00200000   0000fc00  00000000  0000fc00  RWIX
  CSM_RSVD              0033ff80   00000076  00000000  00000076  RWIX
  CSM_PWL               0033fff8   00000008  00000000  00000008  RWIX
  ADC_CAL               00380080   00000009  00000007  00000002  RWIX
  IQTABLES              003fe000   00000b50  00000000  00000b50  RWIX
  IQTABLES2             003feb50   0000008c  00000000  0000008c  RWIX
  FPUTABLES             003febdc   000006a0  00000000  000006a0  RWIX
  BOOTROM               003ff27c   00000d44  00000000  00000d44  RWIX
  RESET                 003fffc0   00000002  00000000  00000002  RWIX

PAGE 1:
  BOOT_RSVD             00000002   0000004e  00000000  0000004e  RWIX
  RAMM1                 00000400   00000400  00000300  00000100  RWIX
  DEV_EMU               00000880   00000180  000000d0  000000b0  RWIX
  FLASH_REGS            00000a80   00000060  00000008  00000058  RWIX
  CSM                   00000ae0   00000010  00000010  00000000  RWIX
  ADC_MIRROR            00000b00   00000010  00000010  00000000  RWIX
  XINTF                 00000b20   00000020  0000001e  00000002  RWIX
  CPU_TIMER0            00000c00   00000008  00000008  00000000  RWIX
  CPU_TIMER1            00000c08   00000008  00000008  00000000  RWIX
  CPU_TIMER2            00000c10   00000008  00000008  00000000  RWIX
  PIE_CTRL              00000ce0   00000020  0000001a  00000006  RWIX
  PIE_VECT              00000d00   00000100  00000100  00000000  RWIX
  DMA                   00001000   00000200  000000e0  00000120  RWIX
  MCBSPA                00005000   00000040  00000025  0000001b  RWIX
  MCBSPB                00005040   00000040  00000025  0000001b  RWIX
  ECANA                 00006000   00000040  00000034  0000000c  RWIX
  ECANA_LAM             00006040   00000040  00000040  00000000  RWIX
  ECANA_MOTS            00006080   00000040  00000040  00000000  RWIX
  ECANA_MOTO            000060c0   00000040  00000040  00000000  RWIX
  ECANA_MBOX            00006100   00000100  00000100  00000000  RWIX
  ECANB                 00006200   00000040  00000034  0000000c  RWIX
  ECANB_LAM             00006240   00000040  00000040  00000000  RWIX
  ECANB_MOTS            00006280   00000040  00000040  00000000  RWIX
  ECANB_MOTO            000062c0   00000040  00000040  00000000  RWIX
  ECANB_MBOX            00006300   00000100  00000100  00000000  RWIX
  EPWM1                 00006800   00000022  00000022  00000000  RWIX
  EPWM2                 00006840   00000022  00000022  00000000  RWIX
  EPWM3                 00006880   00000022  00000022  00000000  RWIX
  EPWM4                 000068c0   00000022  00000022  00000000  RWIX
  EPWM5                 00006900   00000022  00000022  00000000  RWIX
  EPWM6                 00006940   00000022  00000022  00000000  RWIX
  ECAP1                 00006a00   00000020  00000020  00000000  RWIX
  ECAP2                 00006a20   00000020  00000020  00000000  RWIX
  ECAP3                 00006a40   00000020  00000020  00000000  RWIX
  ECAP4                 00006a60   00000020  00000020  00000000  RWIX
  ECAP5                 00006a80   00000020  00000020  00000000  RWIX
  ECAP6                 00006aa0   00000020  00000020  00000000  RWIX
  EQEP1                 00006b00   00000040  00000040  00000000  RWIX
  EQEP2                 00006b40   00000040  00000040  00000000  RWIX
  GPIOCTRL              00006f80   00000040  0000002e  00000012  RWIX
  GPIODAT               00006fc0   00000020  00000020  00000000  RWIX
  GPIOINT               00006fe0   00000020  0000000a  00000016  RWIX
  SYSTEM                00007010   00000020  00000020  00000000  RWIX
  SPIA                  00007040   00000010  00000010  00000000  RWIX
  SCIA                  00007050   00000010  00000010  00000000  RWIX
  XINTRUPT              00007070   00000010  00000010  00000000  RWIX
  ADC                   00007100   00000020  0000001e  00000002  RWIX
  SCIB                  00007750   00000010  00000010  00000000  RWIX
  SCIC                  00007770   00000010  00000010  00000000  RWIX
  I2CA                  00007900   00000040  00000022  0000001e  RWIX
  RAML4                 0000b000   00002000  00000400  00001c00  RWIX
  RAML5                 0000d000   00001000  000007ae  00000852  RWIX
  RAML6                 0000e000   00001000  00000000  00001000  RWIX
  RAML7                 0000f000   00001000  00000000  00001000  RWIX
  ZONE7B                0020fc00   00000400  00000000  00000400  RWIX
  CSM_PWL               0033fff8   00000008  00000008  00000000  RWIX
  PARTID                00380090   00000001  00000001  00000000  RWIX


SECTION ALLOCATION MAP

 output                                  attributes/
section   page    origin      length       input sections
--------  ----  ----------  ----------   ----------------
.cinit     0    00000000    00001135     FAILED TO ALLOCATE
.ebss      1    00000000    00002339     FAILED TO ALLOCATE
ramfuncs   0    00008000    00000004     
                  00008000    00000004     DSP2833x_usDelay.obj (ramfuncs)

.text      0    00009000    00001910     
                  00009000    000003e9     DSP2833x_DMA.obj (.text)
                  000093e9    00000316     DSP2833x_DefaultIsr.obj (.text:retain)
                  000096ff    00000163     Lab9_fftProject.obj (.text)
                  00009862    00000138     RFFT_adc_f32.obj (.text)
                  0000999a    0000011d     RFFT_f32.obj (.text)
                  00009ab7    00000107     rts2800_fpu32.lib : ll_div.obj (.text)
                  00009bbe    000000f8     DSP2833x_SysCtrl.obj (.text)
                  00009cb6    000000d4     rts2800_fpu32.lib : e_atan2f.obj (.text)
                  00009d8a    000000c9                       : s_atanf.obj (.text)
                  00009e53    00000001                       : startup.obj (.text)
                  00009e54    0000009e     RFFT_adc_f32u.obj (.text)
                  00009ef2    0000009c     rts2800_fpu32.lib : fd_add.obj (.text)
                  00009f8e    0000008b                       : fd_div.obj (.text)
                  0000a019    00000089     timer2.obj (.text:retain)
                  0000a0a2    00000088     rts2800_fpu32.lib : fs_div.obj (.text)
                  0000a12a    00000085     RFFT_f32u.obj (.text)
                  0000a1af    00000083     rts2800_fpu32.lib : fd_mpy.obj (.text)
                  0000a232    00000079     analogToDigitalConverter.obj (.text)
                  0000a2ab    00000073     DSP2833x_CpuTimers.obj (.text)
                  0000a31e    0000006d     RFFT_f32_sincostable.obj (.text)
                  0000a38b    0000006a     Lab9_fftProject.obj (.text:retain)
                  0000a3f5    00000061     rts2800_fpu32.lib : s_cosf.obj (.text)
                  0000a456    0000005d     digitalToAnalogConverter.obj (.text)
                  0000a4b3    00000058     rts2800_fpu32.lib : s_sinf.obj (.text)
                  0000a50b    00000056                       : boot.obj (.text)
                  0000a561    00000055     RFFT_f32s_mag.obj (.text)
                  0000a5b6    00000049     RFFT_f32_phase.obj (.text)
                  0000a5ff    00000046     rts2800_fpu32.lib : cpy_tbl.obj (.text)
                  0000a645    00000044     RFFT_f32_mag.obj (.text)
                  0000a689    00000036     timer.obj (.text)
                  0000a6bf    0000002a     rts2800_fpu32.lib : fd_cmp.obj (.text)
                  0000a6e9    0000002a                       : l_div.obj (.text)
                  0000a713    00000029                       : exit.obj (.text)
                  0000a73c    00000028     DSP2833x_PieCtrl.obj (.text)
                  0000a764    00000025     rts2800_fpu32.lib : e_sqrtf.obj (.text)
                  0000a789    00000023                       : fd_tofs.obj (.text)
                  0000a7ac    00000021                       : fd_toi.obj (.text)
                  0000a7cd    00000020     DSP2833x_PieVect.obj (.text)
                  0000a7ed    0000001f     rts2800_fpu32.lib : fd_tol.obj (.text)
                  0000a80c    0000001e                       : ll_cmp.obj (.text)
                  0000a82a    0000001d                       : i_tofd.obj (.text)
                  0000a847    0000001c     timer.obj (.text:retain)
                  0000a863    0000001c     rts2800_fpu32.lib : fs_tofd.obj (.text)
                  0000a87f    0000001c                       : l_tofd.obj (.text)
                  0000a89b    0000001a                       : cpy_utils.obj (.text)
                  0000a8b5    00000019                       : args_main.obj (.text)
                  0000a8ce    00000018                       : ll_aox.obj (.text)
                  0000a8e6    0000000e                       : fd_sub.obj (.text)
                  0000a8f4    00000009                       : _lock.obj (.text)
                  0000a8fd    00000009                       : fd_neg.obj (.text)
                  0000a906    00000008     audioCntrl.obj (.text)
                  0000a90e    00000002     rts2800_fpu32.lib : pre_init.obj (.text)

.pinit     0    00008000    00000000     UNINITIALIZED

.stack     1    00000400    00000300     UNINITIALIZED
                  00000400    00000300     --HOLE--

.econst    1    0000d600    000001ae     
                  0000d600    00000100     DSP2833x_PieVect.obj (.econst:_PieVectTableInit)
                  0000d700    00000026     rts2800_fpu32.lib : _printfi.obj (.econst:.string)
                  0000d726    0000001c                       : _printfi.obj (.econst)
                  0000d742    0000001c                       : s_scalbn.obj (.econst)
                  0000d75e    00000014                       : e_log10f.obj (.econst)
                  0000d772    0000000c                       : e_atan2f.obj (.econst)
                  0000d77e    0000000a                       : s_atanf.obj (.econst:_aT)
                  0000d788    00000008                       : s_atanf.obj (.econst:_atanhi)
                  0000d790    00000008                       : s_atanf.obj (.econst:_atanlo)
                  0000d798    00000008                       : s_frexp.obj (.econst)
                  0000d7a0    00000004     Lab9_fftProject.obj (.econst)
                  0000d7a4    00000004     rts2800_fpu32.lib : s_atanf.obj (.econst)
                  0000d7a8    00000003     main.obj (.econst:.string)
                  0000d7ab    00000001     OneToOneI2CDriver.obj (.econst)
                  0000d7ac    00000002     rts2800_fpu32.lib : s_ceilf.obj (.econst)

DMARAML4   1    0000b000    00000400     UNINITIALIZED
                  0000b000    00000400     main.obj (DMARAML4)

DMARAML5   1    0000d000    00000600     UNINITIALIZED
                  0000d000    00000600     main.obj (DMARAML5)

.reset     0    003fffc0    00000002     DSECT
                  003fffc0    00000002     rts2800_fpu32.lib : boot.obj (.reset)

csm_rsvd   0    0033ff80    00000000     DSECT

csmpasswds 
*          0    0033fff8    00000000     DSECT

.adc_cal   0    00380080    00000007     NOLOAD SECTION
                  00380080    00000007     DSP2833x_ADC_cal.obj (.adc_cal)

DevEmuRegsFile 
*          1    00000880    000000d0     UNINITIALIZED
                  00000880    000000d0     DSP2833x_GlobalVariableDefs.obj (DevEmuRegsFile)

FlashRegsFile 
*          1    00000a80    00000008     UNINITIALIZED
                  00000a80    00000008     DSP2833x_GlobalVariableDefs.obj (FlashRegsFile)

CsmRegsFile 
*          1    00000ae0    00000010     UNINITIALIZED
                  00000ae0    00000010     DSP2833x_GlobalVariableDefs.obj (CsmRegsFile)

AdcMirrorFile 
*          1    00000b00    00000010     UNINITIALIZED
                  00000b00    00000010     DSP2833x_GlobalVariableDefs.obj (AdcMirrorFile)

XintfRegsFile 
*          1    00000b20    0000001e     UNINITIALIZED
                  00000b20    0000001e     DSP2833x_GlobalVariableDefs.obj (XintfRegsFile)

CpuTimer0RegsFile 
*          1    00000c00    00000008     UNINITIALIZED
                  00000c00    00000008     DSP2833x_GlobalVariableDefs.obj (CpuTimer0RegsFile)

CpuTimer1RegsFile 
*          1    00000c08    00000008     UNINITIALIZED
                  00000c08    00000008     DSP2833x_GlobalVariableDefs.obj (CpuTimer1RegsFile)

CpuTimer2RegsFile 
*          1    00000c10    00000008     UNINITIALIZED
                  00000c10    00000008     DSP2833x_GlobalVariableDefs.obj (CpuTimer2RegsFile)

PieCtrlRegsFile 
*          1    00000ce0    0000001a     UNINITIALIZED
                  00000ce0    0000001a     DSP2833x_GlobalVariableDefs.obj (PieCtrlRegsFile)

PieVectTableFile 
*          1    00000d00    00000100     UNINITIALIZED
                  00000d00    00000100     DSP2833x_GlobalVariableDefs.obj (PieVectTableFile)

DmaRegsFile 
*          1    00001000    000000e0     UNINITIALIZED
                  00001000    000000e0     DSP2833x_GlobalVariableDefs.obj (DmaRegsFile)

McbspaRegsFile 
*          1    00005000    00000025     UNINITIALIZED
                  00005000    00000025     DSP2833x_GlobalVariableDefs.obj (McbspaRegsFile)

McbspbRegsFile 
*          1    00005040    00000025     UNINITIALIZED
                  00005040    00000025     DSP2833x_GlobalVariableDefs.obj (McbspbRegsFile)

ECanaRegsFile 
*          1    00006000    00000034     UNINITIALIZED
                  00006000    00000034     DSP2833x_GlobalVariableDefs.obj (ECanaRegsFile)

ECanaLAMRegsFile 
*          1    00006040    00000040     UNINITIALIZED
                  00006040    00000040     DSP2833x_GlobalVariableDefs.obj (ECanaLAMRegsFile)

ECanaMOTSRegsFile 
*          1    00006080    00000040     UNINITIALIZED
                  00006080    00000040     DSP2833x_GlobalVariableDefs.obj (ECanaMOTSRegsFile)

ECanaMOTORegsFile 
*          1    000060c0    00000040     UNINITIALIZED
                  000060c0    00000040     DSP2833x_GlobalVariableDefs.obj (ECanaMOTORegsFile)

ECanaMboxesFile 
*          1    00006100    00000100     UNINITIALIZED
                  00006100    00000100     DSP2833x_GlobalVariableDefs.obj (ECanaMboxesFile)

ECanbRegsFile 
*          1    00006200    00000034     UNINITIALIZED
                  00006200    00000034     DSP2833x_GlobalVariableDefs.obj (ECanbRegsFile)

ECanbLAMRegsFile 
*          1    00006240    00000040     UNINITIALIZED
                  00006240    00000040     DSP2833x_GlobalVariableDefs.obj (ECanbLAMRegsFile)

ECanbMOTSRegsFile 
*          1    00006280    00000040     UNINITIALIZED
                  00006280    00000040     DSP2833x_GlobalVariableDefs.obj (ECanbMOTSRegsFile)

ECanbMOTORegsFile 
*          1    000062c0    00000040     UNINITIALIZED
                  000062c0    00000040     DSP2833x_GlobalVariableDefs.obj (ECanbMOTORegsFile)

ECanbMboxesFile 
*          1    00006300    00000100     UNINITIALIZED
                  00006300    00000100     DSP2833x_GlobalVariableDefs.obj (ECanbMboxesFile)

EPwm1RegsFile 
*          1    00006800    00000022     UNINITIALIZED
                  00006800    00000022     DSP2833x_GlobalVariableDefs.obj (EPwm1RegsFile)

EPwm2RegsFile 
*          1    00006840    00000022     UNINITIALIZED
                  00006840    00000022     DSP2833x_GlobalVariableDefs.obj (EPwm2RegsFile)

EPwm3RegsFile 
*          1    00006880    00000022     UNINITIALIZED
                  00006880    00000022     DSP2833x_GlobalVariableDefs.obj (EPwm3RegsFile)

EPwm4RegsFile 
*          1    000068c0    00000022     UNINITIALIZED
                  000068c0    00000022     DSP2833x_GlobalVariableDefs.obj (EPwm4RegsFile)

EPwm5RegsFile 
*          1    00006900    00000022     UNINITIALIZED
                  00006900    00000022     DSP2833x_GlobalVariableDefs.obj (EPwm5RegsFile)

EPwm6RegsFile 
*          1    00006940    00000022     UNINITIALIZED
                  00006940    00000022     DSP2833x_GlobalVariableDefs.obj (EPwm6RegsFile)

ECap1RegsFile 
*          1    00006a00    00000020     UNINITIALIZED
                  00006a00    00000020     DSP2833x_GlobalVariableDefs.obj (ECap1RegsFile)

ECap2RegsFile 
*          1    00006a20    00000020     UNINITIALIZED
                  00006a20    00000020     DSP2833x_GlobalVariableDefs.obj (ECap2RegsFile)

ECap3RegsFile 
*          1    00006a40    00000020     UNINITIALIZED
                  00006a40    00000020     DSP2833x_GlobalVariableDefs.obj (ECap3RegsFile)

ECap4RegsFile 
*          1    00006a60    00000020     UNINITIALIZED
                  00006a60    00000020     DSP2833x_GlobalVariableDefs.obj (ECap4RegsFile)

ECap5RegsFile 
*          1    00006a80    00000020     UNINITIALIZED
                  00006a80    00000020     DSP2833x_GlobalVariableDefs.obj (ECap5RegsFile)

ECap6RegsFile 
*          1    00006aa0    00000020     UNINITIALIZED
                  00006aa0    00000020     DSP2833x_GlobalVariableDefs.obj (ECap6RegsFile)

EQep1RegsFile 
*          1    00006b00    00000040     UNINITIALIZED
                  00006b00    00000040     DSP2833x_GlobalVariableDefs.obj (EQep1RegsFile)

EQep2RegsFile 
*          1    00006b40    00000040     UNINITIALIZED
                  00006b40    00000040     DSP2833x_GlobalVariableDefs.obj (EQep2RegsFile)

GpioCtrlRegsFile 
*          1    00006f80    0000002e     UNINITIALIZED
                  00006f80    0000002e     DSP2833x_GlobalVariableDefs.obj (GpioCtrlRegsFile)

GpioDataRegsFile 
*          1    00006fc0    00000020     UNINITIALIZED
                  00006fc0    00000020     DSP2833x_GlobalVariableDefs.obj (GpioDataRegsFile)

GpioIntRegsFile 
*          1    00006fe0    0000000a     UNINITIALIZED
                  00006fe0    0000000a     DSP2833x_GlobalVariableDefs.obj (GpioIntRegsFile)

SysCtrlRegsFile 
*          1    00007010    00000020     UNINITIALIZED
                  00007010    00000020     DSP2833x_GlobalVariableDefs.obj (SysCtrlRegsFile)

SpiaRegsFile 
*          1    00007040    00000010     UNINITIALIZED
                  00007040    00000010     DSP2833x_GlobalVariableDefs.obj (SpiaRegsFile)

SciaRegsFile 
*          1    00007050    00000010     UNINITIALIZED
                  00007050    00000010     DSP2833x_GlobalVariableDefs.obj (SciaRegsFile)

XIntruptRegsFile 
*          1    00007070    00000010     UNINITIALIZED
                  00007070    00000010     DSP2833x_GlobalVariableDefs.obj (XIntruptRegsFile)

AdcRegsFile 
*          1    00007100    0000001e     UNINITIALIZED
                  00007100    0000001e     DSP2833x_GlobalVariableDefs.obj (AdcRegsFile)

ScibRegsFile 
*          1    00007750    00000010     UNINITIALIZED
                  00007750    00000010     DSP2833x_GlobalVariableDefs.obj (ScibRegsFile)

ScicRegsFile 
*          1    00007770    00000010     UNINITIALIZED
                  00007770    00000010     DSP2833x_GlobalVariableDefs.obj (ScicRegsFile)

I2caRegsFile 
*          1    00007900    00000022     UNINITIALIZED
                  00007900    00000022     DSP2833x_GlobalVariableDefs.obj (I2caRegsFile)

CsmPwlFile 
*          1    0033fff8    00000008     UNINITIALIZED
                  0033fff8    00000008     DSP2833x_GlobalVariableDefs.obj (CsmPwlFile)

PartIdRegsFile 
*          1    00380090    00000001     UNINITIALIZED
                  00380090    00000001     DSP2833x_GlobalVariableDefs.obj (PartIdRegsFile)

MODULE SUMMARY

       Module                            code   ro data   rw data
       ------                            ----   -------   -------
    .\
       main.obj                          0      0         2563   
       Lab9_fftProject.obj               461    0         4      
       timer2.obj                        137    0         0      
       analogToDigitalConverter.obj      121    0         0      
       digitalToAnalogConverter.obj      93     0         0      
       timer.obj                         82     0         0      
       audioCntrl.obj                    8      0         0      
    +--+---------------------------------+------+---------+---------+
       Total:                            902    0         2567   
                                                                 
    .\C28x_FPU_LIB\
       RFFT_adc_f32.obj                  312    0         0      
       RFFT_f32.obj                      285    0         0      
       RFFT_adc_f32u.obj                 158    0         0      
       RFFT_f32u.obj                     133    0         0      
       RFFT_f32_sincostable.obj          109    0         0      
       RFFT_f32s_mag.obj                 85     0         0      
       RFFT_f32_phase.obj                73     0         0      
       RFFT_f32_mag.obj                  68     0         0      
    +--+---------------------------------+------+---------+---------+
       Total:                            1223   0         0      
                                                                 
    .\Headers\
       DSP2833x_GlobalVariableDefs.obj   0      0         2679   
    +--+---------------------------------+------+---------+---------+
       Total:                            0      0         2679   
                                                                 
    .\Source\
       DSP2833x_DMA.obj                  1001   0         0      
       DSP2833x_DefaultIsr.obj           790    0         0      
       DSP2833x_PieVect.obj              32     0         256    
       DSP2833x_SysCtrl.obj              248    0         0      
       DSP2833x_CpuTimers.obj            115    0         0      
       DSP2833x_PieCtrl.obj              40     0         0      
       DSP2833x_ADC_cal.obj              7      0         0      
       DSP2833x_usDelay.obj              4      0         0      
       OneToOneI2CDriver.obj             0      0         1      
    +--+---------------------------------+------+---------+---------+
       Total:                            2237   0         257    
                                                                 
    C:\ti\ccsv6\tools\compiler\ti-cgt-c2000_16.6.0.STS\lib\rts2800_fpu32.lib
       ll_div.obj                        263    0         0      
       s_atanf.obj                       201    0         30     
       e_atan2f.obj                      212    0         12     
       fd_add.obj                        156    0         0      
       fd_div.obj                        139    0         0      
       fs_div.obj                        136    0         0      
       fd_mpy.obj                        131    0         0      
       s_cosf.obj                        97     0         0      
       s_sinf.obj                        88     0         0      
       boot.obj                          86     0         0      
       cpy_tbl.obj                       70     0         0      
       _printfi.obj                      0      0         66     
       fd_cmp.obj                        42     0         0      
       l_div.obj                         42     0         0      
       exit.obj                          41     0         0      
       e_sqrtf.obj                       37     0         0      
       fd_tofs.obj                       35     0         0      
       fd_toi.obj                        33     0         0      
       fd_tol.obj                        31     0         0      
       ll_cmp.obj                        30     0         0      
       i_tofd.obj                        29     0         0      
       fs_tofd.obj                       28     0         0      
       l_tofd.obj                        28     0         0      
       s_scalbn.obj                      0      0         28     
       cpy_utils.obj                     26     0         0      
       args_main.obj                     25     0         0      
       ll_aox.obj                        24     0         0      
       e_log10f.obj                      0      0         20     
       fd_sub.obj                        14     0         0      
       _lock.obj                         9      0         0      
       fd_neg.obj                        9      0         0      
       s_frexp.obj                       0      0         8      
       pre_init.obj                      2      0         0      
       s_ceilf.obj                       0      0         2      
       startup.obj                       1      0         0      
    +--+---------------------------------+------+---------+---------+
       Total:                            2065   0         166    
                                                                 
       Stack:                            0      0         768    
    +--+---------------------------------+------+---------+---------+
       Grand Total:                      6427   0         6437   


GLOBAL DATA SYMBOLS: SORTED BY DATA PAGE

address     data page           name
--------    ----------------    ----
00000000       0 (00000000)     _FFTStartFlag
00000001       0 (00000000)     _DEBUG_TOGGLE
00000002       0 (00000000)     _selectFlag
00000003       0 (00000000)     _n
00000004       0 (00000000)     _swap
00000005       0 (00000000)     _dacOutput
00000006       0 (00000000)     _k
00000008       0 (00000000)     _maxGain
0000000a       0 (00000000)     _maxFrequency
0000000c       0 (00000000)     _pingCalc
0000000e       0 (00000000)     _pingData
00000010       0 (00000000)     _pongCalc
00000012       0 (00000000)     _pongData
00000014       0 (00000000)     _angle
00000016       0 (00000000)     _dataForMcBSP
00000018       0 (00000000)     _rfft_adc
0000001c       0 (00000000)     _rfft

00000040       1 (00000040)     _pongBufferOut

000000c0       3 (000000c0)     _pingBufferOut

00000140       5 (00000140)     _pingBufferIn

00000240       9 (00000240)     _pongBufferIn

00000340       d (00000340)     _Ximaginary

00000400      10 (00000400)     __stack

00000440      11 (00000440)     _Xreal

00000540      15 (00000540)     _Xmagnitude

00000640      19 (00000640)     _AdcBuf

00000840      21 (00000840)     _RFFTmagBuff

00000880      22 (00000880)     _DevEmuRegs

00000a80      2a (00000a80)     _FlashRegs
00000a80      2a (00000a80)     _RFFTF32Coef

00000ae0      2b (00000ac0)     _CsmRegs

00000b00      2c (00000b00)     _AdcMirror
00000b20      2c (00000b00)     _XintfRegs

00000c00      30 (00000c00)     _CpuTimer0Regs
00000c08      30 (00000c00)     _CpuTimer1Regs
00000c10      30 (00000c00)     _CpuTimer2Regs

00000ce0      33 (00000cc0)     _PieCtrlRegs

00000d00      34 (00000d00)     _PieVectTable

00000e80      3a (00000e80)     _RFFToutBuff

00001000      40 (00001000)     _DmaRegs

00001280      4a (00001280)     _hamming

00001a81      6a (00001a80)     _sortVar
00001a84      6a (00001a80)     _z
00001a86      6a (00001a80)     _magnitudeLargestValue
00001a88      6a (00001a80)     _frequencyLargestValue
00001a8a      6a (00001a80)     _Hz
00001a8d      6a (00001a80)     _dB
00001a90      6a (00001a80)     _twoLineMode
00001a94      6a (00001a80)     _goHome
00001a98      6a (00001a80)     _clearScreen
00001a9c      6a (00001a80)     _gain
00001aa5      6a (00001a80)     _debug

00001ac0      6b (00001ac0)     _arrayBytesSend
00001ad4      6b (00001ac0)     _maxMag
00001ae8      6b (00001ac0)     _maxFreq

00002300      8c (00002300)     _CpuTimer1
00002308      8c (00002300)     _CpuTimer2
00002310      8c (00002300)     _CpuTimer0
00002318      8c (00002300)     _startAgain
00002319      8c (00002300)     _temp
0000231a      8c (00002300)     _p
0000231c      8c (00002300)     _l
0000231e      8c (00002300)     _i
00002320      8c (00002300)     _mixedSample
00002322      8c (00002300)     _interruptTimerFlag
00002324      8c (00002300)     _t
00002326      8c (00002300)     ___TI_enable_exit_profile_output
00002328      8c (00002300)     ___TI_cleanup_ptr
0000232a      8c (00002300)     ___TI_dtors_ptr
0000232c      8c (00002300)     _state_dir
0000232d      8c (00002300)     _y
0000232e      8c (00002300)     _f
00002330      8c (00002300)     _a
00002332      8c (00002300)     __lock
00002334      8c (00002300)     __unlock
00002336      8c (00002300)     _stateFlag
00002337      8c (00002300)     _reset
00002338      8c (00002300)     _errno

00005000     140 (00005000)     _McbspaRegs

00005040     141 (00005040)     _McbspbRegs

00006000     180 (00006000)     _ECanaRegs

00006040     181 (00006040)     _ECanaLAMRegs

00006080     182 (00006080)     _ECanaMOTSRegs

000060c0     183 (000060c0)     _ECanaMOTORegs

00006100     184 (00006100)     _ECanaMboxes

00006200     188 (00006200)     _ECanbRegs

00006240     189 (00006240)     _ECanbLAMRegs

00006280     18a (00006280)     _ECanbMOTSRegs

000062c0     18b (000062c0)     _ECanbMOTORegs

00006300     18c (00006300)     _ECanbMboxes

00006800     1a0 (00006800)     _EPwm1Regs

00006840     1a1 (00006840)     _EPwm2Regs

00006880     1a2 (00006880)     _EPwm3Regs

000068c0     1a3 (000068c0)     _EPwm4Regs

00006900     1a4 (00006900)     _EPwm5Regs

00006940     1a5 (00006940)     _EPwm6Regs

00006a00     1a8 (00006a00)     _ECap1Regs
00006a20     1a8 (00006a00)     _ECap2Regs

00006a40     1a9 (00006a40)     _ECap3Regs
00006a60     1a9 (00006a40)     _ECap4Regs

00006a80     1aa (00006a80)     _ECap5Regs
00006aa0     1aa (00006a80)     _ECap6Regs

00006b00     1ac (00006b00)     _EQep1Regs

00006b40     1ad (00006b40)     _EQep2Regs

00006f80     1be (00006f80)     _GpioCtrlRegs

00006fc0     1bf (00006fc0)     _GpioDataRegs
00006fe0     1bf (00006fc0)     _GpioIntRegs

00007010     1c0 (00007000)     _SysCtrlRegs

00007040     1c1 (00007040)     _SpiaRegs
00007050     1c1 (00007040)     _SciaRegs
00007070     1c1 (00007040)     _XIntruptRegs

00007100     1c4 (00007100)     _AdcRegs

00007750     1dd (00007740)     _ScibRegs
00007770     1dd (00007740)     _ScicRegs

00007900     1e4 (00007900)     _I2caRegs

0000b000     2c0 (0000b000)     _dftValues

0000b200     2c8 (0000b200)     _Magnitude

0000d000     340 (0000d000)     _x

0000d600     358 (0000d600)     _PieVectTableInit

0033fff8    cfff (0033ffc0)     _CsmPwl

00380090    e002 (00380080)     _PartIdRegs


GLOBAL SYMBOLS: SORTED ALPHABETICALLY BY Name 

page  address   name                                   
----  -------   ----                                   
0     00009000  .text                                  
0     0000a713  C$$EXIT                                
0     00009ef2  FD$$ADD                                
0     0000a6bf  FD$$CMP                                
0     00009f8e  FD$$DIV                                
0     0000a1af  FD$$MPY                                
0     0000a8fd  FD$$NEG                                
0     0000a8e6  FD$$SUB                                
0     0000a789  FD$$TOFS                               
0     0000a7ac  FD$$TOI                                
0     0000a7ed  FD$$TOL                                
0     0000a0a2  FS$$DIV                                
0     0000a863  FS$$TOFD                               
0     0000a82a  I$$TOFD                                
0     0000a6e9  L$$DIV                                 
0     0000a6f8  L$$MOD                                 
0     0000a87f  L$$TOFD                                
0     0000a8ce  LL$$AND                                
0     0000a80c  LL$$CMP                                
0     00009ab7  LL$$DIV                                
0     00009af3  LL$$MOD                                
0     0000a8d6  LL$$OR                                 
0     0000a8de  LL$$XOR                                
0     0000a706  UL$$DIV                                
0     0000a70d  UL$$MOD                                
0     0000a81e  ULL$$CMP                               
0     00009b2d  ULL$$DIV                               
0     00009b5c  ULL$$MOD                               
0     000094cf  _ADCINT_ISR                            
0     00380080  _ADC_cal                               
0     00000640  _AdcBuf                                
1     00000b00  _AdcMirror                             
1     00007100  _AdcRegs                               
0     0000a2e4  _ConfigCpuTimer                        
0     00002310  _CpuTimer0                             
1     00000c00  _CpuTimer0Regs                         
0     00002300  _CpuTimer1                             
1     00000c08  _CpuTimer1Regs                         
0     00002308  _CpuTimer2                             
1     00000c10  _CpuTimer2Regs                         
1     0033fff8  _CsmPwl                                
1     00000ae0  _CsmRegs                               
0     00009c85  _CsmUnlock                             
0     000093fd  _DATALOG_ISR                           
0     00000001  _DEBUG_TOGGLE                          
0     000095f1  _DINTCH1_ISR                           
0     000095fb  _DINTCH2_ISR                           
0     00009605  _DINTCH3_ISR                           
0     0000960f  _DINTCH4_ISR                           
0     00009619  _DINTCH5_ISR                           
0     00009623  _DINTCH6_ISR                           
0     0000900b  _DMACH1AddrConfig                      
0     0000901b  _DMACH1BurstConfig                     
0     0000904e  _DMACH1ModeConfig                      
0     0000902b  _DMACH1TransferConfig                  
0     0000903b  _DMACH1WrapConfig                      
0     000090b0  _DMACH2AddrConfig                      
0     000090c0  _DMACH2BurstConfig                     
0     000090f3  _DMACH2ModeConfig                      
0     000090d0  _DMACH2TransferConfig                  
0     000090e0  _DMACH2WrapConfig                      
0     00009155  _DMACH3AddrConfig                      
0     00009165  _DMACH3BurstConfig                     
0     00009198  _DMACH3ModeConfig                      
0     00009175  _DMACH3TransferConfig                  
0     00009185  _DMACH3WrapConfig                      
0     000091fa  _DMACH4AddrConfig                      
0     0000920a  _DMACH4BurstConfig                     
0     0000923d  _DMACH4ModeConfig                      
0     0000921a  _DMACH4TransferConfig                  
0     0000922a  _DMACH4WrapConfig                      
0     0000929f  _DMACH5AddrConfig                      
0     000092af  _DMACH5BurstConfig                     
0     000092e2  _DMACH5ModeConfig                      
0     000092bf  _DMACH5TransferConfig                  
0     000092cf  _DMACH5WrapConfig                      
0     00009344  _DMACH6AddrConfig                      
0     00009354  _DMACH6BurstConfig                     
0     00009387  _DMACH6ModeConfig                      
0     00009364  _DMACH6TransferConfig                  
0     00009374  _DMACH6WrapConfig                      
0     00009000  _DMAInitialize                         
0     00008000  _DSP28x_usDelay                        
1     00000880  _DevEmuRegs                            
0     00009bd1  _DisableDog                            
1     00001000  _DmaRegs                               
0     0000967d  _ECAN0INTA_ISR                         
0     00009691  _ECAN0INTB_ISR                         
0     00009687  _ECAN1INTA_ISR                         
0     0000969b  _ECAN1INTB_ISR                         
0     00009565  _ECAP1_INT_ISR                         
0     0000956f  _ECAP2_INT_ISR                         
0     00009579  _ECAP3_INT_ISR                         
0     00009583  _ECAP4_INT_ISR                         
0     0000958d  _ECAP5_INT_ISR                         
0     00009597  _ECAP6_INT_ISR                         
1     00006040  _ECanaLAMRegs                          
1     000060c0  _ECanaMOTORegs                         
1     00006080  _ECanaMOTSRegs                         
1     00006100  _ECanaMboxes                           
1     00006000  _ECanaRegs                             
1     00006240  _ECanbLAMRegs                          
1     000062c0  _ECanbMOTORegs                         
1     00006280  _ECanbMOTSRegs                         
1     00006300  _ECanbMboxes                           
1     00006200  _ECanbRegs                             
1     00006a00  _ECap1Regs                             
1     00006a20  _ECap2Regs                             
1     00006a40  _ECap3Regs                             
1     00006a60  _ECap4Regs                             
1     00006a80  _ECap5Regs                             
1     00006aa0  _ECap6Regs                             
0     00009411  _EMUINT_ISR                            
0     00009529  _EPWM1_INT_ISR                         
0     000094ed  _EPWM1_TZINT_ISR                       
0     00009533  _EPWM2_INT_ISR                         
0     000094f7  _EPWM2_TZINT_ISR                       
0     0000953d  _EPWM3_INT_ISR                         
0     00009501  _EPWM3_TZINT_ISR                       
0     00009547  _EPWM4_INT_ISR                         
0     0000950b  _EPWM4_TZINT_ISR                       
0     00009551  _EPWM5_INT_ISR                         
0     00009515  _EPWM5_TZINT_ISR                       
0     0000955b  _EPWM6_INT_ISR                         
0     0000951f  _EPWM6_TZINT_ISR                       
1     00006800  _EPwm1Regs                             
1     00006840  _EPwm2Regs                             
1     00006880  _EPwm3Regs                             
1     000068c0  _EPwm4Regs                             
1     00006900  _EPwm5Regs                             
1     00006940  _EPwm6Regs                             
0     000095a1  _EQEP1_INT_ISR                         
0     000095ab  _EQEP2_INT_ISR                         
1     00006b00  _EQep1Regs                             
1     00006b40  _EQep2Regs                             
0     0000a75b  _EnableInterrupts                      
0     00000000  _FFTStartFlag                          
1     00000a80  _FlashRegs                             
1     00006f80  _GpioCtrlRegs                          
1     00006fc0  _GpioDataRegs                          
1     00006fe0  _GpioIntRegs                           
0     00001a8a  _Hz                                    
0     0000962d  _I2CINT1A_ISR                          
0     00009637  _I2CINT2A_ISR                          
1     00007900  _I2caRegs                              
0     00009425  _ILLEGAL_ISR                           
0     000093e9  _INT13_ISR                             
0     000093f3  _INT14_ISR                             
0     0000a2ab  _InitCpuTimers                         
0     00009c2a  _InitPeripheralClocks                  
0     0000a73c  _InitPieCtrl                           
0     0000a7cd  _InitPieVectTable                      
0     00009bd9  _InitPll                               
0     00009bbe  _InitSysCtrl                           
0     000096e1  _LUF_ISR                               
0     000096d7  _LVF_ISR                               
0     000095dd  _MRINTA_ISR                            
0     000095c9  _MRINTB_ISR                            
0     000095e7  _MXINTA_ISR                            
0     000095d3  _MXINTB_ISR                            
1     0000b200  _Magnitude                             
1     00005000  _McbspaRegs                            
1     00005040  _McbspbRegs                            
0     0000941b  _NMI_ISR                               
0     000096eb  _PIE_RESERVED                          
1     00380090  _PartIdRegs                            
1     00000ce0  _PieCtrlRegs                           
1     00000d00  _PieVectTable                          
1     0000d600  _PieVectTableInit                      
0     00000a80  _RFFTF32Coef                           
0     00009862  _RFFT_adc_f32                          
0     00009e54  _RFFT_adc_f32u                         
0     0000999a  _RFFT_f32                              
0     0000a645  _RFFT_f32_mag                          
0     0000a5b6  _RFFT_f32_phase                        
0     0000a31e  _RFFT_f32_sincostable                  
0     0000a561  _RFFT_f32s_mag                         
0     0000a12a  _RFFT_f32u                             
0     00000840  _RFFTmagBuff                           
0     00000e80  _RFFToutBuff                           
0     00009407  _RTOSINT_ISR                           
0     00009655  _SCIRXINTA_ISR                         
0     00009669  _SCIRXINTB_ISR                         
0     00009641  _SCIRXINTC_ISR                         
0     0000965f  _SCITXINTA_ISR                         
0     00009673  _SCITXINTB_ISR                         
0     0000964b  _SCITXINTC_ISR                         
0     000094a7  _SEQ1INT_ISR                           
0     000094b1  _SEQ2INT_ISR                           
0     000095b5  _SPIRXINTA_ISR                         
0     000095bf  _SPITXINTA_ISR                         
1     00007050  _SciaRegs                              
1     00007750  _ScibRegs                              
1     00007770  _ScicRegs                              
0     00009bc7  _ServiceDog                            
1     00007040  _SpiaRegs                              
0     000090a8  _StartDMACH1                           
0     0000914d  _StartDMACH2                           
0     000091f2  _StartDMACH3                           
0     00009297  _StartDMACH4                           
0     0000933c  _StartDMACH5                           
0     000093e1  _StartDMACH6                           
1     00007010  _SysCtrlRegs                           
0     000094d9  _TINT0_ISR                             
0     00009489  _USER10_ISR                            
0     00009493  _USER11_ISR                            
0     0000949d  _USER12_ISR                            
0     0000942f  _USER1_ISR                             
0     00009439  _USER2_ISR                             
0     00009443  _USER3_ISR                             
0     0000944d  _USER4_ISR                             
0     00009457  _USER5_ISR                             
0     00009461  _USER6_ISR                             
0     0000946b  _USER7_ISR                             
0     00009475  _USER8_ISR                             
0     0000947f  _USER9_ISR                             
0     000094e3  _WAKEINT_ISR                           
0     000094bb  _XINT1_ISR                             
0     000094c5  _XINT2_ISR                             
0     000096a5  _XINT3_ISR                             
0     000096af  _XINT4_ISR                             
0     000096b9  _XINT5_ISR                             
0     000096c3  _XINT6_ISR                             
0     000096cd  _XINT7_ISR                             
1     00007070  _XIntruptRegs                          
0     00000340  _Ximaginary                            
1     00000b20  _XintfRegs                             
0     00000540  _Xmagnitude                            
0     00000440  _Xreal                                 
1     00000700  __STACK_END                            
abs   00000300  __STACK_SIZE                           
0     00002328  ___TI_cleanup_ptr                      
0     0000232a  ___TI_dtors_ptr                        
0     00002326  ___TI_enable_exit_profile_output       
abs   ffffffff  ___TI_pprof_out_hndl                   
abs   ffffffff  ___TI_prof_data_size                   
abs   ffffffff  ___TI_prof_data_start                  
abs   ffffffff  ___binit__                             
abs   ffffffff  ___c_args__                            
0     00000000  ___cinit__                             
0     0000a910  ___etext__                             
abs   ffffffff  ___pinit__                             
0     00009000  ___text__                              
0     0000a8b5  __args_main                            
0     00002332  __lock                                 
0     0000a8fc  __nop                                  
0     0000a8f8  __register_lock                        
0     0000a8f4  __register_unlock                      
1     00000400  __stack                                
0     00009e53  __system_post_cinit                    
0     0000a90e  __system_pre_init                      
0     00002334  __unlock                               
0     00002330  _a                                     
0     0000a713  _abort                                 
0     000096ff  _align                                 
0     0000a232  _analogToDigitalConverter_init         
0     0000a28b  _analogToDigitalConverter_send         
0     00000014  _angle                                 
0     00001ac0  _arrayBytesSend                        
0     00009d8a  _atan                                  
0     00009cb6  _atan2                                 
0     00009cb6  _atan2f                                
0     00009d8a  _atanf                                 
0     0000a50b  _c_int00                               
0     00001a98  _clearScreen                           
0     0000a5ff  _copy_in                               
0     0000a3f5  _cos                                   
0     0000a3f5  _cosf                                  
0     00001a8d  _dB                                    
0     00000005  _dacOutput                             
0     00000016  _dataForMcBSP                          
0     0000a89b  _ddcopy                                
0     00001aa5  _debug                                 
1     0000b000  _dftValues                             
0     0000a456  _digitalToAnalogConverter_init         
0     0000a4a9  _digitalToAnalogConverter_send         
0     00009704  _directMemoryAccess_init_ch1           
0     0000972f  _directMemoryAccess_init_ch2           
0     0000976f  _directMemoryAccess_init_ch3           
0     0000a3b1  _dma2_swap                             
0     0000a89b  _dpcopy                                
0     0000a6ab  _enable_timer_interrupt_DFT            
0     0000a69e  _enable_timer_interrupt_DMA            
0     00002338  _errno                                 
0     0000a715  _exit                                  
0     0000232e  _f                                     
0     00001a88  _frequencyLargestValue                 
0     00001a9c  _gain                                  
0     00001a94  _goHome                                
0     00001280  _hamming                               
0     0000231e  _i                                     
0     00002322  _interruptTimerFlag                    
0     0000a38b  _isr1                                  
0     0000a39e  _isr3                                  
0     00000006  _k                                     
0     0000231c  _l                                     
0     00001a86  _magnitudeLargestValue                 
0     0000979a  _main                                  
0     00001ae8  _maxFreq                               
0     0000000a  _maxFrequency                          
0     00000008  _maxGain                               
0     00001ad4  _maxMag                                
0     00002320  _mixedSample                           
0     0000a019  _modulate                              
0     00000003  _n                                     
0     0000231a  _p                                     
0     0000a89b  _pdcopy                                
0     00000140  _pingBufferIn                          
0     000000c0  _pingBufferOut                         
0     0000000c  _pingCalc                              
0     0000000e  _pingData                              
0     00000240  _pongBufferIn                          
0     00000040  _pongBufferOut                         
0     00000010  _pongCalc                              
0     00000012  _pongData                              
0     0000a89b  _ppcopy                                
0     00002337  _reset                                 
0     0000001c  _rfft                                  
0     00000018  _rfft_adc                              
0     000098f2  _rfft_adc_f32_Stages4andUp             
0     000099a3  _rfft_f32_Stages1and2and3andBitReverse 
0     00009a0f  _rfft_f32_Stages4andUp                 
0     0000a133  _rfft_f32u_Stages1and2and3andBitReverse
0     000096f5  _rsvd_ISR                              
0     00000002  _selectFlag                            
0     0000a847  _setFlag                               
0     0000a4b3  _sin                                   
0     0000a4b3  _sinf                                  
0     00001a81  _sortVar                               
0     0000a764  _sqrt                                  
0     0000a764  _sqrtf                                 
0     00002318  _startAgain                            
0     00002336  _stateFlag                             
0     0000232c  _state_dir                             
0     00000004  _swap                                  
0     00002324  _t                                     
0     00002319  _temp                                  
0     0000a689  _timer_init                            
0     00001a90  _twoLineMode                           
0     0000a906  _useGpio                               
1     0000d000  _x                                     
0     0000232d  _y                                     
0     00001a84  _z                                     
abs   ffffffff  binit                                  
0     00000000  cinit                                  
0     0000a910  etext                                  
abs   ffffffff  pinit                                  


GLOBAL SYMBOLS: SORTED BY Symbol Address 

page  address   name                                   
----  -------   ----                                   
0     00000000  _FFTStartFlag                          
0     00000000  ___cinit__                             
0     00000000  cinit                                  
0     00000001  _DEBUG_TOGGLE                          
0     00000002  _selectFlag                            
0     00000003  _n                                     
0     00000004  _swap                                  
0     00000005  _dacOutput                             
0     00000006  _k                                     
0     00000008  _maxGain                               
0     0000000a  _maxFrequency                          
0     0000000c  _pingCalc                              
0     0000000e  _pingData                              
0     00000010  _pongCalc                              
0     00000012  _pongData                              
0     00000014  _angle                                 
0     00000016  _dataForMcBSP                          
0     00000018  _rfft_adc                              
0     0000001c  _rfft                                  
0     00000040  _pongBufferOut                         
0     000000c0  _pingBufferOut                         
0     00000140  _pingBufferIn                          
0     00000240  _pongBufferIn                          
0     00000340  _Ximaginary                            
0     00000440  _Xreal                                 
0     00000540  _Xmagnitude                            
0     00000640  _AdcBuf                                
0     00000840  _RFFTmagBuff                           
0     00000a80  _RFFTF32Coef                           
0     00000e80  _RFFToutBuff                           
0     00001280  _hamming                               
0     00001a81  _sortVar                               
0     00001a84  _z                                     
0     00001a86  _magnitudeLargestValue                 
0     00001a88  _frequencyLargestValue                 
0     00001a8a  _Hz                                    
0     00001a8d  _dB                                    
0     00001a90  _twoLineMode                           
0     00001a94  _goHome                                
0     00001a98  _clearScreen                           
0     00001a9c  _gain                                  
0     00001aa5  _debug                                 
0     00001ac0  _arrayBytesSend                        
0     00001ad4  _maxMag                                
0     00001ae8  _maxFreq                               
0     00002300  _CpuTimer1                             
0     00002308  _CpuTimer2                             
0     00002310  _CpuTimer0                             
0     00002318  _startAgain                            
0     00002319  _temp                                  
0     0000231a  _p                                     
0     0000231c  _l                                     
0     0000231e  _i                                     
0     00002320  _mixedSample                           
0     00002322  _interruptTimerFlag                    
0     00002324  _t                                     
0     00002326  ___TI_enable_exit_profile_output       
0     00002328  ___TI_cleanup_ptr                      
0     0000232a  ___TI_dtors_ptr                        
0     0000232c  _state_dir                             
0     0000232d  _y                                     
0     0000232e  _f                                     
0     00002330  _a                                     
0     00002332  __lock                                 
0     00002334  __unlock                               
0     00002336  _stateFlag                             
0     00002337  _reset                                 
0     00002338  _errno                                 
0     00008000  _DSP28x_usDelay                        
0     00009000  .text                                  
0     00009000  _DMAInitialize                         
0     00009000  ___text__                              
0     0000900b  _DMACH1AddrConfig                      
0     0000901b  _DMACH1BurstConfig                     
0     0000902b  _DMACH1TransferConfig                  
0     0000903b  _DMACH1WrapConfig                      
0     0000904e  _DMACH1ModeConfig                      
0     000090a8  _StartDMACH1                           
0     000090b0  _DMACH2AddrConfig                      
0     000090c0  _DMACH2BurstConfig                     
0     000090d0  _DMACH2TransferConfig                  
0     000090e0  _DMACH2WrapConfig                      
0     000090f3  _DMACH2ModeConfig                      
0     0000914d  _StartDMACH2                           
0     00009155  _DMACH3AddrConfig                      
0     00009165  _DMACH3BurstConfig                     
0     00009175  _DMACH3TransferConfig                  
0     00009185  _DMACH3WrapConfig                      
0     00009198  _DMACH3ModeConfig                      
0     000091f2  _StartDMACH3                           
0     000091fa  _DMACH4AddrConfig                      
0     0000920a  _DMACH4BurstConfig                     
0     0000921a  _DMACH4TransferConfig                  
0     0000922a  _DMACH4WrapConfig                      
0     0000923d  _DMACH4ModeConfig                      
0     00009297  _StartDMACH4                           
0     0000929f  _DMACH5AddrConfig                      
0     000092af  _DMACH5BurstConfig                     
0     000092bf  _DMACH5TransferConfig                  
0     000092cf  _DMACH5WrapConfig                      
0     000092e2  _DMACH5ModeConfig                      
0     0000933c  _StartDMACH5                           
0     00009344  _DMACH6AddrConfig                      
0     00009354  _DMACH6BurstConfig                     
0     00009364  _DMACH6TransferConfig                  
0     00009374  _DMACH6WrapConfig                      
0     00009387  _DMACH6ModeConfig                      
0     000093e1  _StartDMACH6                           
0     000093e9  _INT13_ISR                             
0     000093f3  _INT14_ISR                             
0     000093fd  _DATALOG_ISR                           
0     00009407  _RTOSINT_ISR                           
0     00009411  _EMUINT_ISR                            
0     0000941b  _NMI_ISR                               
0     00009425  _ILLEGAL_ISR                           
0     0000942f  _USER1_ISR                             
0     00009439  _USER2_ISR                             
0     00009443  _USER3_ISR                             
0     0000944d  _USER4_ISR                             
0     00009457  _USER5_ISR                             
0     00009461  _USER6_ISR                             
0     0000946b  _USER7_ISR                             
0     00009475  _USER8_ISR                             
0     0000947f  _USER9_ISR                             
0     00009489  _USER10_ISR                            
0     00009493  _USER11_ISR                            
0     0000949d  _USER12_ISR                            
0     000094a7  _SEQ1INT_ISR                           
0     000094b1  _SEQ2INT_ISR                           
0     000094bb  _XINT1_ISR                             
0     000094c5  _XINT2_ISR                             
0     000094cf  _ADCINT_ISR                            
0     000094d9  _TINT0_ISR                             
0     000094e3  _WAKEINT_ISR                           
0     000094ed  _EPWM1_TZINT_ISR                       
0     000094f7  _EPWM2_TZINT_ISR                       
0     00009501  _EPWM3_TZINT_ISR                       
0     0000950b  _EPWM4_TZINT_ISR                       
0     00009515  _EPWM5_TZINT_ISR                       
0     0000951f  _EPWM6_TZINT_ISR                       
0     00009529  _EPWM1_INT_ISR                         
0     00009533  _EPWM2_INT_ISR                         
0     0000953d  _EPWM3_INT_ISR                         
0     00009547  _EPWM4_INT_ISR                         
0     00009551  _EPWM5_INT_ISR                         
0     0000955b  _EPWM6_INT_ISR                         
0     00009565  _ECAP1_INT_ISR                         
0     0000956f  _ECAP2_INT_ISR                         
0     00009579  _ECAP3_INT_ISR                         
0     00009583  _ECAP4_INT_ISR                         
0     0000958d  _ECAP5_INT_ISR                         
0     00009597  _ECAP6_INT_ISR                         
0     000095a1  _EQEP1_INT_ISR                         
0     000095ab  _EQEP2_INT_ISR                         
0     000095b5  _SPIRXINTA_ISR                         
0     000095bf  _SPITXINTA_ISR                         
0     000095c9  _MRINTB_ISR                            
0     000095d3  _MXINTB_ISR                            
0     000095dd  _MRINTA_ISR                            
0     000095e7  _MXINTA_ISR                            
0     000095f1  _DINTCH1_ISR                           
0     000095fb  _DINTCH2_ISR                           
0     00009605  _DINTCH3_ISR                           
0     0000960f  _DINTCH4_ISR                           
0     00009619  _DINTCH5_ISR                           
0     00009623  _DINTCH6_ISR                           
0     0000962d  _I2CINT1A_ISR                          
0     00009637  _I2CINT2A_ISR                          
0     00009641  _SCIRXINTC_ISR                         
0     0000964b  _SCITXINTC_ISR                         
0     00009655  _SCIRXINTA_ISR                         
0     0000965f  _SCITXINTA_ISR                         
0     00009669  _SCIRXINTB_ISR                         
0     00009673  _SCITXINTB_ISR                         
0     0000967d  _ECAN0INTA_ISR                         
0     00009687  _ECAN1INTA_ISR                         
0     00009691  _ECAN0INTB_ISR                         
0     0000969b  _ECAN1INTB_ISR                         
0     000096a5  _XINT3_ISR                             
0     000096af  _XINT4_ISR                             
0     000096b9  _XINT5_ISR                             
0     000096c3  _XINT6_ISR                             
0     000096cd  _XINT7_ISR                             
0     000096d7  _LVF_ISR                               
0     000096e1  _LUF_ISR                               
0     000096eb  _PIE_RESERVED                          
0     000096f5  _rsvd_ISR                              
0     000096ff  _align                                 
0     00009704  _directMemoryAccess_init_ch1           
0     0000972f  _directMemoryAccess_init_ch2           
0     0000976f  _directMemoryAccess_init_ch3           
0     0000979a  _main                                  
0     00009862  _RFFT_adc_f32                          
0     000098f2  _rfft_adc_f32_Stages4andUp             
0     0000999a  _RFFT_f32                              
0     000099a3  _rfft_f32_Stages1and2and3andBitReverse 
0     00009a0f  _rfft_f32_Stages4andUp                 
0     00009ab7  LL$$DIV                                
0     00009af3  LL$$MOD                                
0     00009b2d  ULL$$DIV                               
0     00009b5c  ULL$$MOD                               
0     00009bbe  _InitSysCtrl                           
0     00009bc7  _ServiceDog                            
0     00009bd1  _DisableDog                            
0     00009bd9  _InitPll                               
0     00009c2a  _InitPeripheralClocks                  
0     00009c85  _CsmUnlock                             
0     00009cb6  _atan2                                 
0     00009cb6  _atan2f                                
0     00009d8a  _atan                                  
0     00009d8a  _atanf                                 
0     00009e53  __system_post_cinit                    
0     00009e54  _RFFT_adc_f32u                         
0     00009ef2  FD$$ADD                                
0     00009f8e  FD$$DIV                                
0     0000a019  _modulate                              
0     0000a0a2  FS$$DIV                                
0     0000a12a  _RFFT_f32u                             
0     0000a133  _rfft_f32u_Stages1and2and3andBitReverse
0     0000a1af  FD$$MPY                                
0     0000a232  _analogToDigitalConverter_init         
0     0000a28b  _analogToDigitalConverter_send         
0     0000a2ab  _InitCpuTimers                         
0     0000a2e4  _ConfigCpuTimer                        
0     0000a31e  _RFFT_f32_sincostable                  
0     0000a38b  _isr1                                  
0     0000a39e  _isr3                                  
0     0000a3b1  _dma2_swap                             
0     0000a3f5  _cos                                   
0     0000a3f5  _cosf                                  
0     0000a456  _digitalToAnalogConverter_init         
0     0000a4a9  _digitalToAnalogConverter_send         
0     0000a4b3  _sin                                   
0     0000a4b3  _sinf                                  
0     0000a50b  _c_int00                               
0     0000a561  _RFFT_f32s_mag                         
0     0000a5b6  _RFFT_f32_phase                        
0     0000a5ff  _copy_in                               
0     0000a645  _RFFT_f32_mag                          
0     0000a689  _timer_init                            
0     0000a69e  _enable_timer_interrupt_DMA            
0     0000a6ab  _enable_timer_interrupt_DFT            
0     0000a6bf  FD$$CMP                                
0     0000a6e9  L$$DIV                                 
0     0000a6f8  L$$MOD                                 
0     0000a706  UL$$DIV                                
0     0000a70d  UL$$MOD                                
0     0000a713  C$$EXIT                                
0     0000a713  _abort                                 
0     0000a715  _exit                                  
0     0000a73c  _InitPieCtrl                           
0     0000a75b  _EnableInterrupts                      
0     0000a764  _sqrt                                  
0     0000a764  _sqrtf                                 
0     0000a789  FD$$TOFS                               
0     0000a7ac  FD$$TOI                                
0     0000a7cd  _InitPieVectTable                      
0     0000a7ed  FD$$TOL                                
0     0000a80c  LL$$CMP                                
0     0000a81e  ULL$$CMP                               
0     0000a82a  I$$TOFD                                
0     0000a847  _setFlag                               
0     0000a863  FS$$TOFD                               
0     0000a87f  L$$TOFD                                
0     0000a89b  _ddcopy                                
0     0000a89b  _dpcopy                                
0     0000a89b  _pdcopy                                
0     0000a89b  _ppcopy                                
0     0000a8b5  __args_main                            
0     0000a8ce  LL$$AND                                
0     0000a8d6  LL$$OR                                 
0     0000a8de  LL$$XOR                                
0     0000a8e6  FD$$SUB                                
0     0000a8f4  __register_unlock                      
0     0000a8f8  __register_lock                        
0     0000a8fc  __nop                                  
0     0000a8fd  FD$$NEG                                
0     0000a906  _useGpio                               
0     0000a90e  __system_pre_init                      
0     0000a910  ___etext__                             
0     0000a910  etext                                  
0     00380080  _ADC_cal                               
1     00000400  __stack                                
1     00000700  __STACK_END                            
1     00000880  _DevEmuRegs                            
1     00000a80  _FlashRegs                             
1     00000ae0  _CsmRegs                               
1     00000b00  _AdcMirror                             
1     00000b20  _XintfRegs                             
1     00000c00  _CpuTimer0Regs                         
1     00000c08  _CpuTimer1Regs                         
1     00000c10  _CpuTimer2Regs                         
1     00000ce0  _PieCtrlRegs                           
1     00000d00  _PieVectTable                          
1     00001000  _DmaRegs                               
1     00005000  _McbspaRegs                            
1     00005040  _McbspbRegs                            
1     00006000  _ECanaRegs                             
1     00006040  _ECanaLAMRegs                          
1     00006080  _ECanaMOTSRegs                         
1     000060c0  _ECanaMOTORegs                         
1     00006100  _ECanaMboxes                           
1     00006200  _ECanbRegs                             
1     00006240  _ECanbLAMRegs                          
1     00006280  _ECanbMOTSRegs                         
1     000062c0  _ECanbMOTORegs                         
1     00006300  _ECanbMboxes                           
1     00006800  _EPwm1Regs                             
1     00006840  _EPwm2Regs                             
1     00006880  _EPwm3Regs                             
1     000068c0  _EPwm4Regs                             
1     00006900  _EPwm5Regs                             
1     00006940  _EPwm6Regs                             
1     00006a00  _ECap1Regs                             
1     00006a20  _ECap2Regs                             
1     00006a40  _ECap3Regs                             
1     00006a60  _ECap4Regs                             
1     00006a80  _ECap5Regs                             
1     00006aa0  _ECap6Regs                             
1     00006b00  _EQep1Regs                             
1     00006b40  _EQep2Regs                             
1     00006f80  _GpioCtrlRegs                          
1     00006fc0  _GpioDataRegs                          
1     00006fe0  _GpioIntRegs                           
1     00007010  _SysCtrlRegs                           
1     00007040  _SpiaRegs                              
1     00007050  _SciaRegs                              
1     00007070  _XIntruptRegs                          
1     00007100  _AdcRegs                               
1     00007750  _ScibRegs                              
1     00007770  _ScicRegs                              
1     00007900  _I2caRegs                              
1     0000b000  _dftValues                             
1     0000b200  _Magnitude                             
1     0000d000  _x                                     
1     0000d600  _PieVectTableInit                      
1     0033fff8  _CsmPwl                                
1     00380090  _PartIdRegs                            
abs   00000300  __STACK_SIZE                           
abs   ffffffff  ___TI_pprof_out_hndl                   
abs   ffffffff  ___TI_prof_data_size                   
abs   ffffffff  ___TI_prof_data_start                  
abs   ffffffff  ___binit__                             
abs   ffffffff  ___c_args__                            
abs   ffffffff  ___pinit__                             
abs   ffffffff  binit                                  
abs   ffffffff  pinit                                  

[347 symbols]
