******************************************************************************
             TMS320C2000 Linker PC v15.12.3                    
******************************************************************************
>> Linked Wed Dec 13 15:32:35 2017

OUTPUT FILE NAME:   <Lab5_1.out>
ENTRY POINT SYMBOL: "_c_int00"  address: 00009c82


MEMORY CONFIGURATION

         name            origin    length      used     unused   attr    fill
----------------------  --------  ---------  --------  --------  ----  --------
PAGE 0:
  BEGIN                 00000000   00000002  00000000  00000002  RWIX
  RAMM0                 00000050   000003b0  00000000  000003b0  RWIX
  RAML0                 00008000   00001000  000008ad  00000753  RWIX
  RAML1                 00009000   00001000  00000e1d  000001e3  RWIX
  CSM_RSVD              0033ff80   00000076  00000000  00000076  RWIX
  CSM_PWL               0033fff8   00000008  00000000  00000008  RWIX
  ADC_CAL               00380080   00000009  00000007  00000002  RWIX
  IQTABLES              003fe000   00000b50  00000000  00000b50  RWIX
  IQTABLES2             003feb50   0000008c  00000000  0000008c  RWIX
  FPUTABLES             003febdc   000006a0  00000000  000006a0  RWIX
  BOOTROM               003ff27c   00000d44  00000000  00000d44  RWIX
  RESET                 003fffc0   00000002  00000000  00000002  RWIX

PAGE 1:
  BOOT_RSVD             00000002   0000004e  00000000  0000004e  RWIX
  RAMM1                 00000400   00000400  00000300  00000100  RWIX
  DEV_EMU               00000880   00000180  000000d0  000000b0  RWIX
  FLASH_REGS            00000a80   00000060  00000008  00000058  RWIX
  CSM                   00000ae0   00000010  00000010  00000000  RWIX
  ADC_MIRROR            00000b00   00000010  00000010  00000000  RWIX
  XINTF                 00000b20   00000020  0000001e  00000002  RWIX
  CPU_TIMER0            00000c00   00000008  00000008  00000000  RWIX
  CPU_TIMER1            00000c08   00000008  00000008  00000000  RWIX
  CPU_TIMER2            00000c10   00000008  00000008  00000000  RWIX
  PIE_CTRL              00000ce0   00000020  0000001a  00000006  RWIX
  PIE_VECT              00000d00   00000100  00000100  00000000  RWIX
  DMA                   00001000   00000200  000000e0  00000120  RWIX
  MCBSPA                00005000   00000040  00000025  0000001b  RWIX
  MCBSPB                00005040   00000040  00000025  0000001b  RWIX
  ECANA                 00006000   00000040  00000034  0000000c  RWIX
  ECANA_LAM             00006040   00000040  00000040  00000000  RWIX
  ECANA_MOTS            00006080   00000040  00000040  00000000  RWIX
  ECANA_MOTO            000060c0   00000040  00000040  00000000  RWIX
  ECANA_MBOX            00006100   00000100  00000100  00000000  RWIX
  ECANB                 00006200   00000040  00000034  0000000c  RWIX
  ECANB_LAM             00006240   00000040  00000040  00000000  RWIX
  ECANB_MOTS            00006280   00000040  00000040  00000000  RWIX
  ECANB_MOTO            000062c0   00000040  00000040  00000000  RWIX
  ECANB_MBOX            00006300   00000100  00000100  00000000  RWIX
  EPWM1                 00006800   00000022  00000022  00000000  RWIX
  EPWM2                 00006840   00000022  00000022  00000000  RWIX
  EPWM3                 00006880   00000022  00000022  00000000  RWIX
  EPWM4                 000068c0   00000022  00000022  00000000  RWIX
  EPWM5                 00006900   00000022  00000022  00000000  RWIX
  EPWM6                 00006940   00000022  00000022  00000000  RWIX
  ECAP1                 00006a00   00000020  00000020  00000000  RWIX
  ECAP2                 00006a20   00000020  00000020  00000000  RWIX
  ECAP3                 00006a40   00000020  00000020  00000000  RWIX
  ECAP4                 00006a60   00000020  00000020  00000000  RWIX
  ECAP5                 00006a80   00000020  00000020  00000000  RWIX
  ECAP6                 00006aa0   00000020  00000020  00000000  RWIX
  EQEP1                 00006b00   00000040  00000040  00000000  RWIX
  EQEP2                 00006b40   00000040  00000040  00000000  RWIX
  GPIOCTRL              00006f80   00000040  0000002e  00000012  RWIX
  GPIODAT               00006fc0   00000020  00000020  00000000  RWIX
  GPIOINT               00006fe0   00000020  0000000a  00000016  RWIX
  SYSTEM                00007010   00000020  00000020  00000000  RWIX
  SPIA                  00007040   00000010  00000010  00000000  RWIX
  SCIA                  00007050   00000010  00000010  00000000  RWIX
  XINTRUPT              00007070   00000010  00000010  00000000  RWIX
  ADC                   00007100   00000020  0000001e  00000002  RWIX
  SCIB                  00007750   00000010  00000010  00000000  RWIX
  SCIC                  00007770   00000010  00000010  00000000  RWIX
  I2CA                  00007900   00000040  00000022  0000001e  RWIX
  RAML4                 0000a000   000037ff  000008ba  00002f45  RWIX
  RAML5                 0000d800   000007ff  00000001  000007fe  RWIX
  RAML6                 0000e000   00001000  00000000  00001000  RWIX
  RAML7                 0000f000   00001000  00000000  00001000  RWIX
  SRAM_1                00100000   0003ffff  0000fa00  000305ff  RWIX
  SRAM_2                00140000   0007ffff  0003e800  000417ff  RWIX
  CSM_PWL               0033fff8   00000008  00000008  00000000  RWIX
  PARTID                00380090   00000001  00000001  00000000  RWIX


SECTION ALLOCATION MAP

 output                                  attributes/
section   page    origin      length       input sections
--------  ----  ----------  ----------   ----------------
.cinit     0    00008000    000008a9     
                  00008000    00000852     Lab9_vibratoProj.obj (.cinit)
                  00008852    00000021     timer.obj (.cinit)
                  00008873    00000014     timer3.obj (.cinit)
                  00008887    0000000e     rts2800_fpu32.lib : exit.obj (.cinit)
                  00008895    00000008     audioCntrl.obj (.cinit)
                  0000889d    00000005     rts2800_fpu32.lib : _lock.obj (.cinit:__lock)
                  000088a2    00000005                       : _lock.obj (.cinit:__unlock)
                  000088a7    00000002     --HOLE-- [fill = 0]

ramfuncs   0    000088a9    00000004     
                  000088a9    00000004     DSP2833x_usDelay.obj (ramfuncs)

.text      0    00009000    00000e1d     
                  00009000    00000316     DSP2833x_DefaultIsr.obj (.text:retain)
                  00009316    000001ca     timer.obj (.text:retain)
                  000094e0    00000183     Lab9_vibratoProj.obj (.text:retain)
                  00009663    000000f8     DSP2833x_SysCtrl.obj (.text)
                  0000975b    000000de     timer3.obj (.text:retain)
                  00009839    000000a6     audioCntrl.obj (.text)
                  000098df    00000096     timer.obj (.text)
                  00009975    00000088     Lab9_vibratoProj.obj (.text)
                  000099fd    00000088     rts2800_fpu32.lib : fs_div.obj (.text)
                  00009a85    00000074     analogToDigitalConverter.obj (.text)
                  00009af9    00000073     DSP2833x_CpuTimers.obj (.text)
                  00009b6c    00000061     rts2800_fpu32.lib : s_cosf.obj (.text)
                  00009bcd    0000005d     digitalToAnalogConverter.obj (.text)
                  00009c2a    00000058     rts2800_fpu32.lib : s_sinf.obj (.text)
                  00009c82    00000056                       : boot.obj (.text)
                  00009cd8    00000046                       : cpy_tbl.obj (.text)
                  00009d1e    00000045     Sram.obj (.text)
                  00009d63    0000003e     timer2.obj (.text:retain)
                  00009da1    00000029     rts2800_fpu32.lib : exit.obj (.text)
                  00009dca    0000001a                       : cpy_utils.obj (.text)
                  00009de4    00000019                       : args_main.obj (.text)
                  00009dfd    00000014     DSP2833x_Adc.obj (.text)
                  00009e11    00000009     rts2800_fpu32.lib : _lock.obj (.text)
                  00009e1a    00000002                       : pre_init.obj (.text)
                  00009e1c    00000001                       : startup.obj (.text)

.pinit     0    00008000    00000000     UNINITIALIZED

.adc_cal   0    00380080    00000007     NOLOAD SECTION
                  00380080    00000007     DSP2833x_ADC_cal.obj (.adc_cal)

.stack     1    00000400    00000300     UNINITIALIZED
                  00000400    00000300     --HOLE--

DevEmuRegsFile 
*          1    00000880    000000d0     UNINITIALIZED
                  00000880    000000d0     DSP2833x_GlobalVariableDefs.obj (DevEmuRegsFile)

FlashRegsFile 
*          1    00000a80    00000008     UNINITIALIZED
                  00000a80    00000008     DSP2833x_GlobalVariableDefs.obj (FlashRegsFile)

CsmRegsFile 
*          1    00000ae0    00000010     UNINITIALIZED
                  00000ae0    00000010     DSP2833x_GlobalVariableDefs.obj (CsmRegsFile)

AdcMirrorFile 
*          1    00000b00    00000010     UNINITIALIZED
                  00000b00    00000010     DSP2833x_GlobalVariableDefs.obj (AdcMirrorFile)

XintfRegsFile 
*          1    00000b20    0000001e     UNINITIALIZED
                  00000b20    0000001e     DSP2833x_GlobalVariableDefs.obj (XintfRegsFile)

CpuTimer0RegsFile 
*          1    00000c00    00000008     UNINITIALIZED
                  00000c00    00000008     DSP2833x_GlobalVariableDefs.obj (CpuTimer0RegsFile)

CpuTimer1RegsFile 
*          1    00000c08    00000008     UNINITIALIZED
                  00000c08    00000008     DSP2833x_GlobalVariableDefs.obj (CpuTimer1RegsFile)

CpuTimer2RegsFile 
*          1    00000c10    00000008     UNINITIALIZED
                  00000c10    00000008     DSP2833x_GlobalVariableDefs.obj (CpuTimer2RegsFile)

PieCtrlRegsFile 
*          1    00000ce0    0000001a     UNINITIALIZED
                  00000ce0    0000001a     DSP2833x_GlobalVariableDefs.obj (PieCtrlRegsFile)

PieVectTableFile 
*          1    00000d00    00000100     UNINITIALIZED
                  00000d00    00000100     DSP2833x_GlobalVariableDefs.obj (PieVectTableFile)

DmaRegsFile 
*          1    00001000    000000e0     UNINITIALIZED
                  00001000    000000e0     DSP2833x_GlobalVariableDefs.obj (DmaRegsFile)

McbspaRegsFile 
*          1    00005000    00000025     UNINITIALIZED
                  00005000    00000025     DSP2833x_GlobalVariableDefs.obj (McbspaRegsFile)

McbspbRegsFile 
*          1    00005040    00000025     UNINITIALIZED
                  00005040    00000025     DSP2833x_GlobalVariableDefs.obj (McbspbRegsFile)

ECanaRegsFile 
*          1    00006000    00000034     UNINITIALIZED
                  00006000    00000034     DSP2833x_GlobalVariableDefs.obj (ECanaRegsFile)

ECanaLAMRegsFile 
*          1    00006040    00000040     UNINITIALIZED
                  00006040    00000040     DSP2833x_GlobalVariableDefs.obj (ECanaLAMRegsFile)

ECanaMOTSRegsFile 
*          1    00006080    00000040     UNINITIALIZED
                  00006080    00000040     DSP2833x_GlobalVariableDefs.obj (ECanaMOTSRegsFile)

ECanaMOTORegsFile 
*          1    000060c0    00000040     UNINITIALIZED
                  000060c0    00000040     DSP2833x_GlobalVariableDefs.obj (ECanaMOTORegsFile)

ECanaMboxesFile 
*          1    00006100    00000100     UNINITIALIZED
                  00006100    00000100     DSP2833x_GlobalVariableDefs.obj (ECanaMboxesFile)

ECanbRegsFile 
*          1    00006200    00000034     UNINITIALIZED
                  00006200    00000034     DSP2833x_GlobalVariableDefs.obj (ECanbRegsFile)

ECanbLAMRegsFile 
*          1    00006240    00000040     UNINITIALIZED
                  00006240    00000040     DSP2833x_GlobalVariableDefs.obj (ECanbLAMRegsFile)

ECanbMOTSRegsFile 
*          1    00006280    00000040     UNINITIALIZED
                  00006280    00000040     DSP2833x_GlobalVariableDefs.obj (ECanbMOTSRegsFile)

ECanbMOTORegsFile 
*          1    000062c0    00000040     UNINITIALIZED
                  000062c0    00000040     DSP2833x_GlobalVariableDefs.obj (ECanbMOTORegsFile)

ECanbMboxesFile 
*          1    00006300    00000100     UNINITIALIZED
                  00006300    00000100     DSP2833x_GlobalVariableDefs.obj (ECanbMboxesFile)

EPwm1RegsFile 
*          1    00006800    00000022     UNINITIALIZED
                  00006800    00000022     DSP2833x_GlobalVariableDefs.obj (EPwm1RegsFile)

EPwm2RegsFile 
*          1    00006840    00000022     UNINITIALIZED
                  00006840    00000022     DSP2833x_GlobalVariableDefs.obj (EPwm2RegsFile)

EPwm3RegsFile 
*          1    00006880    00000022     UNINITIALIZED
                  00006880    00000022     DSP2833x_GlobalVariableDefs.obj (EPwm3RegsFile)

EPwm4RegsFile 
*          1    000068c0    00000022     UNINITIALIZED
                  000068c0    00000022     DSP2833x_GlobalVariableDefs.obj (EPwm4RegsFile)

EPwm5RegsFile 
*          1    00006900    00000022     UNINITIALIZED
                  00006900    00000022     DSP2833x_GlobalVariableDefs.obj (EPwm5RegsFile)

EPwm6RegsFile 
*          1    00006940    00000022     UNINITIALIZED
                  00006940    00000022     DSP2833x_GlobalVariableDefs.obj (EPwm6RegsFile)

ECap1RegsFile 
*          1    00006a00    00000020     UNINITIALIZED
                  00006a00    00000020     DSP2833x_GlobalVariableDefs.obj (ECap1RegsFile)

ECap2RegsFile 
*          1    00006a20    00000020     UNINITIALIZED
                  00006a20    00000020     DSP2833x_GlobalVariableDefs.obj (ECap2RegsFile)

ECap3RegsFile 
*          1    00006a40    00000020     UNINITIALIZED
                  00006a40    00000020     DSP2833x_GlobalVariableDefs.obj (ECap3RegsFile)

ECap4RegsFile 
*          1    00006a60    00000020     UNINITIALIZED
                  00006a60    00000020     DSP2833x_GlobalVariableDefs.obj (ECap4RegsFile)

ECap5RegsFile 
*          1    00006a80    00000020     UNINITIALIZED
                  00006a80    00000020     DSP2833x_GlobalVariableDefs.obj (ECap5RegsFile)

ECap6RegsFile 
*          1    00006aa0    00000020     UNINITIALIZED
                  00006aa0    00000020     DSP2833x_GlobalVariableDefs.obj (ECap6RegsFile)

EQep1RegsFile 
*          1    00006b00    00000040     UNINITIALIZED
                  00006b00    00000040     DSP2833x_GlobalVariableDefs.obj (EQep1RegsFile)

EQep2RegsFile 
*          1    00006b40    00000040     UNINITIALIZED
                  00006b40    00000040     DSP2833x_GlobalVariableDefs.obj (EQep2RegsFile)

GpioCtrlRegsFile 
*          1    00006f80    0000002e     UNINITIALIZED
                  00006f80    0000002e     DSP2833x_GlobalVariableDefs.obj (GpioCtrlRegsFile)

GpioDataRegsFile 
*          1    00006fc0    00000020     UNINITIALIZED
                  00006fc0    00000020     DSP2833x_GlobalVariableDefs.obj (GpioDataRegsFile)

GpioIntRegsFile 
*          1    00006fe0    0000000a     UNINITIALIZED
                  00006fe0    0000000a     DSP2833x_GlobalVariableDefs.obj (GpioIntRegsFile)

SysCtrlRegsFile 
*          1    00007010    00000020     UNINITIALIZED
                  00007010    00000020     DSP2833x_GlobalVariableDefs.obj (SysCtrlRegsFile)

SpiaRegsFile 
*          1    00007040    00000010     UNINITIALIZED
                  00007040    00000010     DSP2833x_GlobalVariableDefs.obj (SpiaRegsFile)

SciaRegsFile 
*          1    00007050    00000010     UNINITIALIZED
                  00007050    00000010     DSP2833x_GlobalVariableDefs.obj (SciaRegsFile)

XIntruptRegsFile 
*          1    00007070    00000010     UNINITIALIZED
                  00007070    00000010     DSP2833x_GlobalVariableDefs.obj (XIntruptRegsFile)

AdcRegsFile 
*          1    00007100    0000001e     UNINITIALIZED
                  00007100    0000001e     DSP2833x_GlobalVariableDefs.obj (AdcRegsFile)

ScibRegsFile 
*          1    00007750    00000010     UNINITIALIZED
                  00007750    00000010     DSP2833x_GlobalVariableDefs.obj (ScibRegsFile)

ScicRegsFile 
*          1    00007770    00000010     UNINITIALIZED
                  00007770    00000010     DSP2833x_GlobalVariableDefs.obj (ScicRegsFile)

I2caRegsFile 
*          1    00007900    00000022     UNINITIALIZED
                  00007900    00000022     DSP2833x_GlobalVariableDefs.obj (I2caRegsFile)

.ebss      1    0000a000    000008ba     UNINITIALIZED
                  0000a000    00000880     Lab9_vibratoProj.obj (.ebss)
                  0000a880    00000018     DSP2833x_CpuTimers.obj (.ebss)
                  0000a898    0000000c     timer.obj (.ebss)
                  0000a8a4    0000000a     timer3.obj (.ebss)
                  0000a8ae    00000006     rts2800_fpu32.lib : exit.obj (.ebss)
                  0000a8b4    00000002                       : _lock.obj (.ebss:__lock)
                  0000a8b6    00000002                       : _lock.obj (.ebss:__unlock)
                  0000a8b8    00000002     audioCntrl.obj (.ebss)

.econst    1    0000d800    00000001     
                  0000d800    00000001     OneToOneI2CDriver.obj (.econst)

.johns     1    00100000    0000fa00     UNINITIALIZED
                  00100000    0000fa00     audioCntrl.obj (.johns)

.johns2    1    00140000    0003e800     UNINITIALIZED
                  00140000    0003e800     audioCntrl.obj (.johns2)

.reset     0    003fffc0    00000002     DSECT
                  003fffc0    00000002     rts2800_fpu32.lib : boot.obj (.reset)

csm_rsvd   0    0033ff80    00000000     DSECT

csmpasswds 
*          0    0033fff8    00000000     DSECT

CsmPwlFile 
*          1    0033fff8    00000008     UNINITIALIZED
                  0033fff8    00000008     DSP2833x_GlobalVariableDefs.obj (CsmPwlFile)

PartIdRegsFile 
*          1    00380090    00000001     UNINITIALIZED
                  00380090    00000001     DSP2833x_GlobalVariableDefs.obj (PartIdRegsFile)

MODULE SUMMARY

       Module                            code   ro data   rw data
       ------                            ----   -------   -------
    .\
       audioCntrl.obj                    166    0         320010 
       Lab9_vibratoProj.obj              523    0         4306   
       timer.obj                         608    0         45     
       timer3.obj                        222    0         30     
       analogToDigitalConverter.obj      116    0         0      
       digitalToAnalogConverter.obj      93     0         0      
       Sram.obj                          69     0         0      
       timer2.obj                        62     0         0      
       OneToOneI2CDriver.obj             0      0         1      
    +--+---------------------------------+------+---------+---------+
       Total:                            1859   0         324392 
                                                                 
    .\Commons\
       DSP2833x_GlobalVariableDefs.obj   0      0         2679   
       DSP2833x_DefaultIsr.obj           790    0         0      
       DSP2833x_SysCtrl.obj              248    0         0      
       DSP2833x_CpuTimers.obj            115    0         24     
       DSP2833x_Adc.obj                  20     0         0      
       DSP2833x_ADC_cal.obj              7      0         0      
       DSP2833x_usDelay.obj              4      0         0      
    +--+---------------------------------+------+---------+---------+
       Total:                            1184   0         2703   
                                                                 
    C:\ti\ccsv6\tools\compiler\c2000_15.12.3.LTS\lib\rts2800_fpu32.lib
       fs_div.obj                        136    0         0      
       s_cosf.obj                        97     0         0      
       s_sinf.obj                        88     0         0      
       boot.obj                          86     0         0      
       cpy_tbl.obj                       70     0         0      
       exit.obj                          41     0         20     
       cpy_utils.obj                     26     0         0      
       args_main.obj                     25     0         0      
       _lock.obj                         9      0         14     
       pre_init.obj                      2      0         0      
       startup.obj                       1      0         0      
    +--+---------------------------------+------+---------+---------+
       Total:                            581    0         34     
                                                                 
       Stack:                            0      0         768    
    +--+---------------------------------+------+---------+---------+
       Grand Total:                      3624   0         327897 


GLOBAL DATA SYMBOLS: SORTED BY DATA PAGE

address     data page           name
--------    ----------------    ----
00000400      10 (00000400)     __stack

00000880      22 (00000880)     _DevEmuRegs

00000a80      2a (00000a80)     _FlashRegs

00000ae0      2b (00000ac0)     _CsmRegs

00000b00      2c (00000b00)     _AdcMirror
00000b20      2c (00000b00)     _XintfRegs

00000c00      30 (00000c00)     _CpuTimer0Regs
00000c08      30 (00000c00)     _CpuTimer1Regs
00000c10      30 (00000c00)     _CpuTimer2Regs

00000ce0      33 (00000cc0)     _PieCtrlRegs

00000d00      34 (00000d00)     _PieVectTable

00001000      40 (00001000)     _DmaRegs

00005000     140 (00005000)     _McbspaRegs

00005040     141 (00005040)     _McbspbRegs

00006000     180 (00006000)     _ECanaRegs

00006040     181 (00006040)     _ECanaLAMRegs

00006080     182 (00006080)     _ECanaMOTSRegs

000060c0     183 (000060c0)     _ECanaMOTORegs

00006100     184 (00006100)     _ECanaMboxes

00006200     188 (00006200)     _ECanbRegs

00006240     189 (00006240)     _ECanbLAMRegs

00006280     18a (00006280)     _ECanbMOTSRegs

000062c0     18b (000062c0)     _ECanbMOTORegs

00006300     18c (00006300)     _ECanbMboxes

00006800     1a0 (00006800)     _EPwm1Regs

00006840     1a1 (00006840)     _EPwm2Regs

00006880     1a2 (00006880)     _EPwm3Regs

000068c0     1a3 (000068c0)     _EPwm4Regs

00006900     1a4 (00006900)     _EPwm5Regs

00006940     1a5 (00006940)     _EPwm6Regs

00006a00     1a8 (00006a00)     _ECap1Regs
00006a20     1a8 (00006a00)     _ECap2Regs

00006a40     1a9 (00006a40)     _ECap3Regs
00006a60     1a9 (00006a40)     _ECap4Regs

00006a80     1aa (00006a80)     _ECap5Regs
00006aa0     1aa (00006a80)     _ECap6Regs

00006b00     1ac (00006b00)     _EQep1Regs

00006b40     1ad (00006b40)     _EQep2Regs

00006f80     1be (00006f80)     _GpioCtrlRegs

00006fc0     1bf (00006fc0)     _GpioDataRegs
00006fe0     1bf (00006fc0)     _GpioIntRegs

00007010     1c0 (00007000)     _SysCtrlRegs

00007040     1c1 (00007040)     _SpiaRegs
00007050     1c1 (00007040)     _SciaRegs
00007070     1c1 (00007040)     _XIntruptRegs

00007100     1c4 (00007100)     _AdcRegs

00007750     1dd (00007740)     _ScibRegs
00007770     1dd (00007740)     _ScicRegs

00007900     1e4 (00007900)     _I2caRegs

0000a000     280 (0000a000)     _adcval
0000a001     280 (0000a000)     _m
0000a002     280 (0000a000)     _delay1
0000a003     280 (0000a000)     _changeDir
0000a004     280 (0000a000)     _delay2
0000a006     280 (0000a000)     _carrier
0000a008     280 (0000a000)     _carrier2
0000a00a     280 (0000a000)     _carrier3
0000a00c     280 (0000a000)     _Output
0000a00e     280 (0000a000)     _offset1
0000a010     280 (0000a000)     _offset2
0000a012     280 (0000a000)     _x
0000a014     280 (0000a000)     _b_delay
0000a016     280 (0000a000)     _vib_delay
0000a018     280 (0000a000)     _modfreq
0000a01a     280 (0000a000)     _b_width
0000a01c     280 (0000a000)     _mod
0000a01e     280 (0000a000)     _zeiger
0000a020     280 (0000a000)     _circularBuffer2
0000a022     280 (0000a000)     _frac
0000a024     280 (0000a000)     _indexNum
0000a026     280 (0000a000)     _width
0000a028     280 (0000a000)     _twoLine
0000a02c     280 (0000a000)     _cp

0000a040     281 (0000a040)     _initLCD

0000a080     282 (0000a080)     _hamming

0000a880     2a2 (0000a880)     _CpuTimer1
0000a888     2a2 (0000a880)     _CpuTimer2
0000a890     2a2 (0000a880)     _CpuTimer0
0000a898     2a2 (0000a880)     _temp
0000a899     2a2 (0000a880)     _startAgain
0000a89a     2a2 (0000a880)     _p
0000a89c     2a2 (0000a880)     _mixedSample
0000a89e     2a2 (0000a880)     _l
0000a8a0     2a2 (0000a880)     _t
0000a8a2     2a2 (0000a880)     _i
0000a8a4     2a2 (0000a880)     _select
0000a8a6     2a2 (0000a880)     _a
0000a8a8     2a2 (0000a880)     _n
0000a8aa     2a2 (0000a880)     _z
0000a8ac     2a2 (0000a880)     _k
0000a8ae     2a2 (0000a880)     ___TI_enable_exit_profile_output
0000a8b0     2a2 (0000a880)     ___TI_cleanup_ptr
0000a8b2     2a2 (0000a880)     ___TI_dtors_ptr
0000a8b4     2a2 (0000a880)     __lock
0000a8b6     2a2 (0000a880)     __unlock
0000a8b8     2a2 (0000a880)     _stateFlag
0000a8b9     2a2 (0000a880)     _reset

00100000    4000 (00100000)     _circularBuffer

00140000    5000 (00140000)     _bufferForInterpolation

0033fff8    cfff (0033ffc0)     _CsmPwl

00380090    e002 (00380080)     _PartIdRegs


GLOBAL SYMBOLS: SORTED ALPHABETICALLY BY Name 

page  address   name                            
----  -------   ----                            
0     00009000  .text                           
0     00009da1  C$$EXIT                         
0     000099fd  FS$$DIV                         
0     000090e6  _ADCINT_ISR                     
0     00380080  _ADC_cal                        
1     00000b00  _AdcMirror                      
1     00007100  _AdcRegs                        
0     00009b32  _ConfigCpuTimer                 
1     0000a890  _CpuTimer0                      
1     00000c00  _CpuTimer0Regs                  
1     0000a880  _CpuTimer1                      
1     00000c08  _CpuTimer1Regs                  
1     0000a888  _CpuTimer2                      
1     00000c10  _CpuTimer2Regs                  
1     0033fff8  _CsmPwl                         
1     00000ae0  _CsmRegs                        
0     0000972a  _CsmUnlock                      
0     00009014  _DATALOG_ISR                    
0     00009208  _DINTCH1_ISR                    
0     00009212  _DINTCH2_ISR                    
0     0000921c  _DINTCH3_ISR                    
0     00009226  _DINTCH4_ISR                    
0     00009230  _DINTCH5_ISR                    
0     0000923a  _DINTCH6_ISR                    
0     000088a9  _DSP28x_usDelay                 
1     00000880  _DevEmuRegs                     
0     00009676  _DisableDog                     
1     00001000  _DmaRegs                        
0     00009294  _ECAN0INTA_ISR                  
0     000092a8  _ECAN0INTB_ISR                  
0     0000929e  _ECAN1INTA_ISR                  
0     000092b2  _ECAN1INTB_ISR                  
0     0000917c  _ECAP1_INT_ISR                  
0     00009186  _ECAP2_INT_ISR                  
0     00009190  _ECAP3_INT_ISR                  
0     0000919a  _ECAP4_INT_ISR                  
0     000091a4  _ECAP5_INT_ISR                  
0     000091ae  _ECAP6_INT_ISR                  
1     00006040  _ECanaLAMRegs                   
1     000060c0  _ECanaMOTORegs                  
1     00006080  _ECanaMOTSRegs                  
1     00006100  _ECanaMboxes                    
1     00006000  _ECanaRegs                      
1     00006240  _ECanbLAMRegs                   
1     000062c0  _ECanbMOTORegs                  
1     00006280  _ECanbMOTSRegs                  
1     00006300  _ECanbMboxes                    
1     00006200  _ECanbRegs                      
1     00006a00  _ECap1Regs                      
1     00006a20  _ECap2Regs                      
1     00006a40  _ECap3Regs                      
1     00006a60  _ECap4Regs                      
1     00006a80  _ECap5Regs                      
1     00006aa0  _ECap6Regs                      
0     00009028  _EMUINT_ISR                     
0     00009140  _EPWM1_INT_ISR                  
0     00009104  _EPWM1_TZINT_ISR                
0     0000914a  _EPWM2_INT_ISR                  
0     0000910e  _EPWM2_TZINT_ISR                
0     00009154  _EPWM3_INT_ISR                  
0     00009118  _EPWM3_TZINT_ISR                
0     0000915e  _EPWM4_INT_ISR                  
0     00009122  _EPWM4_TZINT_ISR                
0     00009168  _EPWM5_INT_ISR                  
0     0000912c  _EPWM5_TZINT_ISR                
0     00009172  _EPWM6_INT_ISR                  
0     00009136  _EPWM6_TZINT_ISR                
1     00006800  _EPwm1Regs                      
1     00006840  _EPwm2Regs                      
1     00006880  _EPwm3Regs                      
1     000068c0  _EPwm4Regs                      
1     00006900  _EPwm5Regs                      
1     00006940  _EPwm6Regs                      
0     000091b8  _EQEP1_INT_ISR                  
0     000091c2  _EQEP2_INT_ISR                  
1     00006b00  _EQep1Regs                      
1     00006b40  _EQep2Regs                      
1     00000a80  _FlashRegs                      
1     00006f80  _GpioCtrlRegs                   
1     00006fc0  _GpioDataRegs                   
1     00006fe0  _GpioIntRegs                    
0     00009244  _I2CINT1A_ISR                   
0     0000924e  _I2CINT2A_ISR                   
1     00007900  _I2caRegs                       
0     0000903c  _ILLEGAL_ISR                    
0     00009000  _INT13_ISR                      
0     0000900a  _INT14_ISR                      
0     00009dfd  _InitAdc                        
0     00009af9  _InitCpuTimers                  
0     000096cf  _InitPeripheralClocks           
0     0000967e  _InitPll                        
0     00009663  _InitSysCtrl                    
0     000092f8  _LUF_ISR                        
0     000092ee  _LVF_ISR                        
0     000091f4  _MRINTA_ISR                     
0     000091e0  _MRINTB_ISR                     
0     000091fe  _MXINTA_ISR                     
0     000091ea  _MXINTB_ISR                     
1     00005000  _McbspaRegs                     
1     00005040  _McbspbRegs                     
0     00009032  _NMI_ISR                        
1     0000a00c  _Output                         
0     00009302  _PIE_RESERVED                   
1     00380090  _PartIdRegs                     
1     00000ce0  _PieCtrlRegs                    
1     00000d00  _PieVectTable                   
0     0000901e  _RTOSINT_ISR                    
0     0000926c  _SCIRXINTA_ISR                  
0     00009280  _SCIRXINTB_ISR                  
0     00009258  _SCIRXINTC_ISR                  
0     00009276  _SCITXINTA_ISR                  
0     0000928a  _SCITXINTB_ISR                  
0     00009262  _SCITXINTC_ISR                  
0     000090be  _SEQ1INT_ISR                    
0     000090c8  _SEQ2INT_ISR                    
0     000091cc  _SPIRXINTA_ISR                  
0     000091d6  _SPITXINTA_ISR                  
1     00007050  _SciaRegs                       
1     00007750  _ScibRegs                       
1     00007770  _ScicRegs                       
0     0000966c  _ServiceDog                     
1     00007040  _SpiaRegs                       
0     00009d1e  _Sram_init                      
1     00007010  _SysCtrlRegs                    
0     000090f0  _TINT0_ISR                      
0     000090a0  _USER10_ISR                     
0     000090aa  _USER11_ISR                     
0     000090b4  _USER12_ISR                     
0     00009046  _USER1_ISR                      
0     00009050  _USER2_ISR                      
0     0000905a  _USER3_ISR                      
0     00009064  _USER4_ISR                      
0     0000906e  _USER5_ISR                      
0     00009078  _USER6_ISR                      
0     00009082  _USER7_ISR                      
0     0000908c  _USER8_ISR                      
0     00009096  _USER9_ISR                      
0     000090fa  _WAKEINT_ISR                    
0     000090d2  _XINT1_ISR                      
0     000090dc  _XINT2_ISR                      
0     000092bc  _XINT3_ISR                      
0     000092c6  _XINT4_ISR                      
0     000092d0  _XINT5_ISR                      
0     000092da  _XINT6_ISR                      
0     000092e4  _XINT7_ISR                      
1     00007070  _XIntruptRegs                   
1     00000b20  _XintfRegs                      
1     00000700  __STACK_END                     
abs   00000300  __STACK_SIZE                    
1     0000a8b0  ___TI_cleanup_ptr               
1     0000a8b2  ___TI_dtors_ptr                 
1     0000a8ae  ___TI_enable_exit_profile_output
abs   ffffffff  ___TI_pprof_out_hndl            
abs   ffffffff  ___TI_prof_data_size            
abs   ffffffff  ___TI_prof_data_start           
abs   ffffffff  ___binit__                      
abs   ffffffff  ___c_args__                     
0     00008000  ___cinit__                      
0     00009e1d  ___etext__                      
abs   ffffffff  ___pinit__                      
0     00009000  ___text__                       
0     00009de4  __args_main                     
1     0000a8b4  __lock                          
0     00009e19  __nop                           
0     00009e15  __register_lock                 
0     00009e11  __register_unlock               
1     00000400  __stack                         
0     00009e1c  __system_post_cinit             
0     00009e1a  __system_pre_init               
1     0000a8b6  __unlock                        
1     0000a8a6  _a                              
0     00009da1  _abort                          
1     0000a000  _adcval                         
0     00009a85  _analogToDigitalConverter_init  
0     00009ad9  _analogToDigitalConverter_send  
1     0000a014  _b_delay                        
1     0000a01a  _b_width                        
1     00140000  _bufferForInterpolation         
0     00009c82  _c_int00                        
1     0000a006  _carrier                        
1     0000a008  _carrier2                       
1     0000a00a  _carrier3                       
1     0000a003  _changeDir                      
0     0000975b  _changeFrequency                
0     00009841  _checkSwitches                  
1     00100000  _circularBuffer                 
1     0000a020  _circularBuffer2                
0     00009cd8  _copy_in                        
0     00009b6c  _cos                            
0     00009b6c  _cosf                           
1     0000a02c  _cp                             
0     00009dca  _ddcopy                         
0     000098df  _decimation                     
1     0000a002  _delay1                         
1     0000a004  _delay2                         
0     0000963a  _delayAdjust                    
0     00009bcd  _digitalToAnalogConverter_init  
0     00009c20  _digitalToAnalogConverter_send  
0     00009dca  _dpcopy                         
0     0000999a  _enable_timer12                 
0     00009961  _enable_timer_interrupt         
0     000094e0  _equation                       
0     00009da3  _exit                           
1     0000a022  _frac                           
0     00009d63  _frequency10Khz                 
1     0000a080  _hamming                        
1     0000a8a2  _i                              
1     0000a024  _indexNum                       
1     0000a040  _initLCD                        
0     00009975  _internalADC_init               
0     00009913  _interpolation                  
1     0000a8ac  _k                              
1     0000a89e  _l                              
1     0000a001  _m                              
0     000099be  _main                           
1     0000a89c  _mixedSample                    
1     0000a01c  _mod                            
1     0000a018  _modfreq                        
1     0000a8a8  _n                              
1     0000a00e  _offset1                        
1     0000a010  _offset2                        
1     0000a89a  _p                              
0     00009dca  _pdcopy                         
0     00009dca  _ppcopy                         
1     0000a8b9  _reset                          
0     0000930c  _rsvd_ISR                       
0     00009316  _sample_time                    
1     0000a8a4  _select                         
0     00009c2a  _sin                            
0     00009c2a  _sinf                           
1     0000a899  _startAgain                     
1     0000a8b8  _stateFlag                      
1     0000a8a0  _t                              
1     0000a898  _temp                           
0     0000994c  _timer_init                     
1     0000a028  _twoLine                        
0     00009839  _useGpio                        
1     0000a016  _vib_delay                      
1     0000a026  _width                          
1     0000a012  _x                              
1     0000a8aa  _z                              
1     0000a01e  _zeiger                         
abs   ffffffff  binit                           
0     00008000  cinit                           
0     00009e1d  etext                           
abs   ffffffff  pinit                           


GLOBAL SYMBOLS: SORTED BY Symbol Address 

page  address   name                            
----  -------   ----                            
0     00008000  ___cinit__                      
0     00008000  cinit                           
0     000088a9  _DSP28x_usDelay                 
0     00009000  .text                           
0     00009000  _INT13_ISR                      
0     00009000  ___text__                       
0     0000900a  _INT14_ISR                      
0     00009014  _DATALOG_ISR                    
0     0000901e  _RTOSINT_ISR                    
0     00009028  _EMUINT_ISR                     
0     00009032  _NMI_ISR                        
0     0000903c  _ILLEGAL_ISR                    
0     00009046  _USER1_ISR                      
0     00009050  _USER2_ISR                      
0     0000905a  _USER3_ISR                      
0     00009064  _USER4_ISR                      
0     0000906e  _USER5_ISR                      
0     00009078  _USER6_ISR                      
0     00009082  _USER7_ISR                      
0     0000908c  _USER8_ISR                      
0     00009096  _USER9_ISR                      
0     000090a0  _USER10_ISR                     
0     000090aa  _USER11_ISR                     
0     000090b4  _USER12_ISR                     
0     000090be  _SEQ1INT_ISR                    
0     000090c8  _SEQ2INT_ISR                    
0     000090d2  _XINT1_ISR                      
0     000090dc  _XINT2_ISR                      
0     000090e6  _ADCINT_ISR                     
0     000090f0  _TINT0_ISR                      
0     000090fa  _WAKEINT_ISR                    
0     00009104  _EPWM1_TZINT_ISR                
0     0000910e  _EPWM2_TZINT_ISR                
0     00009118  _EPWM3_TZINT_ISR                
0     00009122  _EPWM4_TZINT_ISR                
0     0000912c  _EPWM5_TZINT_ISR                
0     00009136  _EPWM6_TZINT_ISR                
0     00009140  _EPWM1_INT_ISR                  
0     0000914a  _EPWM2_INT_ISR                  
0     00009154  _EPWM3_INT_ISR                  
0     0000915e  _EPWM4_INT_ISR                  
0     00009168  _EPWM5_INT_ISR                  
0     00009172  _EPWM6_INT_ISR                  
0     0000917c  _ECAP1_INT_ISR                  
0     00009186  _ECAP2_INT_ISR                  
0     00009190  _ECAP3_INT_ISR                  
0     0000919a  _ECAP4_INT_ISR                  
0     000091a4  _ECAP5_INT_ISR                  
0     000091ae  _ECAP6_INT_ISR                  
0     000091b8  _EQEP1_INT_ISR                  
0     000091c2  _EQEP2_INT_ISR                  
0     000091cc  _SPIRXINTA_ISR                  
0     000091d6  _SPITXINTA_ISR                  
0     000091e0  _MRINTB_ISR                     
0     000091ea  _MXINTB_ISR                     
0     000091f4  _MRINTA_ISR                     
0     000091fe  _MXINTA_ISR                     
0     00009208  _DINTCH1_ISR                    
0     00009212  _DINTCH2_ISR                    
0     0000921c  _DINTCH3_ISR                    
0     00009226  _DINTCH4_ISR                    
0     00009230  _DINTCH5_ISR                    
0     0000923a  _DINTCH6_ISR                    
0     00009244  _I2CINT1A_ISR                   
0     0000924e  _I2CINT2A_ISR                   
0     00009258  _SCIRXINTC_ISR                  
0     00009262  _SCITXINTC_ISR                  
0     0000926c  _SCIRXINTA_ISR                  
0     00009276  _SCITXINTA_ISR                  
0     00009280  _SCIRXINTB_ISR                  
0     0000928a  _SCITXINTB_ISR                  
0     00009294  _ECAN0INTA_ISR                  
0     0000929e  _ECAN1INTA_ISR                  
0     000092a8  _ECAN0INTB_ISR                  
0     000092b2  _ECAN1INTB_ISR                  
0     000092bc  _XINT3_ISR                      
0     000092c6  _XINT4_ISR                      
0     000092d0  _XINT5_ISR                      
0     000092da  _XINT6_ISR                      
0     000092e4  _XINT7_ISR                      
0     000092ee  _LVF_ISR                        
0     000092f8  _LUF_ISR                        
0     00009302  _PIE_RESERVED                   
0     0000930c  _rsvd_ISR                       
0     00009316  _sample_time                    
0     000094e0  _equation                       
0     0000963a  _delayAdjust                    
0     00009663  _InitSysCtrl                    
0     0000966c  _ServiceDog                     
0     00009676  _DisableDog                     
0     0000967e  _InitPll                        
0     000096cf  _InitPeripheralClocks           
0     0000972a  _CsmUnlock                      
0     0000975b  _changeFrequency                
0     00009839  _useGpio                        
0     00009841  _checkSwitches                  
0     000098df  _decimation                     
0     00009913  _interpolation                  
0     0000994c  _timer_init                     
0     00009961  _enable_timer_interrupt         
0     00009975  _internalADC_init               
0     0000999a  _enable_timer12                 
0     000099be  _main                           
0     000099fd  FS$$DIV                         
0     00009a85  _analogToDigitalConverter_init  
0     00009ad9  _analogToDigitalConverter_send  
0     00009af9  _InitCpuTimers                  
0     00009b32  _ConfigCpuTimer                 
0     00009b6c  _cos                            
0     00009b6c  _cosf                           
0     00009bcd  _digitalToAnalogConverter_init  
0     00009c20  _digitalToAnalogConverter_send  
0     00009c2a  _sin                            
0     00009c2a  _sinf                           
0     00009c82  _c_int00                        
0     00009cd8  _copy_in                        
0     00009d1e  _Sram_init                      
0     00009d63  _frequency10Khz                 
0     00009da1  C$$EXIT                         
0     00009da1  _abort                          
0     00009da3  _exit                           
0     00009dca  _ddcopy                         
0     00009dca  _dpcopy                         
0     00009dca  _pdcopy                         
0     00009dca  _ppcopy                         
0     00009de4  __args_main                     
0     00009dfd  _InitAdc                        
0     00009e11  __register_unlock               
0     00009e15  __register_lock                 
0     00009e19  __nop                           
0     00009e1a  __system_pre_init               
0     00009e1c  __system_post_cinit             
0     00009e1d  ___etext__                      
0     00009e1d  etext                           
0     00380080  _ADC_cal                        
1     00000400  __stack                         
1     00000700  __STACK_END                     
1     00000880  _DevEmuRegs                     
1     00000a80  _FlashRegs                      
1     00000ae0  _CsmRegs                        
1     00000b00  _AdcMirror                      
1     00000b20  _XintfRegs                      
1     00000c00  _CpuTimer0Regs                  
1     00000c08  _CpuTimer1Regs                  
1     00000c10  _CpuTimer2Regs                  
1     00000ce0  _PieCtrlRegs                    
1     00000d00  _PieVectTable                   
1     00001000  _DmaRegs                        
1     00005000  _McbspaRegs                     
1     00005040  _McbspbRegs                     
1     00006000  _ECanaRegs                      
1     00006040  _ECanaLAMRegs                   
1     00006080  _ECanaMOTSRegs                  
1     000060c0  _ECanaMOTORegs                  
1     00006100  _ECanaMboxes                    
1     00006200  _ECanbRegs                      
1     00006240  _ECanbLAMRegs                   
1     00006280  _ECanbMOTSRegs                  
1     000062c0  _ECanbMOTORegs                  
1     00006300  _ECanbMboxes                    
1     00006800  _EPwm1Regs                      
1     00006840  _EPwm2Regs                      
1     00006880  _EPwm3Regs                      
1     000068c0  _EPwm4Regs                      
1     00006900  _EPwm5Regs                      
1     00006940  _EPwm6Regs                      
1     00006a00  _ECap1Regs                      
1     00006a20  _ECap2Regs                      
1     00006a40  _ECap3Regs                      
1     00006a60  _ECap4Regs                      
1     00006a80  _ECap5Regs                      
1     00006aa0  _ECap6Regs                      
1     00006b00  _EQep1Regs                      
1     00006b40  _EQep2Regs                      
1     00006f80  _GpioCtrlRegs                   
1     00006fc0  _GpioDataRegs                   
1     00006fe0  _GpioIntRegs                    
1     00007010  _SysCtrlRegs                    
1     00007040  _SpiaRegs                       
1     00007050  _SciaRegs                       
1     00007070  _XIntruptRegs                   
1     00007100  _AdcRegs                        
1     00007750  _ScibRegs                       
1     00007770  _ScicRegs                       
1     00007900  _I2caRegs                       
1     0000a000  _adcval                         
1     0000a001  _m                              
1     0000a002  _delay1                         
1     0000a003  _changeDir                      
1     0000a004  _delay2                         
1     0000a006  _carrier                        
1     0000a008  _carrier2                       
1     0000a00a  _carrier3                       
1     0000a00c  _Output                         
1     0000a00e  _offset1                        
1     0000a010  _offset2                        
1     0000a012  _x                              
1     0000a014  _b_delay                        
1     0000a016  _vib_delay                      
1     0000a018  _modfreq                        
1     0000a01a  _b_width                        
1     0000a01c  _mod                            
1     0000a01e  _zeiger                         
1     0000a020  _circularBuffer2                
1     0000a022  _frac                           
1     0000a024  _indexNum                       
1     0000a026  _width                          
1     0000a028  _twoLine                        
1     0000a02c  _cp                             
1     0000a040  _initLCD                        
1     0000a080  _hamming                        
1     0000a880  _CpuTimer1                      
1     0000a888  _CpuTimer2                      
1     0000a890  _CpuTimer0                      
1     0000a898  _temp                           
1     0000a899  _startAgain                     
1     0000a89a  _p                              
1     0000a89c  _mixedSample                    
1     0000a89e  _l                              
1     0000a8a0  _t                              
1     0000a8a2  _i                              
1     0000a8a4  _select                         
1     0000a8a6  _a                              
1     0000a8a8  _n                              
1     0000a8aa  _z                              
1     0000a8ac  _k                              
1     0000a8ae  ___TI_enable_exit_profile_output
1     0000a8b0  ___TI_cleanup_ptr               
1     0000a8b2  ___TI_dtors_ptr                 
1     0000a8b4  __lock                          
1     0000a8b6  __unlock                        
1     0000a8b8  _stateFlag                      
1     0000a8b9  _reset                          
1     00100000  _circularBuffer                 
1     00140000  _bufferForInterpolation         
1     0033fff8  _CsmPwl                         
1     00380090  _PartIdRegs                     
abs   00000300  __STACK_SIZE                    
abs   ffffffff  ___TI_pprof_out_hndl            
abs   ffffffff  ___TI_prof_data_size            
abs   ffffffff  ___TI_prof_data_start           
abs   ffffffff  ___binit__                      
abs   ffffffff  ___c_args__                     
abs   ffffffff  ___pinit__                      
abs   ffffffff  binit                           
abs   ffffffff  pinit                           

[246 symbols]
