******************************************************************************
             TMS320C2000 Linker PC v16.6.0                     
******************************************************************************
>> Linked Mon Sep 26 12:20:41 2016

OUTPUT FILE NAME:   <Lab1_Quiz.out>
ENTRY POINT SYMBOL: "_c_int00"  address: 00009000


MEMORY CONFIGURATION

         name            origin    length      used     unused   attr    fill
----------------------  --------  ---------  --------  --------  ----  --------
PAGE 0:
  BEGIN                 00000000   00000002  00000000  00000002  RWIX
  RAMM0                 00000050   000003b0  00000000  000003b0  RWIX
  RAML0                 00008000   00001000  00000005  00000ffb  RWIX
  RAML1                 00009000   00001000  0000086f  00000791  RWIX
  RAML2                 0000a000   00001000  00000000  00001000  RWIX
  RAML3                 0000b000   00001000  00000000  00001000  RWIX
  ZONE7A                00200000   0000fc00  00000000  0000fc00  RWIX
  CSM_RSVD              0033ff80   00000076  00000000  00000076  RWIX
  CSM_PWL               0033fff8   00000008  00000000  00000008  RWIX
  ADC_CAL               00380080   00000009  00000000  00000009  RWIX
  IQTABLES              003fe000   00000b50  00000000  00000b50  RWIX
  IQTABLES2             003feb50   0000008c  00000000  0000008c  RWIX
  FPUTABLES             003febdc   000006a0  00000000  000006a0  RWIX
  BOOTROM               003ff27c   00000d44  00000000  00000d44  RWIX
  RESET                 003fffc0   00000002  00000000  00000002  RWIX

PAGE 1:
  BOOT_RSVD             00000002   0000004e  00000000  0000004e  RWIX
  RAMM1                 00000400   00000400  00000000  00000400  RWIX
  RAML4                 0000c000   00001000  00000008  00000ff8  RWIX
  RAML5                 0000d000   00001000  00000000  00001000  RWIX
  RAML6                 0000e000   00001000  00000000  00001000  RWIX
  RAML7                 0000f000   00001000  00000030  00000fd0  RWIX
  ZONE7B                0020fc00   00000400  00000000  00000400  RWIX


SECTION ALLOCATION MAP

 output                                  attributes/
section   page    origin      length       input sections
--------  ----  ----------  ----------   ----------------
.cinit     0    00008000    00000005     
                  00008000    00000005     Quiz.obj (.cinit)

.text      0    00009000    0000086f     
                  00009000    0000086f     Quiz.obj (.text)

.pinit     0    00008000    00000000     UNINITIALIZED

.ebss      1    0000c000    00000008     UNINITIALIZED
                  0000c000    00000004     Quiz.obj (.ebss)
                  0000c004    00000004     Quiz2.obj (.ebss)

DMARAML7   1    0000f000    00000030     
                  0000f000    00000030     Quiz2.obj (DMARAML7)

.reset     0    003fffc0    00000000     DSECT

csm_rsvd   0    0033ff80    00000000     DSECT

csmpasswds 
*          0    0033fff8    00000000     DSECT

MODULE SUMMARY

       Module         code   ro data   rw data
       ------         ----   -------   -------
    .\
       Quiz.obj       2159   0         9      
       Quiz2.obj      0      0         52     
    +--+--------------+------+---------+---------+
       Total:         2159   0         61     
                                              
    +--+--------------+------+---------+---------+
       Grand Total:   2159   0         61     


GLOBAL DATA SYMBOLS: SORTED BY DATA PAGE

address     data page           name
--------    ----------------    ----
0000c004     300 (0000c000)     Min_Value
0000c006     300 (0000c000)     Max_Value

0000f000     3c0 (0000f000)     Quiz_Values
0000f02e     3c0 (0000f000)     Quiz_Values_Length


GLOBAL SYMBOLS: SORTED ALPHABETICALLY BY Name 

page  address   name                 
----  -------   ----                 
0     00009000  .text                
1     0000c006  Max_Value            
1     0000c004  Min_Value            
1     0000f000  Quiz_Values          
1     0000f02e  Quiz_Values_Length   
abs   ffffffff  ___TI_pprof_out_hndl 
abs   ffffffff  ___TI_prof_data_size 
abs   ffffffff  ___TI_prof_data_start
abs   ffffffff  ___binit__           
abs   ffffffff  ___c_args__          
0     00008000  ___cinit__           
0     0000986f  ___etext__           
abs   ffffffff  ___pinit__           
0     00009000  ___text__            
0     00009000  _c_int00             
abs   ffffffff  binit                
0     00008000  cinit                
0     0000986f  etext                
abs   ffffffff  pinit                


GLOBAL SYMBOLS: SORTED BY Symbol Address 

page  address   name                 
----  -------   ----                 
0     00008000  ___cinit__           
0     00008000  cinit                
0     00009000  .text                
0     00009000  ___text__            
0     00009000  _c_int00             
0     0000986f  ___etext__           
0     0000986f  etext                
1     0000c004  Min_Value            
1     0000c006  Max_Value            
1     0000f000  Quiz_Values          
1     0000f02e  Quiz_Values_Length   
abs   ffffffff  ___TI_pprof_out_hndl 
abs   ffffffff  ___TI_prof_data_size 
abs   ffffffff  ___TI_prof_data_start
abs   ffffffff  ___binit__           
abs   ffffffff  ___c_args__          
abs   ffffffff  ___pinit__           
abs   ffffffff  binit                
abs   ffffffff  pinit                

[19 symbols]
